[2025-08-19 15:47:36] REQUEST_START RID=4a197ebaab7af0aa UID=3 IP=2a01:e0a:992:1730:845c:b73c:ce7c:eaa3 GET /accueil.php | Début de traitement | GET{} POST{}
[2025-08-19 15:47:37] REQUEST_START RID=902c5032df56c9f0 UID=3 IP=2a01:e0a:992:1730:845c:b73c:ce7c:eaa3 GET /accueil.php | Début de traitement | GET{} POST{}
[2025-08-19 15:47:38] REQUEST_START RID=b3a8f440eb2df5ed UID=3 IP=2a01:e0a:992:1730:845c:b73c:ce7c:eaa3 GET /api/ggd/check_ggd_info.php | Début de traitement | GET{} POST{}
[2025-08-19 15:47:41] REQUEST_START RID=a19035f071d7c322 UID=3 IP=2a01:e0a:992:1730:845c:b73c:ce7c:eaa3 GET /accueil.php | Début de traitement | GET{} POST{}
[2025-08-19 15:47:43] REQUEST_START RID=82f34dea88daa854 UID=3 IP=2a01:e0a:992:1730:845c:b73c:ce7c:eaa3 GET /api/ggd/check_ggd_info.php | Début de traitement | GET{} POST{}
[2025-08-19 15:51:55] REQUEST_START RID=3d58a58bd81986f7 UID=3 IP=2a01:e0a:992:1730:845c:b73c:ce7c:eaa3 GET /accueil.php | Début de traitement | GET{} POST{}
[2025-08-19 15:51:56] REQUEST_START RID=7e03ff009aa19665 UID=3 IP=2a01:e0a:992:1730:845c:b73c:ce7c:eaa3 GET /api/natinf/redirect_natinf.php | Début de traitement | GET{} POST{}
[2025-08-19 15:51:56] REQUEST_START RID=ed514ae7841af40b UID=3 IP=2a01:e0a:992:1730:845c:b73c:ce7c:eaa3 GET /pages/user/natinfs_updated.php | Début de traitement | GET{} POST{}
[2025-08-19 15:51:56] REQUEST_START RID=6bc4b0e35717d13d UID=3 IP=2a01:e0a:992:1730:845c:b73c:ce7c:eaa3 GET /api/ggd/check_ggd_info.php | Début de traitement | GET{} POST{}
[2025-08-19 15:51:57] REQUEST_START RID=3dc4a88bfaa20c6a UID=3 IP=2a01:e0a:992:1730:845c:b73c:ce7c:eaa3 GET /api/favorites/get_favorites.php | Début de traitement | GET{} POST{}
[2025-08-19 15:51:57] REQUEST_START RID=431cf4cfda93e810 UID=3 IP=2a01:e0a:992:1730:845c:b73c:ce7c:eaa3 GET /api/favorites/get_favorites.php | Début de traitement | GET{} POST{}
[2025-08-19 15:51:57] REQUEST_START RID=c901698d921ab367 UID=3 IP=2a01:e0a:992:1730:845c:b73c:ce7c:eaa3 GET /pages/user/natinfs_simple.php | Début de traitement | GET{} POST{}
[2025-08-19 15:53:53] REQUEST_START RID=f0f8cdb7fa540563 UID=3 IP=2a01:e0a:992:1730:845c:b73c:ce7c:eaa3 GET /accueil.php | Début de traitement | GET{} POST{}
[2025-08-19 15:53:54] REQUEST_START RID=5c5fb226ef19f1f1 UID=3 IP=2a01:e0a:992:1730:845c:b73c:ce7c:eaa3 GET /api/ggd/check_ggd_info.php | Début de traitement | GET{} POST{}
[2025-08-19 15:53:54] REQUEST_START RID=ef6f39b364487161 UID=3 IP=2a01:e0a:992:1730:845c:b73c:ce7c:eaa3 GET /pages/user/police-route/index.php | Début de traitement | GET{} POST{}
[2025-08-19 15:53:55] REQUEST_START RID=ad8bd58509c1cff3 UID=3 IP=2a01:e0a:992:1730:845c:b73c:ce7c:eaa3 GET /accueil.php | Début de traitement | GET{} POST{}
[2025-08-19 15:53:56] REQUEST_START RID=4d57e1eac35a4ce6 UID=3 IP=2a01:e0a:992:1730:845c:b73c:ce7c:eaa3 GET /api/natinf/redirect_natinf.php | Début de traitement | GET{} POST{}
[2025-08-19 15:53:56] REQUEST_START RID=5e8bad8d7e142e5f UID=3 IP=2a01:e0a:992:1730:845c:b73c:ce7c:eaa3 GET /pages/user/natinfs_updated.php | Début de traitement | GET{} POST{}
[2025-08-19 15:53:57] REQUEST_START RID=50c335b9aef42f2e UID=3 IP=2a01:e0a:992:1730:845c:b73c:ce7c:eaa3 GET /pages/user/natinfs_updated.php | Début de traitement | GET{} POST{}
[2025-08-19 15:53:58] REQUEST_START RID=6d7a550f6a2b7b02 UID=3 IP=2a01:e0a:992:1730:845c:b73c:ce7c:eaa3 GET /api/favorites/get_favorites.php | Début de traitement | GET{} POST{}
[2025-08-19 15:53:58] REQUEST_START RID=059efedb687ae7e4 UID=3 IP=2a01:e0a:992:1730:845c:b73c:ce7c:eaa3 GET /api/favorites/get_favorites.php | Début de traitement | GET{} POST{}
[2025-08-19 15:54:04] REQUEST_START RID=d59266bd5b16deef UID=3 IP=2a01:e0a:992:1730:845c:b73c:ce7c:eaa3 GET /pages/user/natinfs_simple.php | Début de traitement | GET{} POST{}
[2025-08-19 15:54:05] REQUEST_START RID=fc4d97181c7f4e8f UID=3 IP=2a01:e0a:992:1730:845c:b73c:ce7c:eaa3 GET /pages/user/natinfs_simple.php | Début de traitement | GET{} POST{}
[2025-08-19 15:54:05] REQUEST_START RID=480f95c3caf4dee1 UID=3 IP=2a01:e0a:992:1730:845c:b73c:ce7c:eaa3 GET /pages/user/natinfs_simple.php | Début de traitement | GET{} POST{}
[2025-08-19 15:54:06] REQUEST_START RID=14d97c79e6389bc5 UID=3 IP=2a01:e0a:992:1730:845c:b73c:ce7c:eaa3 GET /pages/user/natinfs_simple.php | Début de traitement | GET{} POST{}
[2025-08-19 15:54:06] REQUEST_START RID=5e94d2dada5d6ba1 UID=3 IP=2a01:e0a:992:1730:845c:b73c:ce7c:eaa3 GET /pages/user/natinfs_simple.php | Début de traitement | GET{} POST{}
[2025-08-19 15:54:10] REQUEST_START RID=d2ca5ce8ec59652b UID=3 IP=2a01:e0a:992:1730:845c:b73c:ce7c:eaa3 GET /pages/user/natinfs_simple.php | Début de traitement | GET{} POST{}
[2025-08-19 15:54:11] REQUEST_START RID=e351d60c5cb65fb5 UID=3 IP=2a01:e0a:992:1730:845c:b73c:ce7c:eaa3 GET /pages/user/natinfs_simple.php | Début de traitement | GET{} POST{}
[2025-08-19 15:54:12] REQUEST_START RID=807dd77afc812674 UID=3 IP=2a01:e0a:992:1730:845c:b73c:ce7c:eaa3 GET /pages/user/natinfs_simple.php | Début de traitement | GET{} POST{}
[2025-08-19 15:54:12] REQUEST_START RID=6999ad3771287005 UID=3 IP=2a01:e0a:992:1730:845c:b73c:ce7c:eaa3 GET /pages/user/natinfs_simple.php | Début de traitement | GET{} POST{}
[2025-08-19 15:54:12] REQUEST_START RID=d17b15209355fd8e UID=3 IP=2a01:e0a:992:1730:845c:b73c:ce7c:eaa3 GET /pages/user/natinfs_simple.php | Début de traitement | GET{} POST{}
[2025-08-19 15:54:12] REQUEST_START RID=8b6af5a9cd66bb91 UID=3 IP=2a01:e0a:992:1730:845c:b73c:ce7c:eaa3 GET /pages/user/natinfs_simple.php | Début de traitement | GET{} POST{}
[2025-08-19 15:54:13] REQUEST_START RID=ece69f6142b093eb UID=3 IP=2a01:e0a:992:1730:845c:b73c:ce7c:eaa3 GET /pages/user/natinfs_simple.php | Début de traitement | GET{} POST{}
[2025-08-19 16:04:00] REQUEST_START RID=d5cc3a884b184d24 UID=3 IP=2a01:e0a:992:1730:845c:b73c:ce7c:eaa3 GET /pages/user/natinfs_simple.php | Début de traitement | GET{} POST{}
[2025-08-19 16:04:01] REQUEST_START RID=5d6cb621b8cffa3e UID=3 IP=2a01:e0a:992:1730:845c:b73c:ce7c:eaa3 GET /pages/user/natinfs_simple.php | Début de traitement | GET{} POST{}
[2025-08-19 16:04:02] REQUEST_START RID=fab1e3844d5e20f8 UID=3 IP=2a01:e0a:992:1730:845c:b73c:ce7c:eaa3 GET /pages/user/natinfs_simple.php | Début de traitement | GET{} POST{}
[2025-08-19 16:04:02] REQUEST_START RID=1c3683cda1a54ffd UID=3 IP=2a01:e0a:992:1730:845c:b73c:ce7c:eaa3 GET /pages/user/natinfs_simple.php | Début de traitement | GET{} POST{}
[2025-08-19 16:04:03] REQUEST_START RID=396543cb70040999 UID=3 IP=2a01:e0a:992:1730:845c:b73c:ce7c:eaa3 GET /pages/user/natinfs_simple.php | Début de traitement | GET{} POST{}
[2025-08-19 16:04:03] REQUEST_START RID=121ef305d913e62e UID=3 IP=2a01:e0a:992:1730:845c:b73c:ce7c:eaa3 GET /pages/user/natinfs_simple.php | Début de traitement | GET{} POST{}
[2025-08-19 16:04:04] REQUEST_START RID=2ac75f0785f44e1d UID=3 IP=2a01:e0a:992:1730:845c:b73c:ce7c:eaa3 GET /pages/user/natinfs_simple.php | Début de traitement | GET{} POST{}
[2025-08-19 16:04:14] REQUEST_START RID=be5044c152d7d43e UID=3 IP=2a01:e0a:992:1730:845c:b73c:ce7c:eaa3 GET /pages/user/natinfs_simple.php | Début de traitement | GET{} POST{}
[2025-08-19 16:04:15] REQUEST_START RID=9231fe9c32a335eb UID=3 IP=2a01:e0a:992:1730:845c:b73c:ce7c:eaa3 GET /pages/user/natinfs_simple.php | Début de traitement | GET{} POST{}
[2025-08-19 16:04:36] REQUEST_START RID=5b80e65d625991f3 UID=3 IP=2a01:e0a:992:1730:845c:b73c:ce7c:eaa3 GET /pages/user/natinfs_simple.php | Début de traitement | GET{} POST{}
[2025-08-19 16:05:33] REQUEST_START RID=3da23a95c602e73f UID=3 IP=2a01:e0a:992:1730:845c:b73c:ce7c:eaa3 GET /pages/user/natinfs_simple.php | Début de traitement | GET{} POST{}
[2025-08-19 16:05:35] REQUEST_START RID=a41f928bf3d63a9c UID=3 IP=2a01:e0a:992:1730:845c:b73c:ce7c:eaa3 GET /accueil.php | Début de traitement | GET{} POST{}
[2025-08-19 16:05:36] REQUEST_START RID=4713ed0cba0cfa6b UID=3 IP=2a01:e0a:992:1730:845c:b73c:ce7c:eaa3 GET /api/ggd/check_ggd_info.php | Début de traitement | GET{} POST{}
[2025-08-19 16:05:36] REQUEST_START RID=83a79b5309882d2f UID=3 IP=2a01:e0a:992:1730:845c:b73c:ce7c:eaa3 GET /pages/user/police-route/index.php | Début de traitement | GET{} POST{}
[2025-08-19 16:05:37] REQUEST_START RID=9c192e8a774a1344 UID=3 IP=2a01:e0a:992:1730:845c:b73c:ce7c:eaa3 GET /accueil.php | Début de traitement | GET{} POST{}
[2025-08-19 16:05:38] REQUEST_START RID=9d76c2c36705cdea UID=3 IP=2a01:e0a:992:1730:845c:b73c:ce7c:eaa3 GET /api/natinf/redirect_natinf.php | Début de traitement | GET{} POST{}
[2025-08-19 16:05:38] REQUEST_START RID=98d114c012033731 UID=3 IP=2a01:e0a:992:1730:845c:b73c:ce7c:eaa3 GET /pages/user/natinfs_updated.php | Début de traitement | GET{} POST{}
[2025-08-19 16:05:39] REQUEST_START RID=c267be536c5c4e83 UID=3 IP=2a01:e0a:992:1730:845c:b73c:ce7c:eaa3 GET /pages/user/natinfs_simple.php | Début de traitement | GET{} POST{}
[2025-08-19 16:11:14] REQUEST_START RID=440fb6debb40b216 UID=3 IP=2a01:e0a:992:1730:845c:b73c:ce7c:eaa3 GET /pages/user/natinfs_simple.php | Début de traitement | GET{} POST{}
[2025-08-19 16:11:15] REQUEST_START RID=b6e721808cc5ea96 UID=3 IP=2a01:e0a:992:1730:845c:b73c:ce7c:eaa3 GET /pages/user/natinfs_simple.php | Début de traitement | GET{} POST{}
[2025-08-19 16:11:16] REQUEST_START RID=1903c8508a53c811 UID=3 IP=2a01:e0a:992:1730:845c:b73c:ce7c:eaa3 GET /pages/user/natinfs_simple.php | Début de traitement | GET{} POST{}
[2025-08-19 16:16:39] REQUEST_START RID=8fe487882efa77d3 UID=3 IP=2a01:e0a:992:1730:845c:b73c:ce7c:eaa3 GET /pages/user/natinfs_simple.php | Début de traitement | GET{} POST{}
[2025-08-19 16:16:45] REQUEST_START RID=c0e0d566cf25cc42 UID=3 IP=2a01:e0a:992:1730:845c:b73c:ce7c:eaa3 GET /pages/user/natinfs_simple.php | Début de traitement | GET{} POST{}
[2025-08-19 16:16:46] REQUEST_START RID=fe78e51371532a3d UID=3 IP=2a01:e0a:992:1730:845c:b73c:ce7c:eaa3 GET /pages/user/natinfs_simple.php | Début de traitement | GET{} POST{}
[2025-08-19 16:16:47] REQUEST_START RID=7d14e7ef406b7b92 UID=3 IP=2a01:e0a:992:1730:845c:b73c:ce7c:eaa3 GET /pages/user/natinfs_simple.php | Début de traitement | GET{} POST{}
[2025-08-19 16:16:48] REQUEST_START RID=fa220a31356b34ef UID=3 IP=2a01:e0a:992:1730:845c:b73c:ce7c:eaa3 GET /pages/user/natinfs_simple.php | Début de traitement | GET{} POST{}
[2025-08-19 16:34:21] REQUEST_START RID=c937f36ac23c0f8e UID=3 IP=2a01:e0a:992:1730:845c:b73c:ce7c:eaa3 GET /accueil.php | Début de traitement | GET{} POST{}
[2025-08-19 16:34:22] REQUEST_START RID=5e0398932553a230 UID=3 IP=2a01:e0a:992:1730:845c:b73c:ce7c:eaa3 GET /api/ggd/check_ggd_info.php | Début de traitement | GET{} POST{}
[2025-08-19 16:34:24] REQUEST_START RID=4fdb3ab7caa91f84 UID=3 IP=2a01:e0a:992:1730:845c:b73c:ce7c:eaa3 GET /pages/user/police-route/index.php | Début de traitement | GET{} POST{}
[2025-08-19 16:34:25] REQUEST_START RID=b535cf47d24275f8 UID=3 IP=2a01:e0a:992:1730:845c:b73c:ce7c:eaa3 GET /accueil.php | Début de traitement | GET{} POST{}
[2025-08-19 16:34:25] REQUEST_START RID=37c63fbe18db0501 UID=3 IP=2a01:e0a:992:1730:845c:b73c:ce7c:eaa3 GET /pages/user/natinfs_contrib.php | Début de traitement | GET{} POST{}
[2025-08-19 16:34:25] REQUEST_START RID=1f7e9916402777cf UID=3 IP=2a01:e0a:992:1730:845c:b73c:ce7c:eaa3 GET /pages/user/api/natinf/get_contrib_natinfs.php?page=1&search=&filter=all&limit=10 | Début de traitement | GET{page=1 | search= | filter=all | limit=10} POST{}
[2025-08-19 16:34:27] REQUEST_START RID=1972d28ff9dd5699 UID=3 IP=2a01:e0a:992:1730:845c:b73c:ce7c:eaa3 GET /pages/user/natinfs_contrib.php | Début de traitement | GET{} POST{}
[2025-08-19 16:34:27] REQUEST_START RID=a479c7bf2a5881fd UID=3 IP=2a01:e0a:992:1730:845c:b73c:ce7c:eaa3 GET /pages/user/api/natinf/get_contrib_natinfs.php?page=1&search=&filter=all&limit=10 | Début de traitement | GET{page=1 | search= | filter=all | limit=10} POST{}
[2025-08-19 16:44:02] REQUEST_START RID=a4b850f5ec28a0f8 UID=3 IP=2a01:e0a:992:1730:845c:b73c:ce7c:eaa3 GET /logs_view.php | Début de traitement | GET{} POST{}
[2025-08-19 16:44:02] EXCEPTION RID=a4b850f5ec28a0f8 UID=3 IP=2a01:e0a:992:1730:845c:b73c:ce7c:eaa3 GET /logs_view.php | Call to undefined function getDB() (logs_view.php:9) | GET{} POST{}
[2025-08-19 16:44:21] REQUEST_START RID=ad01d53771e75842 UID=3 IP=2a01:e0a:992:1730:845c:b73c:ce7c:eaa3 GET /pages/user/natinfs_contrib.php | Début de traitement | GET{} POST{}
[2025-08-19 16:44:22] REQUEST_START RID=3815ba3ab1493e75 UID=3 IP=2a01:e0a:992:1730:845c:b73c:ce7c:eaa3 GET /pages/user/api/natinf/get_contrib_natinfs.php?page=1&search=&filter=all&limit=10 | Début de traitement | GET{page=1 | search= | filter=all | limit=10} POST{}
[2025-08-19 16:44:22] REQUEST_START RID=c2559be3515bd534 UID=3 IP=2a01:e0a:992:1730:845c:b73c:ce7c:eaa3 GET /pages/user/natinfs_contrib.php | Début de traitement | GET{} POST{}
[2025-08-19 16:44:22] REQUEST_START RID=27779eb6691f0670 UID=3 IP=2a01:e0a:992:1730:845c:b73c:ce7c:eaa3 GET /pages/user/api/natinf/get_contrib_natinfs.php?page=1&search=&filter=all&limit=10 | Début de traitement | GET{page=1 | search= | filter=all | limit=10} POST{}
[2025-08-19 16:44:22] REQUEST_START RID=2ea0985a16e2b1b9 UID=3 IP=2a01:e0a:992:1730:845c:b73c:ce7c:eaa3 GET /pages/user/natinfs_contrib.php | Début de traitement | GET{} POST{}
[2025-08-19 16:44:23] REQUEST_START RID=86b33ce99e0b6181 UID=3 IP=2a01:e0a:992:1730:845c:b73c:ce7c:eaa3 GET /pages/user/api/natinf/get_contrib_natinfs.php?page=1&search=&filter=all&limit=10 | Début de traitement | GET{page=1 | search= | filter=all | limit=10} POST{}
[2025-08-19 16:44:23] REQUEST_START RID=9d4adacedc623831 UID=3 IP=2a01:e0a:992:1730:845c:b73c:ce7c:eaa3 GET /pages/user/natinfs_contrib.php | Début de traitement | GET{} POST{}
[2025-08-19 16:44:23] REQUEST_START RID=eb4602e795b4ad86 UID=3 IP=2a01:e0a:992:1730:845c:b73c:ce7c:eaa3 GET /pages/user/api/natinf/get_contrib_natinfs.php?page=1&search=&filter=all&limit=10 | Début de traitement | GET{page=1 | search= | filter=all | limit=10} POST{}
[2025-08-19 16:44:23] REQUEST_START RID=56b644d99b25b257 UID=3 IP=2a01:e0a:992:1730:845c:b73c:ce7c:eaa3 GET /pages/user/natinfs_contrib.php | Début de traitement | GET{} POST{}
[2025-08-19 16:44:23] REQUEST_START RID=fb55073046b67c35 UID=3 IP=2a01:e0a:992:1730:845c:b73c:ce7c:eaa3 GET /pages/user/api/natinf/get_contrib_natinfs.php?page=1&search=&filter=all&limit=10 | Début de traitement | GET{page=1 | search= | filter=all | limit=10} POST{}
[2025-08-19 16:44:30] REQUEST_START RID=82fbf2993c37c42f UID=3 IP=2a01:e0a:992:1730:845c:b73c:ce7c:eaa3 GET /logs_view.php | Début de traitement | GET{} POST{}
[2025-08-19 16:44:30] EXCEPTION RID=82fbf2993c37c42f UID=3 IP=2a01:e0a:992:1730:845c:b73c:ce7c:eaa3 GET /logs_view.php | Call to undefined function getDB() (logs_view.php:9) | GET{} POST{}
[2025-08-19 16:49:43] REQUEST_START RID=13bb60dcbfec83e5 UID=3 IP=2a01:e0a:992:1730:845c:b73c:ce7c:eaa3 GET /logs_view.php | Début de traitement | GET{} POST{}
[2025-08-19 16:55:59] REQUEST_START RID=7e42d3cae3143b66 UID=3 IP=2a01:e0a:992:1730:845c:b73c:ce7c:eaa3 GET /logs_view.php | Début de traitement | GET{} POST{}
[2025-08-19 16:58:10] REQUEST_START RID=25c39e5e6b2ab859 UID=3 IP=2a01:e0a:992:1730:845c:b73c:ce7c:eaa3 GET /logs_view.php?level=WARNING&uid=&ip=&q=&per=50 | Début de traitement | GET{level=WARNING | uid= | ip= | q= | per=50} POST{}
[2025-08-19 16:58:12] REQUEST_START RID=7899dc5affd8773b UID=3 IP=2a01:e0a:992:1730:845c:b73c:ce7c:eaa3 GET /logs_view.php?level=&uid=&ip=&q=&per=50 | Début de traitement | GET{level= | uid= | ip= | q= | per=50} POST{}
[2025-08-19 17:00:14] REQUEST_START RID=aabc4a6533c943c7 UID=3 IP=2a01:e0a:992:1730:845c:b73c:ce7c:eaa3 GET /logs_view.php?level=&uid=&ip=&q=&per=50&clear_cache=1&act=fa4fd9936393a8be912178ef5677e90c65bc379d3ba58f4a6c4fa630f3d1132f | Début de traitement | GET{level= | uid= | ip= | q= | per=50 | clear_cache=1 | act=fa4fd9936393a8be912178ef5677e90c65bc379d3ba58f4a6c4fa630f3d1132f} POST{}
[2025-08-19 17:00:15] REQUEST_START RID=ba8df7fd9baeae41 UID=3 IP=2a01:e0a:992:1730:845c:b73c:ce7c:eaa3 GET /logs_view.php?level=&uid=&ip=&q=&per=50&clear_cache=1&act=fa4fd9936393a8be912178ef5677e90c65bc379d3ba58f4a6c4fa630f3d1132f | Début de traitement | GET{level= | uid= | ip= | q= | per=50 | clear_cache=1 | act=fa4fd9936393a8be912178ef5677e90c65bc379d3ba58f4a6c4fa630f3d1132f} POST{}
[2025-08-19 17:00:16] REQUEST_START RID=bd6e18b9b67be87c UID=3 IP=2a01:e0a:992:1730:845c:b73c:ce7c:eaa3 GET /logs_view.php?level=&uid=&ip=&q=&per=50&clear_cache=1&act=fa4fd9936393a8be912178ef5677e90c65bc379d3ba58f4a6c4fa630f3d1132f | Début de traitement | GET{level= | uid= | ip= | q= | per=50 | clear_cache=1 | act=fa4fd9936393a8be912178ef5677e90c65bc379d3ba58f4a6c4fa630f3d1132f} POST{}
[2025-08-19 17:00:16] REQUEST_START RID=6999047738c69e17 UID=3 IP=2a01:e0a:992:1730:845c:b73c:ce7c:eaa3 GET /logs_view.php?level=&uid=&ip=&q=&per=50&clear_cache=1&act=fa4fd9936393a8be912178ef5677e90c65bc379d3ba58f4a6c4fa630f3d1132f | Début de traitement | GET{level= | uid= | ip= | q= | per=50 | clear_cache=1 | act=fa4fd9936393a8be912178ef5677e90c65bc379d3ba58f4a6c4fa630f3d1132f} POST{}
[2025-08-19 17:00:16] REQUEST_START RID=0f94463d90f84b11 UID=3 IP=2a01:e0a:992:1730:845c:b73c:ce7c:eaa3 GET /logs_view.php?level=&uid=&ip=&q=&per=50&clear_cache=1&act=fa4fd9936393a8be912178ef5677e90c65bc379d3ba58f4a6c4fa630f3d1132f | Début de traitement | GET{level= | uid= | ip= | q= | per=50 | clear_cache=1 | act=fa4fd9936393a8be912178ef5677e90c65bc379d3ba58f4a6c4fa630f3d1132f} POST{}
[2025-08-19 17:00:17] REQUEST_START RID=b97991a206405600 UID=3 IP=2a01:e0a:992:1730:845c:b73c:ce7c:eaa3 GET /logs_view.php?level=&uid=&ip=&q=&per=50&clear_cache=1&act=fa4fd9936393a8be912178ef5677e90c65bc379d3ba58f4a6c4fa630f3d1132f | Début de traitement | GET{level= | uid= | ip= | q= | per=50 | clear_cache=1 | act=fa4fd9936393a8be912178ef5677e90c65bc379d3ba58f4a6c4fa630f3d1132f} POST{}
[2025-08-19 17:00:17] REQUEST_START RID=d09ef44b56f6849f UID=3 IP=2a01:e0a:992:1730:845c:b73c:ce7c:eaa3 GET /logs_view.php?level=&uid=&ip=&q=&per=50&clear_cache=1&act=fa4fd9936393a8be912178ef5677e90c65bc379d3ba58f4a6c4fa630f3d1132f | Début de traitement | GET{level= | uid= | ip= | q= | per=50 | clear_cache=1 | act=fa4fd9936393a8be912178ef5677e90c65bc379d3ba58f4a6c4fa630f3d1132f} POST{}
[2025-08-19 17:00:17] REQUEST_START RID=4e368040f1936878 UID=3 IP=2a01:e0a:992:1730:845c:b73c:ce7c:eaa3 GET /logs_view.php?level=&uid=&ip=&q=&per=50&clear_cache=1&act=fa4fd9936393a8be912178ef5677e90c65bc379d3ba58f4a6c4fa630f3d1132f | Début de traitement | GET{level= | uid= | ip= | q= | per=50 | clear_cache=1 | act=fa4fd9936393a8be912178ef5677e90c65bc379d3ba58f4a6c4fa630f3d1132f} POST{}
[2025-08-19 17:00:17] REQUEST_START RID=1702fd420cb52b52 UID=3 IP=2a01:e0a:992:1730:845c:b73c:ce7c:eaa3 GET /logs_view.php?level=&uid=&ip=&q=&per=50&clear_cache=1&act=fa4fd9936393a8be912178ef5677e90c65bc379d3ba58f4a6c4fa630f3d1132f | Début de traitement | GET{level= | uid= | ip= | q= | per=50 | clear_cache=1 | act=fa4fd9936393a8be912178ef5677e90c65bc379d3ba58f4a6c4fa630f3d1132f} POST{}
[2025-08-19 17:00:17] REQUEST_START RID=07b0f0412a5a22a6 UID=3 IP=2a01:e0a:992:1730:845c:b73c:ce7c:eaa3 GET /logs_view.php?level=&uid=&ip=&q=&per=50&clear_cache=1&act=fa4fd9936393a8be912178ef5677e90c65bc379d3ba58f4a6c4fa630f3d1132f | Début de traitement | GET{level= | uid= | ip= | q= | per=50 | clear_cache=1 | act=fa4fd9936393a8be912178ef5677e90c65bc379d3ba58f4a6c4fa630f3d1132f} POST{}
[2025-08-19 17:00:18] REQUEST_START RID=7b07958d552f91b9 UID=3 IP=2a01:e0a:992:1730:845c:b73c:ce7c:eaa3 GET /logs_view.php?level=&uid=&ip=&q=&per=50&clear_cache=1&act=fa4fd9936393a8be912178ef5677e90c65bc379d3ba58f4a6c4fa630f3d1132f | Début de traitement | GET{level= | uid= | ip= | q= | per=50 | clear_cache=1 | act=fa4fd9936393a8be912178ef5677e90c65bc379d3ba58f4a6c4fa630f3d1132f} POST{}
[2025-08-19 17:00:18] REQUEST_START RID=7aabb6eef8fe559a UID=3 IP=2a01:e0a:992:1730:845c:b73c:ce7c:eaa3 GET /logs_view.php?level=&uid=&ip=&q=&per=50&clear_cache=1&act=fa4fd9936393a8be912178ef5677e90c65bc379d3ba58f4a6c4fa630f3d1132f | Début de traitement | GET{level= | uid= | ip= | q= | per=50 | clear_cache=1 | act=fa4fd9936393a8be912178ef5677e90c65bc379d3ba58f4a6c4fa630f3d1132f} POST{}
[2025-08-19 17:00:18] REQUEST_START RID=10db85da2e1dab15 UID=3 IP=2a01:e0a:992:1730:845c:b73c:ce7c:eaa3 GET /logs_view.php?level=&uid=&ip=&q=&per=50&clear_cache=1&act=fa4fd9936393a8be912178ef5677e90c65bc379d3ba58f4a6c4fa630f3d1132f | Début de traitement | GET{level= | uid= | ip= | q= | per=50 | clear_cache=1 | act=fa4fd9936393a8be912178ef5677e90c65bc379d3ba58f4a6c4fa630f3d1132f} POST{}
[2025-08-19 17:00:18] REQUEST_START RID=f664477fd2660d65 UID=3 IP=2a01:e0a:992:1730:845c:b73c:ce7c:eaa3 GET /logs_view.php?level=&uid=&ip=&q=&per=50&clear_cache=1&act=fa4fd9936393a8be912178ef5677e90c65bc379d3ba58f4a6c4fa630f3d1132f | Début de traitement | GET{level= | uid= | ip= | q= | per=50 | clear_cache=1 | act=fa4fd9936393a8be912178ef5677e90c65bc379d3ba58f4a6c4fa630f3d1132f} POST{}
[2025-08-19 17:00:18] REQUEST_START RID=fe9898cb6a6dde37 UID=3 IP=2a01:e0a:992:1730:845c:b73c:ce7c:eaa3 GET /logs_view.php?level=&uid=&ip=&q=&per=50&clear_cache=1&act=fa4fd9936393a8be912178ef5677e90c65bc379d3ba58f4a6c4fa630f3d1132f | Début de traitement | GET{level= | uid= | ip= | q= | per=50 | clear_cache=1 | act=fa4fd9936393a8be912178ef5677e90c65bc379d3ba58f4a6c4fa630f3d1132f} POST{}
[2025-08-19 17:00:18] REQUEST_START RID=bf0f4c660e82c9f1 UID=3 IP=2a01:e0a:992:1730:845c:b73c:ce7c:eaa3 GET /logs_view.php?level=&uid=&ip=&q=&per=50&clear_cache=1&act=fa4fd9936393a8be912178ef5677e90c65bc379d3ba58f4a6c4fa630f3d1132f | Début de traitement | GET{level= | uid= | ip= | q= | per=50 | clear_cache=1 | act=fa4fd9936393a8be912178ef5677e90c65bc379d3ba58f4a6c4fa630f3d1132f} POST{}
[2025-08-19 17:00:19] REQUEST_START RID=563c1477e1ad7ca6 UID=3 IP=2a01:e0a:992:1730:845c:b73c:ce7c:eaa3 GET /logs_view.php?level=&uid=&ip=&q=&per=50&clear_cache=1&act=fa4fd9936393a8be912178ef5677e90c65bc379d3ba58f4a6c4fa630f3d1132f | Début de traitement | GET{level= | uid= | ip= | q= | per=50 | clear_cache=1 | act=fa4fd9936393a8be912178ef5677e90c65bc379d3ba58f4a6c4fa630f3d1132f} POST{}
[2025-08-19 17:00:19] REQUEST_START RID=5a6669eb6e9a7e3f UID=3 IP=2a01:e0a:992:1730:845c:b73c:ce7c:eaa3 GET /logs_view.php?level=&uid=&ip=&q=&per=50&clear_cache=1&act=fa4fd9936393a8be912178ef5677e90c65bc379d3ba58f4a6c4fa630f3d1132f | Début de traitement | GET{level= | uid= | ip= | q= | per=50 | clear_cache=1 | act=fa4fd9936393a8be912178ef5677e90c65bc379d3ba58f4a6c4fa630f3d1132f} POST{}
[2025-08-19 17:00:19] REQUEST_START RID=ba1f509e64866187 UID=3 IP=2a01:e0a:992:1730:845c:b73c:ce7c:eaa3 GET /logs_view.php?level=&uid=&ip=&q=&per=50&clear_cache=1&act=fa4fd9936393a8be912178ef5677e90c65bc379d3ba58f4a6c4fa630f3d1132f | Début de traitement | GET{level= | uid= | ip= | q= | per=50 | clear_cache=1 | act=fa4fd9936393a8be912178ef5677e90c65bc379d3ba58f4a6c4fa630f3d1132f} POST{}
[2025-08-19 17:00:19] REQUEST_START RID=16d5c6e702d27bc5 UID=3 IP=2a01:e0a:992:1730:845c:b73c:ce7c:eaa3 GET /logs_view.php?level=&uid=&ip=&q=&per=50&clear_cache=1&act=fa4fd9936393a8be912178ef5677e90c65bc379d3ba58f4a6c4fa630f3d1132f | Début de traitement | GET{level= | uid= | ip= | q= | per=50 | clear_cache=1 | act=fa4fd9936393a8be912178ef5677e90c65bc379d3ba58f4a6c4fa630f3d1132f} POST{}
[2025-08-19 17:00:19] REQUEST_START RID=2b5a50d1a3751c7b UID=3 IP=2a01:e0a:992:1730:845c:b73c:ce7c:eaa3 GET /logs_view.php?level=&uid=&ip=&q=&per=50&clear_cache=1&act=fa4fd9936393a8be912178ef5677e90c65bc379d3ba58f4a6c4fa630f3d1132f | Début de traitement | GET{level= | uid= | ip= | q= | per=50 | clear_cache=1 | act=fa4fd9936393a8be912178ef5677e90c65bc379d3ba58f4a6c4fa630f3d1132f} POST{}
[2025-08-19 17:00:19] REQUEST_START RID=65c159516cbbe4a8 UID=3 IP=2a01:e0a:992:1730:845c:b73c:ce7c:eaa3 GET /logs_view.php?level=&uid=&ip=&q=&per=50&clear_cache=1&act=fa4fd9936393a8be912178ef5677e90c65bc379d3ba58f4a6c4fa630f3d1132f | Début de traitement | GET{level= | uid= | ip= | q= | per=50 | clear_cache=1 | act=fa4fd9936393a8be912178ef5677e90c65bc379d3ba58f4a6c4fa630f3d1132f} POST{}
[2025-08-19 17:00:20] REQUEST_START RID=bd66dee543772d76 UID=3 IP=2a01:e0a:992:1730:845c:b73c:ce7c:eaa3 GET /logs_view.php?level=&uid=&ip=&q=&per=50&clear_cache=1&act=fa4fd9936393a8be912178ef5677e90c65bc379d3ba58f4a6c4fa630f3d1132f | Début de traitement | GET{level= | uid= | ip= | q= | per=50 | clear_cache=1 | act=fa4fd9936393a8be912178ef5677e90c65bc379d3ba58f4a6c4fa630f3d1132f} POST{}
[2025-08-19 17:00:20] REQUEST_START RID=b65e741a73167c77 UID=3 IP=2a01:e0a:992:1730:845c:b73c:ce7c:eaa3 GET /logs_view.php?level=&uid=&ip=&q=&per=50&clear_cache=1&act=fa4fd9936393a8be912178ef5677e90c65bc379d3ba58f4a6c4fa630f3d1132f | Début de traitement | GET{level= | uid= | ip= | q= | per=50 | clear_cache=1 | act=fa4fd9936393a8be912178ef5677e90c65bc379d3ba58f4a6c4fa630f3d1132f} POST{}
[2025-08-19 17:00:20] REQUEST_START RID=5af7e99f28d1dbcd UID=3 IP=2a01:e0a:992:1730:845c:b73c:ce7c:eaa3 GET /logs_view.php?level=&uid=&ip=&q=&per=50&clear_cache=1&act=fa4fd9936393a8be912178ef5677e90c65bc379d3ba58f4a6c4fa630f3d1132f | Début de traitement | GET{level= | uid= | ip= | q= | per=50 | clear_cache=1 | act=fa4fd9936393a8be912178ef5677e90c65bc379d3ba58f4a6c4fa630f3d1132f} POST{}
[2025-08-19 17:00:20] REQUEST_START RID=a3dd33106f11aabf UID=3 IP=2a01:e0a:992:1730:845c:b73c:ce7c:eaa3 GET /logs_view.php?level=&uid=&ip=&q=&per=50&clear_cache=1&act=fa4fd9936393a8be912178ef5677e90c65bc379d3ba58f4a6c4fa630f3d1132f | Début de traitement | GET{level= | uid= | ip= | q= | per=50 | clear_cache=1 | act=fa4fd9936393a8be912178ef5677e90c65bc379d3ba58f4a6c4fa630f3d1132f} POST{}
[2025-08-19 17:00:20] REQUEST_START RID=eef93e6fe3939372 UID=3 IP=2a01:e0a:992:1730:845c:b73c:ce7c:eaa3 GET /logs_view.php?level=&uid=&ip=&q=&per=50&clear_cache=1&act=fa4fd9936393a8be912178ef5677e90c65bc379d3ba58f4a6c4fa630f3d1132f | Début de traitement | GET{level= | uid= | ip= | q= | per=50 | clear_cache=1 | act=fa4fd9936393a8be912178ef5677e90c65bc379d3ba58f4a6c4fa630f3d1132f} POST{}
[2025-08-19 17:00:20] REQUEST_START RID=1281e7d33c7a2353 UID=3 IP=2a01:e0a:992:1730:845c:b73c:ce7c:eaa3 GET /logs_view.php?level=&uid=&ip=&q=&per=50&clear_cache=1&act=fa4fd9936393a8be912178ef5677e90c65bc379d3ba58f4a6c4fa630f3d1132f | Début de traitement | GET{level= | uid= | ip= | q= | per=50 | clear_cache=1 | act=fa4fd9936393a8be912178ef5677e90c65bc379d3ba58f4a6c4fa630f3d1132f} POST{}
[2025-08-19 17:00:21] REQUEST_START RID=664cff9ce34c679a UID=3 IP=2a01:e0a:992:1730:845c:b73c:ce7c:eaa3 GET /logs_view.php?level=&uid=&ip=&q=&per=50&clear_cache=1&act=fa4fd9936393a8be912178ef5677e90c65bc379d3ba58f4a6c4fa630f3d1132f | Début de traitement | GET{level= | uid= | ip= | q= | per=50 | clear_cache=1 | act=fa4fd9936393a8be912178ef5677e90c65bc379d3ba58f4a6c4fa630f3d1132f} POST{}
[2025-08-19 17:00:21] REQUEST_START RID=1407731fb2954e29 UID=3 IP=2a01:e0a:992:1730:845c:b73c:ce7c:eaa3 GET /logs_view.php?level=&uid=&ip=&q=&per=50&clear_cache=1&act=fa4fd9936393a8be912178ef5677e90c65bc379d3ba58f4a6c4fa630f3d1132f | Début de traitement | GET{level= | uid= | ip= | q= | per=50 | clear_cache=1 | act=fa4fd9936393a8be912178ef5677e90c65bc379d3ba58f4a6c4fa630f3d1132f} POST{}
[2025-08-19 17:00:21] REQUEST_START RID=e3b5ddffca56a477 UID=3 IP=2a01:e0a:992:1730:845c:b73c:ce7c:eaa3 GET /logs_view.php?level=&uid=&ip=&q=&per=50&clear_cache=1&act=fa4fd9936393a8be912178ef5677e90c65bc379d3ba58f4a6c4fa630f3d1132f | Début de traitement | GET{level= | uid= | ip= | q= | per=50 | clear_cache=1 | act=fa4fd9936393a8be912178ef5677e90c65bc379d3ba58f4a6c4fa630f3d1132f} POST{}
[2025-08-19 17:00:21] REQUEST_START RID=4fdb9b4a2d0f145e UID=3 IP=2a01:e0a:992:1730:845c:b73c:ce7c:eaa3 GET /logs_view.php?level=&uid=&ip=&q=&per=50&clear_cache=1&act=fa4fd9936393a8be912178ef5677e90c65bc379d3ba58f4a6c4fa630f3d1132f | Début de traitement | GET{level= | uid= | ip= | q= | per=50 | clear_cache=1 | act=fa4fd9936393a8be912178ef5677e90c65bc379d3ba58f4a6c4fa630f3d1132f} POST{}
[2025-08-19 17:00:21] REQUEST_START RID=471cb066763fccd1 UID=3 IP=2a01:e0a:992:1730:845c:b73c:ce7c:eaa3 GET /logs_view.php?level=&uid=&ip=&q=&per=50&clear_cache=1&act=fa4fd9936393a8be912178ef5677e90c65bc379d3ba58f4a6c4fa630f3d1132f | Début de traitement | GET{level= | uid= | ip= | q= | per=50 | clear_cache=1 | act=fa4fd9936393a8be912178ef5677e90c65bc379d3ba58f4a6c4fa630f3d1132f} POST{}
[2025-08-19 17:00:46] REQUEST_START RID=aa2c3a18ffb199e6 UID=3 IP=2a01:e0a:992:1730:845c:b73c:ce7c:eaa3 GET /logs_view.php?level=&uid=&ip=&q=&per=50&clear_cache=1&act=fa4fd9936393a8be912178ef5677e90c65bc379d3ba58f4a6c4fa630f3d1132f | Début de traitement | GET{level= | uid= | ip= | q= | per=50 | clear_cache=1 | act=fa4fd9936393a8be912178ef5677e90c65bc379d3ba58f4a6c4fa630f3d1132f} POST{}
[2025-08-19 17:01:34] REQUEST_START RID=75a5eb20891bc1dc UID=3 IP=2a01:e0a:992:1730:845c:b73c:ce7c:eaa3 GET /logs_view.php?level=&uid=&ip=&q=&per=50&clear_cache=1&act=fa4fd9936393a8be912178ef5677e90c65bc379d3ba58f4a6c4fa630f3d1132f&page=2 | Début de traitement | GET{level= | uid= | ip= | q= | per=50 | clear_cache=1 | act=fa4fd9936393a8be912178ef5677e90c65bc379d3ba58f4a6c4fa630f3d1132f | page=2} POST{}
[2025-08-19 17:01:35] REQUEST_START RID=0803321e735825e5 UID=3 IP=2a01:e0a:992:1730:845c:b73c:ce7c:eaa3 GET /logs_view.php?level=&uid=&ip=&q=&per=50&clear_cache=1&act=fa4fd9936393a8be912178ef5677e90c65bc379d3ba58f4a6c4fa630f3d1132f&page=1 | Début de traitement | GET{level= | uid= | ip= | q= | per=50 | clear_cache=1 | act=fa4fd9936393a8be912178ef5677e90c65bc379d3ba58f4a6c4fa630f3d1132f | page=1} POST{}
[2025-08-19 17:02:39] REQUEST_START RID=93508af683d454ad UID=3 IP=2a01:e0a:992:1730:845c:b73c:ce7c:eaa3 GET /pages/user/natinfs_simple.php | Début de traitement | GET{} POST{}
[2025-08-19 17:02:40] REQUEST_START RID=1bfaa8a070c2b03f UID=3 IP=2a01:e0a:992:1730:845c:b73c:ce7c:eaa3 GET /logs_view.php | Début de traitement | GET{} POST{}
[2025-08-19 17:02:41] REQUEST_START RID=408a780a0ed1beb4 UID=3 IP=2a01:e0a:992:1730:845c:b73c:ce7c:eaa3 GET /logs_view.php | Début de traitement | GET{} POST{}
[2025-08-19 17:02:44] REQUEST_START RID=21d5f3f1a37c2c66 UID=3 IP=2a01:e0a:992:1730:845c:b73c:ce7c:eaa3 GET /accueil.php | Début de traitement | GET{} POST{}
[2025-08-19 17:02:45] REQUEST_START RID=54a29c8bf7774ced UID=3 IP=2a01:e0a:992:1730:845c:b73c:ce7c:eaa3 GET /api/ggd/check_ggd_info.php | Début de traitement | GET{} POST{}
[2025-08-19 17:02:47] REQUEST_START RID=a4e57f9829736cdb UID=3 IP=2a01:e0a:992:1730:845c:b73c:ce7c:eaa3 GET /pages/user/natinfs_contrib.php | Début de traitement | GET{} POST{}
[2025-08-19 17:02:48] REQUEST_START RID=af70f73d95b06829 UID=3 IP=2a01:e0a:992:1730:845c:b73c:ce7c:eaa3 GET /pages/user/api/natinf/get_contrib_natinfs.php?page=1&search=&filter=all&limit=10 | Début de traitement | GET{page=1 | search= | filter=all | limit=10} POST{}
[2025-08-19 17:02:49] REQUEST_START RID=2067eb9c40d8048f UID=3 IP=2a01:e0a:992:1730:845c:b73c:ce7c:eaa3 GET /logs_view.php | Début de traitement | GET{} POST{}
[2025-08-19 17:03:25] REQUEST_START RID=d493168c770ddb6c UID=3 IP=2a01:e0a:992:1730:845c:b73c:ce7c:eaa3 GET /logs_view.php | Début de traitement | GET{} POST{}
[2025-08-19 17:03:50] REQUEST_START RID=ccaf430db0e57a98 UID=3 IP=2a01:e0a:992:1730:845c:b73c:ce7c:eaa3 GET /logs_view.php?page=2 | Début de traitement | GET{page=2} POST{}
[2025-08-19 17:03:57] REQUEST_START RID=5988c40965a60852 UID=3 IP=2a01:e0a:992:1730:845c:b73c:ce7c:eaa3 GET /logs_view.php?level=&uid=&ip=&q=EXCEPTION&per=50 | Début de traitement | GET{level= | uid= | ip= | q=EXCEPTION | per=50} POST{}
[2025-08-19 17:03:57] EXCEPTION RID=5988c40965a60852 UID=3 IP=2a01:e0a:992:1730:845c:b73c:ce7c:eaa3 GET /logs_view.php?level=&uid=&ip=&q=EXCEPTION&per=50 | SQLSTATE[HY093]: Invalid parameter number (logs_view.php:51) | trace=logs_view.php:51 PDOStatement->execute | GET{level= | uid= | ip= | q=EXCEPTION | per=50} POST{}
[2025-08-19 17:03:58] REQUEST_START RID=cbd5d0b5131e54d9 UID=3 IP=2a01:e0a:992:1730:845c:b73c:ce7c:eaa3 GET /logs_view.php?page=2 | Début de traitement | GET{page=2} POST{}
[2025-08-19 17:03:58] REQUEST_START RID=0f2efe3b19c3d0b5 UID=3 IP=2a01:e0a:992:1730:845c:b73c:ce7c:eaa3 GET /logs_view.php?page=2 | Début de traitement | GET{page=2} POST{}
[2025-08-19 17:03:59] REQUEST_START RID=47806462c78a268c UID=3 IP=2a01:e0a:992:1730:845c:b73c:ce7c:eaa3 GET /logs_view.php?page=2 | Début de traitement | GET{page=2} POST{}
[2025-08-19 17:04:00] REQUEST_START RID=2c48e5098876bb41 UID=3 IP=2a01:e0a:992:1730:845c:b73c:ce7c:eaa3 GET /logs_view.php?level=&uid=&ip=&q=zae&per=50 | Début de traitement | GET{level= | uid= | ip= | q=zae | per=50} POST{}
[2025-08-19 17:04:00] EXCEPTION RID=2c48e5098876bb41 UID=3 IP=2a01:e0a:992:1730:845c:b73c:ce7c:eaa3 GET /logs_view.php?level=&uid=&ip=&q=zae&per=50 | SQLSTATE[HY093]: Invalid parameter number (logs_view.php:51) | trace=logs_view.php:51 PDOStatement->execute | GET{level= | uid= | ip= | q=zae | per=50} POST{}
[2025-08-19 17:04:02] REQUEST_START RID=78c090e31f520aa8 UID=3 IP=2a01:e0a:992:1730:845c:b73c:ce7c:eaa3 GET /logs_view.php?page=2 | Début de traitement | GET{page=2} POST{}
[2025-08-19 17:04:03] REQUEST_START RID=a3f7e940686cfe43 UID=3 IP=2a01:e0a:992:1730:845c:b73c:ce7c:eaa3 GET /logs_view.php?page=2 | Début de traitement | GET{page=2} POST{}
[2025-08-19 17:04:04] REQUEST_START RID=1dbce6fbee067d13 UID=3 IP=2a01:e0a:992:1730:845c:b73c:ce7c:eaa3 GET /logs_view.php?page=2 | Début de traitement | GET{page=2} POST{}
[2025-08-19 17:04:06] REQUEST_START RID=5014875700518336 UID=3 IP=2a01:e0a:992:1730:845c:b73c:ce7c:eaa3 GET /logs_view.php?page=1 | Début de traitement | GET{page=1} POST{}
[2025-08-19 17:08:18] REQUEST_START RID=184ca5552ff6935c UID=3 IP=2a01:e0a:992:1730:845c:b73c:ce7c:eaa3 GET /logs_view.php?page=1 | Début de traitement | GET{page=1} POST{}
[2025-08-19 17:08:26] REQUEST_START RID=3d6a0e4cfadc845b UID=3 IP=2a01:e0a:992:1730:845c:b73c:ce7c:eaa3 GET /logs_view.php?page=2 | Début de traitement | GET{page=2} POST{}
[2025-08-19 17:08:57] REQUEST_START RID=8c771277cc74a21f UID=3 IP=2a01:e0a:992:1730:845c:b73c:ce7c:eaa3 GET /accueil.php | Début de traitement | GET{} POST{}
[2025-08-19 17:08:58] REQUEST_START RID=416f9225004000b0 UID=3 IP=2a01:e0a:992:1730:845c:b73c:ce7c:eaa3 GET /api/ggd/check_ggd_info.php | Début de traitement | GET{} POST{}
[2025-08-19 17:08:59] REQUEST_START RID=9bee61511d6e5586 UID=3 IP=2a01:e0a:992:1730:845c:b73c:ce7c:eaa3 GET /api/natinf/redirect_natinf.php | Début de traitement | GET{} POST{}
[2025-08-19 17:08:59] REQUEST_START RID=4536af7d5435d7d7 UID=3 IP=2a01:e0a:992:1730:845c:b73c:ce7c:eaa3 GET /pages/user/natinfs_updated.php | Début de traitement | GET{} POST{}
[2025-08-19 17:09:00] REQUEST_START RID=296f51be210fbe07 UID=3 IP=2a01:e0a:992:1730:845c:b73c:ce7c:eaa3 GET /pages/user/natinfs_simple.php | Début de traitement | GET{} POST{}
[2025-08-19 17:09:02] REQUEST_START RID=5277398dc593a595 UID=3 IP=2a01:e0a:992:1730:845c:b73c:ce7c:eaa3 GET /accueil.php | Début de traitement | GET{} POST{}
[2025-08-19 17:09:02] REQUEST_START RID=f6009f36039425b7 UID=3 IP=2a01:e0a:992:1730:845c:b73c:ce7c:eaa3 GET /pages/user/natinfs_contrib.php | Début de traitement | GET{} POST{}
[2025-08-19 17:09:02] REQUEST_START RID=a47f34b3ab0f52c5 UID=3 IP=2a01:e0a:992:1730:845c:b73c:ce7c:eaa3 GET /pages/user/api/natinf/get_contrib_natinfs.php?page=1&search=&filter=all&limit=10 | Début de traitement | GET{page=1 | search= | filter=all | limit=10} POST{}
[2025-08-19 17:09:04] REQUEST_START RID=0e70f11bb19ba0ac UID=3 IP=2a01:e0a:992:1730:845c:b73c:ce7c:eaa3 GET /pages/user/api/natinf/get_contrib_natinfs.php?page=1&search=a&filter=all&limit=10 | Début de traitement | GET{page=1 | search=a | filter=all | limit=10} POST{}
[2025-08-19 17:09:04] REQUEST_START RID=b57081ae5a31afe1 UID=3 IP=2a01:e0a:992:1730:845c:b73c:ce7c:eaa3 GET /pages/user/api/natinf/get_contrib_natinfs.php?page=1&search=az&filter=all&limit=10 | Début de traitement | GET{page=1 | search=az | filter=all | limit=10} POST{}
[2025-08-19 17:09:04] REQUEST_START RID=9af85264935e7ec1 UID=3 IP=2a01:e0a:992:1730:845c:b73c:ce7c:eaa3 GET /pages/user/api/natinf/get_contrib_natinfs.php?page=1&search=aze&filter=all&limit=10 | Début de traitement | GET{page=1 | search=aze | filter=all | limit=10} POST{}
[2025-08-19 17:09:04] REQUEST_START RID=920c5d9ea69549fb UID=3 IP=2a01:e0a:992:1730:845c:b73c:ce7c:eaa3 GET /pages/user/api/natinf/get_contrib_natinfs.php?page=1&search=azea&filter=all&limit=10 | Début de traitement | GET{page=1 | search=azea | filter=all | limit=10} POST{}
[2025-08-19 17:09:04] REQUEST_START RID=ebe21ce2c856c74d UID=3 IP=2a01:e0a:992:1730:845c:b73c:ce7c:eaa3 GET /pages/user/api/natinf/get_contrib_natinfs.php?page=1&search=azeaz&filter=all&limit=10 | Début de traitement | GET{page=1 | search=azeaz | filter=all | limit=10} POST{}
[2025-08-19 17:09:04] REQUEST_START RID=54d883e995157a3f UID=3 IP=2a01:e0a:992:1730:845c:b73c:ce7c:eaa3 GET /pages/user/api/natinf/get_contrib_natinfs.php?page=1&search=azeaze&filter=all&limit=10 | Début de traitement | GET{page=1 | search=azeaze | filter=all | limit=10} POST{}
[2025-08-19 17:09:06] REQUEST_START RID=af4386b03e83f8fe UID=3 IP=2a01:e0a:992:1730:845c:b73c:ce7c:eaa3 GET /logs_view.php?page=2 | Début de traitement | GET{page=2} POST{}
[2025-08-19 17:09:20] REQUEST_START RID=47e58a2f69fc6f16 UID=3 IP=2a01:e0a:992:1730:845c:b73c:ce7c:eaa3 GET /pages/user/edit_natinf.php?code=1565656 | Début de traitement | GET{code=1565656} POST{}
[2025-08-19 17:09:23] REQUEST_START RID=e0f41116f76adb4e UID=3 IP=2a01:e0a:992:1730:845c:b73c:ce7c:eaa3 GET /logs_view.php?page=2 | Début de traitement | GET{page=2} POST{}
[2025-08-19 17:10:00] INFO      RID=0d610c7089e8a578 UID=3 IP=2a01:e0a:992:1730:845c:b73c:ce7c:eaa3 GET /pages/user/natinfs_contrib.php | REQUEST_START | GET{} POST{}
[2025-08-19 17:10:00] INFO      RID=ec738474b6f3060d UID=3 IP=2a01:e0a:992:1730:845c:b73c:ce7c:eaa3 GET /pages/user/api/natinf/get_contrib_natinfs.php?page=1&search=&filter=all&limit=10 | REQUEST_START | GET{page=1 | search= | filter=all | limit=10} POST{}
[2025-08-19 17:10:01] INFO      RID=141a8d2a39943682 UID=3 IP=2a01:e0a:992:1730:845c:b73c:ce7c:eaa3 GET /logs_view.php?page=2 | REQUEST_START | GET{page=2} POST{}
[2025-08-19 17:10:10] INFO      RID=9f663f5ad2868321 UID=3 IP=2a01:e0a:992:1730:845c:b73c:ce7c:eaa3 GET /logs_view.php?page=2 | REQUEST_START | GET{page=2} POST{}
[2025-08-19 17:10:10] INFO      RID=ae57a221d78c5a38 UID=3 IP=2a01:e0a:992:1730:845c:b73c:ce7c:eaa3 GET /logs_view.php?page=2 | REQUEST_START | GET{page=2} POST{}
[2025-08-19 17:10:11] INFO      RID=1bd4d3d2c490fc4f UID=3 IP=2a01:e0a:992:1730:845c:b73c:ce7c:eaa3 GET /logs_view.php?page=2 | REQUEST_START | GET{page=2} POST{}
[2025-08-19 17:10:11] INFO      RID=534e0ab54d5b8c16 UID=3 IP=2a01:e0a:992:1730:845c:b73c:ce7c:eaa3 GET /logs_view.php?page=2 | REQUEST_START | GET{page=2} POST{}
[2025-08-19 17:10:11] INFO      RID=c868188b7f2ad9e4 UID=3 IP=2a01:e0a:992:1730:845c:b73c:ce7c:eaa3 GET /logs_view.php?page=2 | REQUEST_START | GET{page=2} POST{}
[2025-08-19 17:10:11] INFO      RID=5c1b170e6e520e1e UID=3 IP=2a01:e0a:992:1730:845c:b73c:ce7c:eaa3 GET /logs_view.php?page=2 | REQUEST_START | GET{page=2} POST{}
[2025-08-19 17:10:11] INFO      RID=f8685cb1e1f302ec UID=3 IP=2a01:e0a:992:1730:845c:b73c:ce7c:eaa3 GET /logs_view.php?page=2 | REQUEST_START | GET{page=2} POST{}
[2025-08-19 17:10:11] INFO      RID=ce97ce252feb5ca1 UID=3 IP=2a01:e0a:992:1730:845c:b73c:ce7c:eaa3 GET /logs_view.php?page=2 | REQUEST_START | GET{page=2} POST{}
[2025-08-19 17:10:12] INFO      RID=16bb2f1f83f33a02 UID=3 IP=2a01:e0a:992:1730:845c:b73c:ce7c:eaa3 GET /logs_view.php?page=2 | REQUEST_START | GET{page=2} POST{}
[2025-08-19 17:10:12] INFO      RID=90f0fb86beefee64 UID=3 IP=2a01:e0a:992:1730:845c:b73c:ce7c:eaa3 GET /logs_view.php?page=2 | REQUEST_START | GET{page=2} POST{}
[2025-08-19 17:11:17] CRITICAL  RID=5a3019718b916f5b UID=3 IP=2a01:e0a:992:1730:845c:b73c:ce7c:eaa3 GET /pages/user/natinfs_contrib.php | Call to undefined function fonction_inexistante() (natinfs_contrib.php:12) | GET{} POST{}
[2025-08-19 17:11:27] CRITICAL  RID=22a2f160993feff2 UID=3 IP=2a01:e0a:992:1730:845c:b73c:ce7c:eaa3 GET /pages/user/natinfs_contrib.php | Call to undefined function fonction_inexistante() (natinfs_contrib.php:12) | GET{} POST{}
[2025-08-19 17:11:27] CRITICAL  RID=0dec148e83144525 UID=3 IP=2a01:e0a:992:1730:845c:b73c:ce7c:eaa3 GET /pages/user/natinfs_contrib.php | Call to undefined function fonction_inexistante() (natinfs_contrib.php:12) | GET{} POST{}
[2025-08-19 17:11:28] CRITICAL  RID=63e1ac00551cf768 UID=3 IP=2a01:e0a:992:1730:845c:b73c:ce7c:eaa3 GET /pages/user/natinfs_contrib.php | Call to undefined function fonction_inexistante() (natinfs_contrib.php:12) | GET{} POST{}
[2025-08-19 17:11:28] CRITICAL  RID=e6220a7e73504b84 UID=3 IP=2a01:e0a:992:1730:845c:b73c:ce7c:eaa3 GET /pages/user/natinfs_contrib.php | Call to undefined function fonction_inexistante() (natinfs_contrib.php:12) | GET{} POST{}
[2025-08-19 17:11:28] CRITICAL  RID=43ca27f3a3061930 UID=3 IP=2a01:e0a:992:1730:845c:b73c:ce7c:eaa3 GET /pages/user/natinfs_contrib.php | Call to undefined function fonction_inexistante() (natinfs_contrib.php:12) | GET{} POST{}
[2025-08-19 17:11:40] CRITICAL  RID=1799fc12828c1225 UID=3 IP=2a01:e0a:992:1730:845c:b73c:ce7c:eaa3 GET /pages/user/natinfs_contrib.php | Call to undefined function fonction_inexistante() (natinfs_contrib.php:12) | GET{} POST{}
[2025-08-19 17:11:41] CRITICAL  RID=81f130b010e6a315 UID=3 IP=2a01:e0a:992:1730:845c:b73c:ce7c:eaa3 GET /pages/user/natinfs_contrib.php | Call to undefined function fonction_inexistante() (natinfs_contrib.php:12) | GET{} POST{}
[2025-08-19 17:11:42] CRITICAL  RID=9ce8734e1191e993 UID=3 IP=2a01:e0a:992:1730:845c:b73c:ce7c:eaa3 GET /pages/user/natinfs_contrib.php | Call to undefined function fonction_inexistante() (natinfs_contrib.php:12) | GET{} POST{}
[2025-08-19 17:11:42] CRITICAL  RID=9729482651191568 UID=3 IP=2a01:e0a:992:1730:845c:b73c:ce7c:eaa3 GET /pages/user/natinfs_contrib.php | Call to undefined function fonction_inexistante() (natinfs_contrib.php:12) | GET{} POST{}
[2025-08-19 17:11:42] CRITICAL  RID=17f7f8d5e37b26c7 UID=3 IP=2a01:e0a:992:1730:845c:b73c:ce7c:eaa3 GET /pages/user/natinfs_contrib.php | Call to undefined function fonction_inexistante() (natinfs_contrib.php:12) | GET{} POST{}
[2025-08-19 17:11:44] CRITICAL  RID=36d39aff1bcef3f8 UID=3 IP=2a01:e0a:992:1730:845c:b73c:ce7c:eaa3 GET /pages/user/natinfs_contrib.php | Call to undefined function fonction_inexistante() (natinfs_contrib.php:12) | GET{} POST{}
[2025-08-19 17:11:44] CRITICAL  RID=b9c796bf108c2d68 UID=3 IP=2a01:e0a:992:1730:845c:b73c:ce7c:eaa3 GET /pages/user/natinfs_contrib.php | Call to undefined function fonction_inexistante() (natinfs_contrib.php:12) | GET{} POST{}
[2025-08-19 17:11:44] CRITICAL  RID=0ddf39963faf6c9e UID=3 IP=2a01:e0a:992:1730:845c:b73c:ce7c:eaa3 GET /pages/user/natinfs_contrib.php | Call to undefined function fonction_inexistante() (natinfs_contrib.php:12) | GET{} POST{}
[2025-08-19 17:11:45] CRITICAL  RID=a5f70ce85f6a4f72 UID=3 IP=2a01:e0a:992:1730:845c:b73c:ce7c:eaa3 GET /pages/user/natinfs_contrib.php | Call to undefined function fonction_inexistante() (natinfs_contrib.php:12) | GET{} POST{}
[2025-08-19 17:12:27] CRITICAL  RID=7f4740474c210ef3 UID=3 IP=2a01:e0a:992:1730:845c:b73c:ce7c:eaa3 GET /pages/user/natinfs_contrib.php | Call to undefined function fonction_inexistante() (natinfs_contrib.php:12) | GET{} POST{}
[2025-08-19 17:19:50] CRITICAL  RID=0ffad94b4bd70d91 UID=3 IP=2a01:e0a:992:1730:845c:b73c:ce7c:eaa3 GET /logs_view.php?level=&uid=&ip=&q=ezae&per=50 | SQLSTATE[HY093]: Invalid parameter number (logs_view.php:51) | trace=logs_view.php:51 PDOStatement->execute | GET{level= | uid= | ip= | q=ezae | per=50} POST{}
[2025-08-19 17:29:35] CRITICAL  RID=9b28469ed173f1ad UID=3 IP=2a01:e0a:992:1730:845c:b73c:ce7c:eaa3 GET /pages/user/natinfs_contrib.php | SQLSTATE[42S22]: Column not found: 1054 Unknown column 'code_naetinf' in 'SELECT' (natinfs_contrib.php:34) | trace=natinfs_contrib.php:34 PDO->query | GET{} POST{}
[2025-08-19 17:30:43] NOTICE    RID=b160d7164ee856a1 UID=3 IP=2a01:e0a:992:1730:845c:b73c:ce7c:eaa3 GET /pages/admin/index.php | addslashes(): Passing null to parameter #1 ($string) of type string is deprecated (index.php:297) [errno=8192] | trace=index.php:297 addslashes | GET{} POST{}
[2025-08-19 17:30:43] NOTICE    RID=b160d7164ee856a1 UID=3 IP=2a01:e0a:992:1730:845c:b73c:ce7c:eaa3 GET /pages/admin/index.php | addslashes(): Passing null to parameter #1 ($string) of type string is deprecated (index.php:297) [errno=8192] | trace=index.php:297 addslashes | GET{} POST{}
[2025-08-19 17:30:43] NOTICE    RID=b160d7164ee856a1 UID=3 IP=2a01:e0a:992:1730:845c:b73c:ce7c:eaa3 GET /pages/admin/index.php | addslashes(): Passing null to parameter #1 ($string) of type string is deprecated (index.php:398) [errno=8192] | trace=index.php:398 addslashes | GET{} POST{}
[2025-08-19 17:30:43] NOTICE    RID=b160d7164ee856a1 UID=3 IP=2a01:e0a:992:1730:845c:b73c:ce7c:eaa3 GET /pages/admin/index.php | addslashes(): Passing null to parameter #1 ($string) of type string is deprecated (index.php:398) [errno=8192] | trace=index.php:398 addslashes | GET{} POST{}
[2025-08-19 17:30:43] NOTICE    RID=f1dc6a3e637451b0 UID=3 IP=2a01:e0a:992:1730:845c:b73c:ce7c:eaa3 GET /pages/admin/index.php | addslashes(): Passing null to parameter #1 ($string) of type string is deprecated (index.php:297) [errno=8192] | trace=index.php:297 addslashes | GET{} POST{}
[2025-08-19 17:30:43] NOTICE    RID=f1dc6a3e637451b0 UID=3 IP=2a01:e0a:992:1730:845c:b73c:ce7c:eaa3 GET /pages/admin/index.php | addslashes(): Passing null to parameter #1 ($string) of type string is deprecated (index.php:297) [errno=8192] | trace=index.php:297 addslashes | GET{} POST{}
[2025-08-19 17:30:43] NOTICE    RID=f1dc6a3e637451b0 UID=3 IP=2a01:e0a:992:1730:845c:b73c:ce7c:eaa3 GET /pages/admin/index.php | addslashes(): Passing null to parameter #1 ($string) of type string is deprecated (index.php:398) [errno=8192] | trace=index.php:398 addslashes | GET{} POST{}
[2025-08-19 17:30:43] NOTICE    RID=f1dc6a3e637451b0 UID=3 IP=2a01:e0a:992:1730:845c:b73c:ce7c:eaa3 GET /pages/admin/index.php | addslashes(): Passing null to parameter #1 ($string) of type string is deprecated (index.php:398) [errno=8192] | trace=index.php:398 addslashes | GET{} POST{}
[2025-08-19 17:30:47] NOTICE    RID=50b3ab245e17fdb3 UID=3 IP=2a01:e0a:992:1730:845c:b73c:ce7c:eaa3 GET /pages/admin/index.php | addslashes(): Passing null to parameter #1 ($string) of type string is deprecated (index.php:297) [errno=8192] | trace=index.php:297 addslashes | GET{} POST{}
[2025-08-19 17:30:47] NOTICE    RID=50b3ab245e17fdb3 UID=3 IP=2a01:e0a:992:1730:845c:b73c:ce7c:eaa3 GET /pages/admin/index.php | addslashes(): Passing null to parameter #1 ($string) of type string is deprecated (index.php:297) [errno=8192] | trace=index.php:297 addslashes | GET{} POST{}
[2025-08-19 17:30:47] NOTICE    RID=50b3ab245e17fdb3 UID=3 IP=2a01:e0a:992:1730:845c:b73c:ce7c:eaa3 GET /pages/admin/index.php | addslashes(): Passing null to parameter #1 ($string) of type string is deprecated (index.php:398) [errno=8192] | trace=index.php:398 addslashes | GET{} POST{}
[2025-08-19 17:30:47] NOTICE    RID=50b3ab245e17fdb3 UID=3 IP=2a01:e0a:992:1730:845c:b73c:ce7c:eaa3 GET /pages/admin/index.php | addslashes(): Passing null to parameter #1 ($string) of type string is deprecated (index.php:398) [errno=8192] | trace=index.php:398 addslashes | GET{} POST{}
[2025-08-19 17:44:07] NOTICE    RID=1b7c2d3566e45bbb UID=3 IP=2a01:e0a:992:1730:845c:b73c:ce7c:eaa3 GET /pages/admin/index.php | addslashes(): Passing null to parameter #1 ($string) of type string is deprecated (index.php:297) [errno=8192] | trace=index.php:297 addslashes | GET{} POST{}
[2025-08-19 17:44:07] NOTICE    RID=1b7c2d3566e45bbb UID=3 IP=2a01:e0a:992:1730:845c:b73c:ce7c:eaa3 GET /pages/admin/index.php | addslashes(): Passing null to parameter #1 ($string) of type string is deprecated (index.php:297) [errno=8192] | trace=index.php:297 addslashes | GET{} POST{}
[2025-08-19 17:44:07] NOTICE    RID=1b7c2d3566e45bbb UID=3 IP=2a01:e0a:992:1730:845c:b73c:ce7c:eaa3 GET /pages/admin/index.php | addslashes(): Passing null to parameter #1 ($string) of type string is deprecated (index.php:398) [errno=8192] | trace=index.php:398 addslashes | GET{} POST{}
[2025-08-19 17:44:07] NOTICE    RID=1b7c2d3566e45bbb UID=3 IP=2a01:e0a:992:1730:845c:b73c:ce7c:eaa3 GET /pages/admin/index.php | addslashes(): Passing null to parameter #1 ($string) of type string is deprecated (index.php:398) [errno=8192] | trace=index.php:398 addslashes | GET{} POST{}
[2025-08-19 17:44:07] NOTICE    RID=71e2dab43426ea14 UID=3 IP=2a01:e0a:992:1730:845c:b73c:ce7c:eaa3 GET /pages/admin/index.php | addslashes(): Passing null to parameter #1 ($string) of type string is deprecated (index.php:297) [errno=8192] | trace=index.php:297 addslashes | GET{} POST{}
[2025-08-19 17:44:07] NOTICE    RID=71e2dab43426ea14 UID=3 IP=2a01:e0a:992:1730:845c:b73c:ce7c:eaa3 GET /pages/admin/index.php | addslashes(): Passing null to parameter #1 ($string) of type string is deprecated (index.php:297) [errno=8192] | trace=index.php:297 addslashes | GET{} POST{}
[2025-08-19 17:44:07] NOTICE    RID=71e2dab43426ea14 UID=3 IP=2a01:e0a:992:1730:845c:b73c:ce7c:eaa3 GET /pages/admin/index.php | addslashes(): Passing null to parameter #1 ($string) of type string is deprecated (index.php:398) [errno=8192] | trace=index.php:398 addslashes | GET{} POST{}
[2025-08-19 17:44:07] NOTICE    RID=71e2dab43426ea14 UID=3 IP=2a01:e0a:992:1730:845c:b73c:ce7c:eaa3 GET /pages/admin/index.php | addslashes(): Passing null to parameter #1 ($string) of type string is deprecated (index.php:398) [errno=8192] | trace=index.php:398 addslashes | GET{} POST{}
[2025-08-19 17:44:11] NOTICE    RID=57c02015b78cace3 UID=3 IP=2a01:e0a:992:1730:845c:b73c:ce7c:eaa3 GET /pages/admin/index.php | addslashes(): Passing null to parameter #1 ($string) of type string is deprecated (index.php:297) [errno=8192] | trace=index.php:297 addslashes | GET{} POST{}
[2025-08-19 17:44:11] NOTICE    RID=57c02015b78cace3 UID=3 IP=2a01:e0a:992:1730:845c:b73c:ce7c:eaa3 GET /pages/admin/index.php | addslashes(): Passing null to parameter #1 ($string) of type string is deprecated (index.php:297) [errno=8192] | trace=index.php:297 addslashes | GET{} POST{}
[2025-08-19 17:44:11] NOTICE    RID=57c02015b78cace3 UID=3 IP=2a01:e0a:992:1730:845c:b73c:ce7c:eaa3 GET /pages/admin/index.php | addslashes(): Passing null to parameter #1 ($string) of type string is deprecated (index.php:398) [errno=8192] | trace=index.php:398 addslashes | GET{} POST{}
[2025-08-19 17:44:11] NOTICE    RID=57c02015b78cace3 UID=3 IP=2a01:e0a:992:1730:845c:b73c:ce7c:eaa3 GET /pages/admin/index.php | addslashes(): Passing null to parameter #1 ($string) of type string is deprecated (index.php:398) [errno=8192] | trace=index.php:398 addslashes | GET{} POST{}
[2025-08-19 17:44:19] NOTICE    RID=5793e20adb253d63 UID=3 IP=2a01:e0a:992:1730:845c:b73c:ce7c:eaa3 GET /pages/admin/index.php | addslashes(): Passing null to parameter #1 ($string) of type string is deprecated (index.php:297) [errno=8192] | trace=index.php:297 addslashes | GET{} POST{}
[2025-08-19 17:44:19] NOTICE    RID=5793e20adb253d63 UID=3 IP=2a01:e0a:992:1730:845c:b73c:ce7c:eaa3 GET /pages/admin/index.php | addslashes(): Passing null to parameter #1 ($string) of type string is deprecated (index.php:297) [errno=8192] | trace=index.php:297 addslashes | GET{} POST{}
[2025-08-19 17:44:19] NOTICE    RID=5793e20adb253d63 UID=3 IP=2a01:e0a:992:1730:845c:b73c:ce7c:eaa3 GET /pages/admin/index.php | addslashes(): Passing null to parameter #1 ($string) of type string is deprecated (index.php:297) [errno=8192] | trace=index.php:297 addslashes | GET{} POST{}
[2025-08-19 17:44:19] NOTICE    RID=5793e20adb253d63 UID=3 IP=2a01:e0a:992:1730:845c:b73c:ce7c:eaa3 GET /pages/admin/index.php | addslashes(): Passing null to parameter #1 ($string) of type string is deprecated (index.php:398) [errno=8192] | trace=index.php:398 addslashes | GET{} POST{}
[2025-08-19 17:44:19] NOTICE    RID=5793e20adb253d63 UID=3 IP=2a01:e0a:992:1730:845c:b73c:ce7c:eaa3 GET /pages/admin/index.php | addslashes(): Passing null to parameter #1 ($string) of type string is deprecated (index.php:398) [errno=8192] | trace=index.php:398 addslashes | GET{} POST{}
[2025-08-19 17:44:19] NOTICE    RID=5793e20adb253d63 UID=3 IP=2a01:e0a:992:1730:845c:b73c:ce7c:eaa3 GET /pages/admin/index.php | addslashes(): Passing null to parameter #1 ($string) of type string is deprecated (index.php:398) [errno=8192] | trace=index.php:398 addslashes | GET{} POST{}
[2025-08-19 17:45:33] NOTICE    RID=07543277fce890ed UID=3 IP=2a01:e0a:992:1730:845c:b73c:ce7c:eaa3 GET /pages/admin/index.php | addslashes(): Passing null to parameter #1 ($string) of type string is deprecated (index.php:297) [errno=8192] | trace=index.php:297 addslashes | GET{} POST{}
[2025-08-19 17:45:33] NOTICE    RID=07543277fce890ed UID=3 IP=2a01:e0a:992:1730:845c:b73c:ce7c:eaa3 GET /pages/admin/index.php | addslashes(): Passing null to parameter #1 ($string) of type string is deprecated (index.php:297) [errno=8192] | trace=index.php:297 addslashes | GET{} POST{}
[2025-08-19 17:45:33] NOTICE    RID=07543277fce890ed UID=3 IP=2a01:e0a:992:1730:845c:b73c:ce7c:eaa3 GET /pages/admin/index.php | addslashes(): Passing null to parameter #1 ($string) of type string is deprecated (index.php:398) [errno=8192] | trace=index.php:398 addslashes | GET{} POST{}
[2025-08-19 17:45:33] NOTICE    RID=07543277fce890ed UID=3 IP=2a01:e0a:992:1730:845c:b73c:ce7c:eaa3 GET /pages/admin/index.php | addslashes(): Passing null to parameter #1 ($string) of type string is deprecated (index.php:398) [errno=8192] | trace=index.php:398 addslashes | GET{} POST{}
[2025-08-19 17:45:33] NOTICE    RID=b0481738295b557c UID=3 IP=2a01:e0a:992:1730:845c:b73c:ce7c:eaa3 GET /pages/admin/index.php | addslashes(): Passing null to parameter #1 ($string) of type string is deprecated (index.php:297) [errno=8192] | trace=index.php:297 addslashes | GET{} POST{}
[2025-08-19 17:45:33] NOTICE    RID=b0481738295b557c UID=3 IP=2a01:e0a:992:1730:845c:b73c:ce7c:eaa3 GET /pages/admin/index.php | addslashes(): Passing null to parameter #1 ($string) of type string is deprecated (index.php:297) [errno=8192] | trace=index.php:297 addslashes | GET{} POST{}
[2025-08-19 17:45:33] NOTICE    RID=b0481738295b557c UID=3 IP=2a01:e0a:992:1730:845c:b73c:ce7c:eaa3 GET /pages/admin/index.php | addslashes(): Passing null to parameter #1 ($string) of type string is deprecated (index.php:398) [errno=8192] | trace=index.php:398 addslashes | GET{} POST{}
[2025-08-19 17:45:33] NOTICE    RID=b0481738295b557c UID=3 IP=2a01:e0a:992:1730:845c:b73c:ce7c:eaa3 GET /pages/admin/index.php | addslashes(): Passing null to parameter #1 ($string) of type string is deprecated (index.php:398) [errno=8192] | trace=index.php:398 addslashes | GET{} POST{}
[2025-08-19 19:03:55] NOTICE    RID=6bc8b44ff8323202 UID=3 IP=2a01:e0a:992:1730:4ba:97b3:5d29:eea2 GET /resultats_requete.php?q=vol | session_start(): Ignoring session_start() because a session is already active (resultats_requete.php:6) [errno=8] | trace=resultats_requete.php:6 session_start | GET{q=vol} POST{}
[2025-08-19 19:04:06] NOTICE    RID=3ce449ff22753f9b UID=3 IP=2a01:e0a:992:1730:4ba:97b3:5d29:eea2 GET /resultats_requete.php?q=vol | session_start(): Ignoring session_start() because a session is already active (resultats_requete.php:6) [errno=8] | trace=resultats_requete.php:6 session_start | GET{q=vol} POST{}
[2025-08-19 19:04:12] NOTICE    RID=64c00286fefcb0ae UID=guest IP=2a01:e0a:992:1730:4ba:97b3:5d29:eea2 GET /resultats_requete.php?q=vol | session_start(): Ignoring session_start() because a session is already active (resultats_requete.php:6) [errno=8] | trace=resultats_requete.php:6 session_start | GET{q=vol} POST{}
