[2025-08-17 18:02:41] REQUEST_START RID=541e13a578f69556 UID=3 IP=2a01:e0a:992:1730:6444:6c96:f64c:7101 GET /pages/user/edit_natinf.php?code=7151 | Début de traitement | GET{code=7151} POST{}
[2025-08-17 18:08:16] REQUEST_START RID=d4186000e443ab2c UID=3 IP=2a01:e0a:992:1730:6444:6c96:f64c:7101 GET /pages/user/edit_natinf.php?code=7151 | Début de traitement | GET{code=7151} POST{}
[2025-08-17 18:08:17] REQUEST_START RID=c406bbd145907a2f UID=3 IP=2a01:e0a:992:1730:6444:6c96:f64c:7101 GET /pages/user/edit_natinf.php?code=7151 | Début de traitement | GET{code=7151} POST{}
[2025-08-17 18:10:32] REQUEST_START RID=d2b64686bddcdf60 UID=3 IP=2a01:e0a:992:1730:6444:6c96:f64c:7101 GET /accueil.php | Début de traitement | GET{} POST{}
[2025-08-17 18:10:32] REQUEST_START RID=2d0b03a1f76670bb UID=3 IP=2a01:e0a:992:1730:6444:6c96:f64c:7101 GET /api/ggd/check_ggd_info.php | Début de traitement | GET{} POST{}
[2025-08-17 18:10:33] REQUEST_START RID=5ac4f0f0d6dae7d8 UID=3 IP=2a01:e0a:992:1730:6444:6c96:f64c:7101 GET /api/ggd/check_ggd_info.php | Début de traitement | GET{} POST{}
[2025-08-17 18:10:33] REQUEST_START RID=865c61d6266a5a1a UID=3 IP=2a01:e0a:992:1730:6444:6c96:f64c:7101 GET /api/natinf/redirect_natinf.php | Début de traitement | GET{} POST{}
[2025-08-17 18:10:33] REQUEST_START RID=3b757276295462f8 UID=3 IP=2a01:e0a:992:1730:6444:6c96:f64c:7101 GET /pages/user/natinfs_updated.php | Début de traitement | GET{} POST{}
[2025-08-17 18:10:34] REQUEST_START RID=7dbc03c61515bf15 UID=3 IP=2a01:e0a:992:1730:6444:6c96:f64c:7101 GET /api/favorites/get_favorites.php | Début de traitement | GET{} POST{}
[2025-08-17 18:10:34] REQUEST_START RID=0796b5fddd376a21 UID=3 IP=2a01:e0a:992:1730:6444:6c96:f64c:7101 GET /api/favorites/get_favorites.php | Début de traitement | GET{} POST{}
[2025-08-17 18:11:10] REQUEST_START RID=f04dff2a635636b6 UID=3 IP=2a01:e0a:992:1730:6444:6c96:f64c:7101 GET /pages/user/natinfs_updated.php | Début de traitement | GET{} POST{}
[2025-08-17 18:11:11] REQUEST_START RID=7bac3a37e664cc3b UID=3 IP=2a01:e0a:992:1730:6444:6c96:f64c:7101 GET /api/favorites/get_favorites.php | Début de traitement | GET{} POST{}
[2025-08-17 18:11:11] REQUEST_START RID=ae277d5d5cf80c74 UID=3 IP=2a01:e0a:992:1730:6444:6c96:f64c:7101 GET /api/favorites/get_favorites.php | Début de traitement | GET{} POST{}
[2025-08-17 18:11:26] REQUEST_START RID=0c29e365300396a3 UID=3 IP=2a01:e0a:992:1730:6444:6c96:f64c:7101 GET /pages/user/search_natinf_complet.php?query=vol&limit=10&offset=0 | Début de traitement | GET{query=vol | limit=10 | offset=0} POST{}
[2025-08-17 18:11:36] REQUEST_START RID=e1310440e58acd8e UID=3 IP=2a01:e0a:992:1730:6444:6c96:f64c:7101 GET /pages/user/natinfs_updated.php | Début de traitement | GET{} POST{}
[2025-08-17 18:11:36] ERROR     RID=e1310440e58acd8e UID=3 IP=2a01:e0a:992:1730:6444:6c96:f64c:7101 GET /pages/user/natinfs_updated.php | Undefined variable $var_inexistante (natinfs_updated.php:31) [errno=2] | GET{} POST{}
[2025-08-17 18:11:37] REQUEST_START RID=a2b2ee43d0c153b7 UID=3 IP=2a01:e0a:992:1730:6444:6c96:f64c:7101 GET /api/favorites/get_favorites.php | Début de traitement | GET{} POST{}
[2025-08-17 18:11:37] REQUEST_START RID=60e1ff2898ebdefc UID=3 IP=2a01:e0a:992:1730:6444:6c96:f64c:7101 GET /api/favorites/get_favorites.php | Début de traitement | GET{} POST{}
[2025-08-17 18:11:38] REQUEST_START RID=3e8b7dbbe8246bd4 UID=3 IP=2a01:e0a:992:1730:6444:6c96:f64c:7101 GET /pages/user/natinfs_updated.php | Début de traitement | GET{} POST{}
[2025-08-17 18:11:38] ERROR     RID=3e8b7dbbe8246bd4 UID=3 IP=2a01:e0a:992:1730:6444:6c96:f64c:7101 GET /pages/user/natinfs_updated.php | Undefined variable $var_inexistante (natinfs_updated.php:31) [errno=2] | GET{} POST{}
[2025-08-17 18:11:39] REQUEST_START RID=380ce680f6798bab UID=3 IP=2a01:e0a:992:1730:6444:6c96:f64c:7101 GET /api/favorites/get_favorites.php | Début de traitement | GET{} POST{}
[2025-08-17 18:11:39] REQUEST_START RID=041183325eab8ea6 UID=3 IP=2a01:e0a:992:1730:6444:6c96:f64c:7101 GET /api/favorites/get_favorites.php | Début de traitement | GET{} POST{}
[2025-08-17 20:54:21] REQUEST_START RID=ebce6f865ebaa8c6 UID=3 IP=2a01:e0a:992:1730:ed04:12a4:1cdf:8a65 GET /accueil.php | Début de traitement | GET{} POST{}
[2025-08-17 20:54:21] REQUEST_START RID=64bdc96410f463a1 UID=3 IP=2a01:e0a:992:1730:ed04:12a4:1cdf:8a65 GET /api/ggd/check_ggd_info.php | Début de traitement | GET{} POST{}
[2025-08-17 20:54:22] REQUEST_START RID=d69f72fa4acb15b4 UID=3 IP=2a01:e0a:992:1730:ed04:12a4:1cdf:8a65 GET /api/ggd/check_ggd_info.php | Début de traitement | GET{} POST{}
[2025-08-17 20:54:28] REQUEST_START RID=7880c9dc78035e17 UID=3 IP=2a01:e0a:992:1730:ed04:12a4:1cdf:8a65 GET /api/natinf/redirect_natinf.php | Début de traitement | GET{} POST{}
[2025-08-17 20:54:28] REQUEST_START RID=3cb40189eeacff3a UID=3 IP=2a01:e0a:992:1730:ed04:12a4:1cdf:8a65 GET /pages/user/natinfs_updated.php | Début de traitement | GET{} POST{}
[2025-08-17 20:54:30] REQUEST_START RID=b3825fcd99b9643b UID=3 IP=2a01:e0a:992:1730:ed04:12a4:1cdf:8a65 GET /api/favorites/get_favorites.php | Début de traitement | GET{} POST{}
[2025-08-17 20:54:30] REQUEST_START RID=5abe9ffb05b776d4 UID=3 IP=2a01:e0a:992:1730:ed04:12a4:1cdf:8a65 GET /api/favorites/get_favorites.php | Début de traitement | GET{} POST{}
[2025-08-17 20:54:32] REQUEST_START RID=996d29398f8a8eeb UID=3 IP=2a01:e0a:992:1730:ed04:12a4:1cdf:8a65 GET /pages/user/natinfs_simple.php | Début de traitement | GET{} POST{}
[2025-08-17 20:55:20] REQUEST_START RID=d3906f45462e1d0e UID=3 IP=2a01:e0a:992:1730:ed04:12a4:1cdf:8a65 GET /accueil.php | Début de traitement | GET{} POST{}
[2025-08-17 20:55:20] REQUEST_START RID=2cd99a88e3b1f58b UID=3 IP=2a01:e0a:992:1730:ed04:12a4:1cdf:8a65 GET /api/ggd/check_ggd_info.php | Début de traitement | GET{} POST{}
[2025-08-17 20:55:22] REQUEST_START RID=e6c6b54eec93c5f0 UID=3 IP=2a01:e0a:992:1730:ed04:12a4:1cdf:8a65 GET /api/ggd/check_ggd_info.php | Début de traitement | GET{} POST{}
[2025-08-17 20:59:25] REQUEST_START RID=e376a23d4da2aef3 UID=3 IP=2a01:e0a:992:1730:ed04:12a4:1cdf:8a65 GET /pages/user/natinfs_simple.php | Début de traitement | GET{} POST{}
[2025-08-17 20:59:25] DB_CONNECT_FAIL RID=e376a23d4da2aef3 UID=3 IP=2a01:e0a:992:1730:ed04:12a4:1cdf:8a65 GET /pages/user/natinfs_simple.php | Connexion PDO échouée | GET{} POST{}
[2025-08-17 20:59:25] EXCEPTION RID=e376a23d4da2aef3 UID=3 IP=2a01:e0a:992:1730:ed04:12a4:1cdf:8a65 GET /pages/user/natinfs_simple.php | Database connection error (dbconfig.php:344) | trace=natinfs_simple.php:16 getConnection | GET{} POST{}
[2025-08-17 20:59:26] REQUEST_START RID=780e21488fa7a5d3 UID=3 IP=2a01:e0a:992:1730:ed04:12a4:1cdf:8a65 GET /pages/user/natinfs_simple.php | Début de traitement | GET{} POST{}
[2025-08-17 20:59:26] DB_CONNECT_FAIL RID=780e21488fa7a5d3 UID=3 IP=2a01:e0a:992:1730:ed04:12a4:1cdf:8a65 GET /pages/user/natinfs_simple.php | Connexion PDO échouée | GET{} POST{}
[2025-08-17 20:59:26] EXCEPTION RID=780e21488fa7a5d3 UID=3 IP=2a01:e0a:992:1730:ed04:12a4:1cdf:8a65 GET /pages/user/natinfs_simple.php | Database connection error (dbconfig.php:344) | trace=natinfs_simple.php:16 getConnection | GET{} POST{}
[2025-08-17 20:59:34] REQUEST_START RID=80322a417ce77405 UID=3 IP=2a01:e0a:992:1730:ed04:12a4:1cdf:8a65 GET /pages/user/natinfs_simple.php | Début de traitement | GET{} POST{}
[2025-08-17 21:04:45] REQUEST_START RID=9a3a51b601df3fca UID=3 IP=2a01:e0a:992:1730:ed04:12a4:1cdf:8a65 GET /pages/user/natinfs_simple.php | Début de traitement | GET{} POST{}
[2025-08-17 21:04:46] REQUEST_START RID=c06a1aecfc4677db UID=3 IP=2a01:e0a:992:1730:ed04:12a4:1cdf:8a65 GET /accueil.php | Début de traitement | GET{} POST{}
[2025-08-17 21:04:46] REQUEST_START RID=32ad20484f80161d UID=3 IP=2a01:e0a:992:1730:ed04:12a4:1cdf:8a65 GET /api/ggd/check_ggd_info.php | Début de traitement | GET{} POST{}
[2025-08-17 21:04:47] REQUEST_START RID=3fb6dddb33de9d1b UID=3 IP=2a01:e0a:992:1730:ed04:12a4:1cdf:8a65 GET /api/ggd/check_ggd_info.php | Début de traitement | GET{} POST{}
[2025-08-17 21:07:23] REQUEST_START RID=5bf938a2e0d3dbb6 UID=3 IP=2a01:e0a:992:1730:ed04:12a4:1cdf:8a65 GET /accueil.php | Début de traitement | GET{} POST{}
[2025-08-17 21:07:24] REQUEST_START RID=4a7d632be5ec6217 UID=3 IP=2a01:e0a:992:1730:ed04:12a4:1cdf:8a65 GET /api/ggd/check_ggd_info.php | Début de traitement | GET{} POST{}
[2025-08-17 21:07:25] REQUEST_START RID=9def6d83d067c27b UID=3 IP=2a01:e0a:992:1730:ed04:12a4:1cdf:8a65 GET /api/ggd/check_ggd_info.php | Début de traitement | GET{} POST{}
[2025-08-17 21:09:32] REQUEST_START RID=523300193fda4963 UID=3 IP=2a01:e0a:992:1730:ed04:12a4:1cdf:8a65 GET /accueil.php | Début de traitement | GET{} POST{}
[2025-08-17 21:09:32] REQUEST_START RID=f01fc07aaa4777b6 UID=3 IP=2a01:e0a:992:1730:ed04:12a4:1cdf:8a65 GET /api/ggd/check_ggd_info.php | Début de traitement | GET{} POST{}
[2025-08-17 21:09:33] REQUEST_START RID=6f8e0e2858ebd5a4 UID=3 IP=2a01:e0a:992:1730:ed04:12a4:1cdf:8a65 GET /api/ggd/check_ggd_info.php | Début de traitement | GET{} POST{}
[2025-08-17 21:15:54] REQUEST_START RID=41f256dbcce0c785 UID=3 IP=2a01:e0a:992:1730:ed04:12a4:1cdf:8a65 GET /accueil.php | Début de traitement | GET{} POST{}
[2025-08-17 21:22:58] REQUEST_START RID=3657e817518f3c33 UID=3 IP=2a01:e0a:992:1730:ed04:12a4:1cdf:8a65 GET /accueil.php | Début de traitement | GET{} POST{}
[2025-08-17 21:23:00] REQUEST_START RID=31f853ae8f863592 UID=3 IP=2a01:e0a:992:1730:ed04:12a4:1cdf:8a65 GET /api/ggd/check_ggd_info.php | Début de traitement | GET{} POST{}
[2025-08-17 21:23:01] REQUEST_START RID=f334e0ca558890e0 UID=3 IP=2a01:e0a:992:1730:ed04:12a4:1cdf:8a65 GET /pages/admin/check_admin.php | Début de traitement | GET{} POST{}
[2025-08-17 21:23:01] REQUEST_START RID=cd933ed750188844 UID=3 IP=2a01:e0a:992:1730:ed04:12a4:1cdf:8a65 GET /pages/admin/index.php | Début de traitement | GET{} POST{}
[2025-08-17 21:23:01] ERROR     RID=cd933ed750188844 UID=3 IP=2a01:e0a:992:1730:ed04:12a4:1cdf:8a65 GET /pages/admin/index.php | addslashes(): Passing null to parameter #1 ($string) of type string is deprecated (index.php:297) [errno=8192] | trace=index.php:297 addslashes | GET{} POST{}
[2025-08-17 21:23:01] ERROR     RID=cd933ed750188844 UID=3 IP=2a01:e0a:992:1730:ed04:12a4:1cdf:8a65 GET /pages/admin/index.php | addslashes(): Passing null to parameter #1 ($string) of type string is deprecated (index.php:297) [errno=8192] | trace=index.php:297 addslashes | GET{} POST{}
[2025-08-17 21:23:01] ERROR     RID=cd933ed750188844 UID=3 IP=2a01:e0a:992:1730:ed04:12a4:1cdf:8a65 GET /pages/admin/index.php | addslashes(): Passing null to parameter #1 ($string) of type string is deprecated (index.php:398) [errno=8192] | trace=index.php:398 addslashes | GET{} POST{}
[2025-08-17 21:23:01] ERROR     RID=cd933ed750188844 UID=3 IP=2a01:e0a:992:1730:ed04:12a4:1cdf:8a65 GET /pages/admin/index.php | addslashes(): Passing null to parameter #1 ($string) of type string is deprecated (index.php:398) [errno=8192] | trace=index.php:398 addslashes | GET{} POST{}
[2025-08-17 21:23:02] REQUEST_START RID=552c394c4f3fce11 UID=3 IP=2a01:e0a:992:1730:ed04:12a4:1cdf:8a65 GET /accueil.php | Début de traitement | GET{} POST{}
[2025-08-17 21:23:03] REQUEST_START RID=be6a735631932bbe UID=3 IP=2a01:e0a:992:1730:ed04:12a4:1cdf:8a65 GET /pages/admin/check_admin.php | Début de traitement | GET{} POST{}
[2025-08-17 21:23:04] REQUEST_START RID=1ba1c82cbb57da4a UID=3 IP=2a01:e0a:992:1730:ed04:12a4:1cdf:8a65 GET /api/ggd/check_ggd_info.php | Début de traitement | GET{} POST{}
[2025-08-17 21:23:04] REQUEST_START RID=79d02ee3d162b610 UID=3 IP=2a01:e0a:992:1730:ed04:12a4:1cdf:8a65 GET /api/ggd/ggd_statistics.php | Début de traitement | GET{} POST{}
[2025-08-17 21:24:32] REQUEST_START RID=f10e6143b881c215 UID=3 IP=2a01:e0a:992:1730:ed04:12a4:1cdf:8a65 GET /accueil.php | Début de traitement | GET{} POST{}
[2025-08-17 21:24:33] REQUEST_START RID=61304dbef933106a UID=3 IP=2a01:e0a:992:1730:ed04:12a4:1cdf:8a65 GET /api/ggd/check_ggd_info.php | Début de traitement | GET{} POST{}
[2025-08-17 21:24:34] REQUEST_START RID=06be8e2df2fb0ace UID=3 IP=2a01:e0a:992:1730:ed04:12a4:1cdf:8a65 GET /pages/user/police-route/index.php | Début de traitement | GET{} POST{}
[2025-08-17 21:24:36] REQUEST_START RID=3544b1f030997eb1 UID=3 IP=2a01:e0a:992:1730:ed04:12a4:1cdf:8a65 GET /accueil.php | Début de traitement | GET{} POST{}
[2025-08-17 21:24:36] REQUEST_START RID=0b81997ac12c9d90 UID=3 IP=2a01:e0a:992:1730:ed04:12a4:1cdf:8a65 GET /api/natinf/redirect_natinf.php | Début de traitement | GET{} POST{}
[2025-08-17 21:24:36] REQUEST_START RID=0422f66ced9c4589 UID=3 IP=2a01:e0a:992:1730:ed04:12a4:1cdf:8a65 GET /pages/user/natinfs_updated.php | Début de traitement | GET{} POST{}
[2025-08-17 21:24:38] REQUEST_START RID=a8f7bb05efc24901 UID=3 IP=2a01:e0a:992:1730:ed04:12a4:1cdf:8a65 GET /api/favorites/get_favorites.php | Début de traitement | GET{} POST{}
[2025-08-17 21:24:38] REQUEST_START RID=572181001ea3228d UID=3 IP=2a01:e0a:992:1730:ed04:12a4:1cdf:8a65 GET /api/favorites/get_favorites.php | Début de traitement | GET{} POST{}
[2025-08-17 21:24:38] REQUEST_START RID=d61c91422f110b95 UID=3 IP=2a01:e0a:992:1730:ed04:12a4:1cdf:8a65 GET /accueil.php | Début de traitement | GET{} POST{}
[2025-08-17 21:24:38] REQUEST_START RID=1f963d5d7c4ba14d UID=3 IP=2a01:e0a:992:1730:ed04:12a4:1cdf:8a65 GET /pages/user/police-route/index.php | Début de traitement | GET{} POST{}
[2025-08-17 21:24:42] REQUEST_START RID=7c4d03a2b014e8ba UID=3 IP=2a01:e0a:992:1730:ed04:12a4:1cdf:8a65 GET /accueil.php | Début de traitement | GET{} POST{}
[2025-08-17 21:24:43] REQUEST_START RID=81b482ee4bc4badb UID=3 IP=2a01:e0a:992:1730:ed04:12a4:1cdf:8a65 GET /api/natinf/redirect_natinf.php | Début de traitement | GET{} POST{}
[2025-08-17 21:24:43] REQUEST_START RID=3d86255d8b1cbfca UID=3 IP=2a01:e0a:992:1730:ed04:12a4:1cdf:8a65 GET /pages/user/natinfs_updated.php | Début de traitement | GET{} POST{}
[2025-08-17 21:24:44] REQUEST_START RID=e109f75b281bd7f8 UID=3 IP=2a01:e0a:992:1730:ed04:12a4:1cdf:8a65 GET /api/favorites/get_favorites.php | Début de traitement | GET{} POST{}
[2025-08-17 21:24:44] REQUEST_START RID=ba13e9c41f878488 UID=3 IP=2a01:e0a:992:1730:ed04:12a4:1cdf:8a65 GET /api/favorites/get_favorites.php | Début de traitement | GET{} POST{}
[2025-08-17 21:27:49] REQUEST_START RID=e5d6bab20e6d5b85 UID=3 IP=2a01:e0a:992:1730:ed04:12a4:1cdf:8a65 GET /pages/user/jurisprudence.php | Début de traitement | GET{} POST{}
[2025-08-17 21:27:53] REQUEST_START RID=af8945f05e722c21 UID=3 IP=2a01:e0a:992:1730:ed04:12a4:1cdf:8a65 GET /accueil.php | Début de traitement | GET{} POST{}
[2025-08-17 21:27:54] REQUEST_START RID=1214b4893097977d UID=3 IP=2a01:e0a:992:1730:ed04:12a4:1cdf:8a65 GET /api/ggd/check_ggd_info.php | Début de traitement | GET{} POST{}
[2025-08-17 21:28:44] REQUEST_START RID=42e524d06400e2a3 UID=3 IP=2a01:e0a:992:1730:ed04:12a4:1cdf:8a65 GET /includes/utils/status.php | Début de traitement | GET{} POST{}
[2025-08-17 21:28:44] REQUEST_START RID=49aec7b222d53139 UID=3 IP=2a01:e0a:992:1730:ed04:12a4:1cdf:8a65 GET /includes/utils/status.php?api=test | Début de traitement | GET{api=test} POST{}
[2025-08-17 21:28:44] REQUEST_START RID=1a1412154efd71a6 UID=guest IP=2a02:4780:27:1234::8d GET /api/natinf/search_natinf.php | Début de traitement | GET{} POST{}
[2025-08-17 21:28:44] REQUEST_START RID=c3a0952ea9cc6d91 UID=guest IP=2a02:4780:27:1234::8d GET /api/favorites/get_favorites.php | Début de traitement | GET{} POST{}
[2025-08-17 21:28:44] REQUEST_START RID=6d78e9d8ea5a9e4d UID=guest IP=2a02:4780:27:1234::8d GET /api/uploads/fetch_documents.php | Début de traitement | GET{} POST{}
[2025-08-17 21:28:44] REQUEST_START RID=ddf02a7fa392ae07 UID=guest IP=2a02:4780:27:1234::8d GET /api/natinf/latest_natinfs.php | Début de traitement | GET{} POST{}
[2025-08-17 21:28:44] REQUEST_START RID=850b2331ddc18432 UID=guest IP=2a02:4780:27:1234::8d GET /api/ggd/ggd_statistics.php | Début de traitement | GET{} POST{}
[2025-08-17 21:28:44] REQUEST_START RID=1cbc69ee1f5556bd UID=guest IP=2a02:4780:27:1234::8d GET /api/auth/update_last_login.php | Début de traitement | GET{} POST{}
[2025-08-17 21:28:44] REQUEST_START RID=1d3392cfee3d17db UID=guest IP=2a02:4780:27:1234::8d GET /api/auth/post_login.php | Début de traitement | GET{} POST{}
[2025-08-17 21:28:44] REQUEST_START RID=e948e63df355222a UID=guest IP=2a02:4780:27:1234::8d GET /pages/user/police-route/index.php | Début de traitement | GET{} POST{}
[2025-08-17 21:29:13] REQUEST_START RID=889209be06a8bf62 UID=3 IP=2a01:e0a:992:1730:ed04:12a4:1cdf:8a65 GET /includes/utils/status.php | Début de traitement | GET{} POST{}
[2025-08-17 21:29:13] REQUEST_START RID=d0775ef328e7e266 UID=3 IP=2a01:e0a:992:1730:ed04:12a4:1cdf:8a65 GET /includes/utils/status.php?api=test | Début de traitement | GET{api=test} POST{}
[2025-08-17 21:29:13] REQUEST_START RID=d46b2884ca0f9d55 UID=guest IP=2a02:4780:27:1234::8d GET /api/natinf/search_natinf.php | Début de traitement | GET{} POST{}
[2025-08-17 21:29:13] REQUEST_START RID=4416f1a13e585854 UID=guest IP=2a02:4780:27:1234::8d GET /api/favorites/get_favorites.php | Début de traitement | GET{} POST{}
[2025-08-17 21:29:14] REQUEST_START RID=ddde416be4868b04 UID=guest IP=2a02:4780:27:1234::8d GET /api/uploads/fetch_documents.php | Début de traitement | GET{} POST{}
[2025-08-17 21:29:14] REQUEST_START RID=62510c961b6ed125 UID=guest IP=2a02:4780:27:1234::8d GET /api/natinf/latest_natinfs.php | Début de traitement | GET{} POST{}
[2025-08-17 21:29:14] REQUEST_START RID=99009f87138c5b9f UID=guest IP=2a02:4780:27:1234::8d GET /api/ggd/ggd_statistics.php | Début de traitement | GET{} POST{}
[2025-08-17 21:29:14] REQUEST_START RID=bc92c8bd3f98dd19 UID=guest IP=2a02:4780:27:1234::8d GET /api/auth/update_last_login.php | Début de traitement | GET{} POST{}
[2025-08-17 21:29:14] REQUEST_START RID=b902e2617071890a UID=guest IP=2a02:4780:27:1234::8d GET /api/auth/post_login.php | Début de traitement | GET{} POST{}
[2025-08-17 21:29:14] REQUEST_START RID=81dfb747dc9b9a59 UID=guest IP=2a02:4780:27:1234::8d GET /pages/user/police-route/index.php | Début de traitement | GET{} POST{}
[2025-08-17 21:29:19] REQUEST_START RID=cdabbe4da3ef1f52 UID=3 IP=2a01:e0a:992:1730:ed04:12a4:1cdf:8a65 GET /includes/utils/status.php?api=test | Début de traitement | GET{api=test} POST{}
[2025-08-17 21:29:19] REQUEST_START RID=ee91507f82f64b09 UID=guest IP=2a02:4780:27:1234::8d GET /api/natinf/search_natinf.php | Début de traitement | GET{} POST{}
[2025-08-17 21:29:19] REQUEST_START RID=3af63105245ead45 UID=guest IP=2a02:4780:27:1234::8d GET /api/favorites/get_favorites.php | Début de traitement | GET{} POST{}
[2025-08-17 21:29:19] REQUEST_START RID=405ea64d12b4dcac UID=guest IP=2a02:4780:27:1234::8d GET /api/uploads/fetch_documents.php | Début de traitement | GET{} POST{}
[2025-08-17 21:29:19] REQUEST_START RID=20c59f671e61da7b UID=guest IP=2a02:4780:27:1234::8d GET /api/natinf/latest_natinfs.php | Début de traitement | GET{} POST{}
[2025-08-17 21:29:19] REQUEST_START RID=db7bc8e1e963c1a7 UID=guest IP=2a02:4780:27:1234::8d GET /api/ggd/ggd_statistics.php | Début de traitement | GET{} POST{}
[2025-08-17 21:29:19] REQUEST_START RID=7413dc4e81666552 UID=guest IP=2a02:4780:27:1234::8d GET /api/auth/update_last_login.php | Début de traitement | GET{} POST{}
[2025-08-17 21:29:19] REQUEST_START RID=afe3423737e1ed6b UID=guest IP=2a02:4780:27:1234::8d GET /api/auth/post_login.php | Début de traitement | GET{} POST{}
[2025-08-17 21:29:19] REQUEST_START RID=b231631168f03d7c UID=guest IP=2a02:4780:27:1234::8d GET /pages/user/police-route/index.php | Début de traitement | GET{} POST{}
[2025-08-17 21:29:20] REQUEST_START RID=263392a1a2608725 UID=3 IP=2a01:e0a:992:1730:ed04:12a4:1cdf:8a65 GET /includes/utils/status.php?api=test | Début de traitement | GET{api=test} POST{}
[2025-08-17 21:29:20] REQUEST_START RID=fd296421e3d1a9c0 UID=guest IP=2a02:4780:27:1234::8d GET /api/natinf/search_natinf.php | Début de traitement | GET{} POST{}
[2025-08-17 21:29:20] REQUEST_START RID=37348942abaaa37c UID=guest IP=2a02:4780:27:1234::8d GET /api/favorites/get_favorites.php | Début de traitement | GET{} POST{}
[2025-08-17 21:29:20] REQUEST_START RID=e61a9846d08ffd8c UID=guest IP=2a02:4780:27:1234::8d GET /api/uploads/fetch_documents.php | Début de traitement | GET{} POST{}
[2025-08-17 21:29:20] REQUEST_START RID=bb626fdbe97c8384 UID=guest IP=2a02:4780:27:1234::8d GET /api/natinf/latest_natinfs.php | Début de traitement | GET{} POST{}
[2025-08-17 21:29:20] REQUEST_START RID=514f034cb1f75cab UID=guest IP=2a02:4780:27:1234::8d GET /api/ggd/ggd_statistics.php | Début de traitement | GET{} POST{}
[2025-08-17 21:29:20] REQUEST_START RID=be8570bc1662f9de UID=guest IP=2a02:4780:27:1234::8d GET /api/auth/update_last_login.php | Début de traitement | GET{} POST{}
[2025-08-17 21:29:20] REQUEST_START RID=bbc64e331d57b33a UID=guest IP=2a02:4780:27:1234::8d GET /api/auth/post_login.php | Début de traitement | GET{} POST{}
[2025-08-17 21:29:20] REQUEST_START RID=014772d5dd3e869a UID=guest IP=2a02:4780:27:1234::8d GET /pages/user/police-route/index.php | Début de traitement | GET{} POST{}
[2025-08-17 21:29:21] REQUEST_START RID=780c1f0c57a73aec UID=3 IP=2a01:e0a:992:1730:ed04:12a4:1cdf:8a65 GET /includes/utils/status.php?api=test | Début de traitement | GET{api=test} POST{}
[2025-08-17 21:29:21] REQUEST_START RID=3c67c74fa8e4f042 UID=guest IP=2a02:4780:27:1234::8d GET /api/natinf/search_natinf.php | Début de traitement | GET{} POST{}
[2025-08-17 21:29:21] REQUEST_START RID=7e951c53e764051f UID=guest IP=2a02:4780:27:1234::8d GET /api/favorites/get_favorites.php | Début de traitement | GET{} POST{}
[2025-08-17 21:29:21] REQUEST_START RID=5fb271fea9cc223f UID=guest IP=2a02:4780:27:1234::8d GET /api/uploads/fetch_documents.php | Début de traitement | GET{} POST{}
[2025-08-17 21:29:21] REQUEST_START RID=2fe8b0b08a38fee6 UID=guest IP=2a02:4780:27:1234::8d GET /api/natinf/latest_natinfs.php | Début de traitement | GET{} POST{}
[2025-08-17 21:29:21] REQUEST_START RID=84dedaf6fc233039 UID=guest IP=2a02:4780:27:1234::8d GET /api/ggd/ggd_statistics.php | Début de traitement | GET{} POST{}
[2025-08-17 21:29:21] REQUEST_START RID=10bab4b5e1428995 UID=guest IP=2a02:4780:27:1234::8d GET /api/auth/update_last_login.php | Début de traitement | GET{} POST{}
[2025-08-17 21:29:21] REQUEST_START RID=d3463cfea2eed644 UID=guest IP=2a02:4780:27:1234::8d GET /api/auth/post_login.php | Début de traitement | GET{} POST{}
[2025-08-17 21:29:21] REQUEST_START RID=4c55e5e627b414b0 UID=guest IP=2a02:4780:27:1234::8d GET /pages/user/police-route/index.php | Début de traitement | GET{} POST{}
[2025-08-17 21:29:21] REQUEST_START RID=2f3b84c6dafb4b32 UID=3 IP=2a01:e0a:992:1730:ed04:12a4:1cdf:8a65 GET /includes/utils/status.php?api=test | Début de traitement | GET{api=test} POST{}
[2025-08-17 21:29:21] REQUEST_START RID=86691276a8fdaaba UID=guest IP=2a02:4780:27:1234::8d GET /api/natinf/search_natinf.php | Début de traitement | GET{} POST{}
[2025-08-17 21:29:21] REQUEST_START RID=6e745b279675b971 UID=guest IP=2a02:4780:27:1234::8d GET /api/favorites/get_favorites.php | Début de traitement | GET{} POST{}
[2025-08-17 21:29:21] REQUEST_START RID=5d078e29d1d9cdcd UID=guest IP=2a02:4780:27:1234::8d GET /api/uploads/fetch_documents.php | Début de traitement | GET{} POST{}
[2025-08-17 21:29:21] REQUEST_START RID=c9fdda9d9868a02b UID=guest IP=2a02:4780:27:1234::8d GET /api/natinf/latest_natinfs.php | Début de traitement | GET{} POST{}
[2025-08-17 21:29:21] REQUEST_START RID=33ccd861e69561a1 UID=guest IP=2a02:4780:27:1234::8d GET /api/ggd/ggd_statistics.php | Début de traitement | GET{} POST{}
[2025-08-17 21:29:21] REQUEST_START RID=e0006b608a8de7ec UID=guest IP=2a02:4780:27:1234::8d GET /api/auth/update_last_login.php | Début de traitement | GET{} POST{}
[2025-08-17 21:29:21] REQUEST_START RID=75582fe6b14406c5 UID=guest IP=2a02:4780:27:1234::8d GET /api/auth/post_login.php | Début de traitement | GET{} POST{}
[2025-08-17 21:29:21] REQUEST_START RID=29f87627760127e1 UID=guest IP=2a02:4780:27:1234::8d GET /pages/user/police-route/index.php | Début de traitement | GET{} POST{}
[2025-08-17 21:29:21] REQUEST_START RID=fe03a976193f150f UID=3 IP=2a01:e0a:992:1730:ed04:12a4:1cdf:8a65 GET /includes/utils/status.php?api=test | Début de traitement | GET{api=test} POST{}
[2025-08-17 21:29:21] REQUEST_START RID=061a1545fc695d17 UID=guest IP=2a02:4780:27:1234::8d GET /api/natinf/search_natinf.php | Début de traitement | GET{} POST{}
[2025-08-17 21:29:21] REQUEST_START RID=190e8019dc20c54e UID=guest IP=2a02:4780:27:1234::8d GET /api/favorites/get_favorites.php | Début de traitement | GET{} POST{}
[2025-08-17 21:29:21] REQUEST_START RID=f95ff62529397866 UID=guest IP=2a02:4780:27:1234::8d GET /api/uploads/fetch_documents.php | Début de traitement | GET{} POST{}
[2025-08-17 21:29:21] REQUEST_START RID=90f21d25e27da9b9 UID=guest IP=2a02:4780:27:1234::8d GET /api/natinf/latest_natinfs.php | Début de traitement | GET{} POST{}
[2025-08-17 21:29:21] REQUEST_START RID=c03b2073d0bc7961 UID=guest IP=2a02:4780:27:1234::8d GET /api/ggd/ggd_statistics.php | Début de traitement | GET{} POST{}
[2025-08-17 21:29:21] REQUEST_START RID=a65a67e7fd665e91 UID=guest IP=2a02:4780:27:1234::8d GET /api/auth/update_last_login.php | Début de traitement | GET{} POST{}
[2025-08-17 21:29:21] REQUEST_START RID=1412fc6b2ff5bf28 UID=guest IP=2a02:4780:27:1234::8d GET /api/auth/post_login.php | Début de traitement | GET{} POST{}
[2025-08-17 21:29:21] REQUEST_START RID=de7426c7c95f337c UID=guest IP=2a02:4780:27:1234::8d GET /pages/user/police-route/index.php | Début de traitement | GET{} POST{}
[2025-08-17 21:29:21] REQUEST_START RID=f008f9e630cd3655 UID=3 IP=2a01:e0a:992:1730:ed04:12a4:1cdf:8a65 GET /includes/utils/status.php?api=test | Début de traitement | GET{api=test} POST{}
[2025-08-17 21:29:21] REQUEST_START RID=05192ae48e6241af UID=guest IP=2a02:4780:27:1234::8d GET /api/natinf/search_natinf.php | Début de traitement | GET{} POST{}
[2025-08-17 21:29:21] REQUEST_START RID=1a79c5b48aa026c6 UID=guest IP=2a02:4780:27:1234::8d GET /api/favorites/get_favorites.php | Début de traitement | GET{} POST{}
[2025-08-17 21:29:21] REQUEST_START RID=4f596cecc5c17963 UID=guest IP=2a02:4780:27:1234::8d GET /api/uploads/fetch_documents.php | Début de traitement | GET{} POST{}
[2025-08-17 21:29:21] REQUEST_START RID=6d129bd02c3af17e UID=guest IP=2a02:4780:27:1234::8d GET /api/natinf/latest_natinfs.php | Début de traitement | GET{} POST{}
[2025-08-17 21:29:21] REQUEST_START RID=ebc49d51a14c7aae UID=guest IP=2a02:4780:27:1234::8d GET /api/ggd/ggd_statistics.php | Début de traitement | GET{} POST{}
[2025-08-17 21:29:21] REQUEST_START RID=0af96930ff40a950 UID=guest IP=2a02:4780:27:1234::8d GET /api/auth/update_last_login.php | Début de traitement | GET{} POST{}
[2025-08-17 21:29:21] REQUEST_START RID=898a689dd2f2a352 UID=guest IP=2a02:4780:27:1234::8d GET /api/auth/post_login.php | Début de traitement | GET{} POST{}
[2025-08-17 21:29:21] REQUEST_START RID=f7d148abca25bcc6 UID=guest IP=2a02:4780:27:1234::8d GET /pages/user/police-route/index.php | Début de traitement | GET{} POST{}
[2025-08-17 21:29:21] REQUEST_START RID=e231407fed53a230 UID=3 IP=2a01:e0a:992:1730:ed04:12a4:1cdf:8a65 GET /includes/utils/status.php?api=test | Début de traitement | GET{api=test} POST{}
[2025-08-17 21:29:21] REQUEST_START RID=615e02491b94b76e UID=guest IP=2a02:4780:27:1234::8d GET /api/natinf/search_natinf.php | Début de traitement | GET{} POST{}
[2025-08-17 21:29:21] REQUEST_START RID=755349a4f26ed257 UID=guest IP=2a02:4780:27:1234::8d GET /api/favorites/get_favorites.php | Début de traitement | GET{} POST{}
[2025-08-17 21:29:21] REQUEST_START RID=8414451eebc4e63d UID=guest IP=2a02:4780:27:1234::8d GET /api/uploads/fetch_documents.php | Début de traitement | GET{} POST{}
[2025-08-17 21:29:21] REQUEST_START RID=74b43a68f454fb10 UID=guest IP=2a02:4780:27:1234::8d GET /api/natinf/latest_natinfs.php | Début de traitement | GET{} POST{}
[2025-08-17 21:29:21] REQUEST_START RID=9c040f2ab3a3ee44 UID=guest IP=2a02:4780:27:1234::8d GET /api/ggd/ggd_statistics.php | Début de traitement | GET{} POST{}
[2025-08-17 21:29:21] REQUEST_START RID=1432ddbdd0439b35 UID=guest IP=2a02:4780:27:1234::8d GET /api/auth/update_last_login.php | Début de traitement | GET{} POST{}
[2025-08-17 21:29:21] REQUEST_START RID=527d238d95719c13 UID=guest IP=2a02:4780:27:1234::8d GET /api/auth/post_login.php | Début de traitement | GET{} POST{}
[2025-08-17 21:29:21] REQUEST_START RID=d4ba18061c8d5baf UID=guest IP=2a02:4780:27:1234::8d GET /pages/user/police-route/index.php | Début de traitement | GET{} POST{}
[2025-08-17 21:29:21] REQUEST_START RID=90cc70a92588264b UID=3 IP=2a01:e0a:992:1730:ed04:12a4:1cdf:8a65 GET /includes/utils/status.php?api=test | Début de traitement | GET{api=test} POST{}
[2025-08-17 21:29:21] REQUEST_START RID=224f1fbedadb4927 UID=guest IP=2a02:4780:27:1234::8d GET /api/natinf/search_natinf.php | Début de traitement | GET{} POST{}
[2025-08-17 21:29:21] REQUEST_START RID=e05ec7118517ebe9 UID=guest IP=2a02:4780:27:1234::8d GET /api/favorites/get_favorites.php | Début de traitement | GET{} POST{}
[2025-08-17 21:29:21] REQUEST_START RID=119166dbfdb2f006 UID=guest IP=2a02:4780:27:1234::8d GET /api/uploads/fetch_documents.php | Début de traitement | GET{} POST{}
[2025-08-17 21:29:22] REQUEST_START RID=b6c569b7661f6361 UID=guest IP=2a02:4780:27:1234::8d GET /api/natinf/latest_natinfs.php | Début de traitement | GET{} POST{}
[2025-08-17 21:29:22] REQUEST_START RID=5e28cf7b0bfdbbb5 UID=guest IP=2a02:4780:27:1234::8d GET /api/ggd/ggd_statistics.php | Début de traitement | GET{} POST{}
[2025-08-17 21:29:22] REQUEST_START RID=a5d2dc28fa7c3171 UID=guest IP=2a02:4780:27:1234::8d GET /api/auth/update_last_login.php | Début de traitement | GET{} POST{}
[2025-08-17 21:29:22] REQUEST_START RID=2e0c10f2466ee34c UID=guest IP=2a02:4780:27:1234::8d GET /api/auth/post_login.php | Début de traitement | GET{} POST{}
[2025-08-17 21:29:22] REQUEST_START RID=ead3673c56c81366 UID=guest IP=2a02:4780:27:1234::8d GET /pages/user/police-route/index.php | Début de traitement | GET{} POST{}
[2025-08-17 21:29:22] REQUEST_START RID=4ceb725a71d84c33 UID=3 IP=2a01:e0a:992:1730:ed04:12a4:1cdf:8a65 GET /includes/utils/status.php?api=test | Début de traitement | GET{api=test} POST{}
[2025-08-17 21:29:22] REQUEST_START RID=aaa4bcf840ce7fa3 UID=guest IP=2a02:4780:27:1234::8d GET /api/natinf/search_natinf.php | Début de traitement | GET{} POST{}
[2025-08-17 21:29:22] REQUEST_START RID=8e1246bc43089d61 UID=guest IP=2a02:4780:27:1234::8d GET /api/favorites/get_favorites.php | Début de traitement | GET{} POST{}
[2025-08-17 21:29:22] REQUEST_START RID=d1702a513fdeeba6 UID=guest IP=2a02:4780:27:1234::8d GET /api/uploads/fetch_documents.php | Début de traitement | GET{} POST{}
[2025-08-17 21:29:22] REQUEST_START RID=02d0259ef326467c UID=guest IP=2a02:4780:27:1234::8d GET /api/natinf/latest_natinfs.php | Début de traitement | GET{} POST{}
[2025-08-17 21:29:22] REQUEST_START RID=5794456fbd7a8508 UID=guest IP=2a02:4780:27:1234::8d GET /api/ggd/ggd_statistics.php | Début de traitement | GET{} POST{}
[2025-08-17 21:29:22] REQUEST_START RID=8735def735262065 UID=guest IP=2a02:4780:27:1234::8d GET /api/auth/update_last_login.php | Début de traitement | GET{} POST{}
[2025-08-17 21:29:22] REQUEST_START RID=6b2de8e82ecd0420 UID=guest IP=2a02:4780:27:1234::8d GET /api/auth/post_login.php | Début de traitement | GET{} POST{}
[2025-08-17 21:29:22] REQUEST_START RID=7be98bbf407efc7c UID=guest IP=2a02:4780:27:1234::8d GET /pages/user/police-route/index.php | Début de traitement | GET{} POST{}
[2025-08-17 21:29:22] REQUEST_START RID=5629bfff7e991da1 UID=3 IP=2a01:e0a:992:1730:ed04:12a4:1cdf:8a65 GET /includes/utils/status.php?api=test | Début de traitement | GET{api=test} POST{}
[2025-08-17 21:29:22] REQUEST_START RID=44c66835c7c14e71 UID=guest IP=2a02:4780:27:1234::8d GET /api/natinf/search_natinf.php | Début de traitement | GET{} POST{}
[2025-08-17 21:29:22] REQUEST_START RID=66747671b9ba7b5e UID=guest IP=2a02:4780:27:1234::8d GET /api/favorites/get_favorites.php | Début de traitement | GET{} POST{}
[2025-08-17 21:29:22] REQUEST_START RID=40342bc97b554d1a UID=guest IP=2a02:4780:27:1234::8d GET /api/uploads/fetch_documents.php | Début de traitement | GET{} POST{}
[2025-08-17 21:29:22] REQUEST_START RID=ccfee8f79ae99567 UID=guest IP=2a02:4780:27:1234::8d GET /api/natinf/latest_natinfs.php | Début de traitement | GET{} POST{}
[2025-08-17 21:29:22] REQUEST_START RID=8edd0bf1925e633d UID=guest IP=2a02:4780:27:1234::8d GET /api/ggd/ggd_statistics.php | Début de traitement | GET{} POST{}
[2025-08-17 21:29:22] REQUEST_START RID=fe3bf9be811ba260 UID=guest IP=2a02:4780:27:1234::8d GET /api/auth/update_last_login.php | Début de traitement | GET{} POST{}
[2025-08-17 21:29:22] REQUEST_START RID=59f4f8088da357d1 UID=guest IP=2a02:4780:27:1234::8d GET /api/auth/post_login.php | Début de traitement | GET{} POST{}
[2025-08-17 21:29:22] REQUEST_START RID=12abd71ef9e52777 UID=guest IP=2a02:4780:27:1234::8d GET /pages/user/police-route/index.php | Début de traitement | GET{} POST{}
[2025-08-17 21:29:22] REQUEST_START RID=0b068cbe63cc655d UID=3 IP=2a01:e0a:992:1730:ed04:12a4:1cdf:8a65 GET /includes/utils/status.php?api=test | Début de traitement | GET{api=test} POST{}
[2025-08-17 21:29:22] REQUEST_START RID=1538d65f6f64afcc UID=guest IP=2a02:4780:27:1234::8d GET /api/natinf/search_natinf.php | Début de traitement | GET{} POST{}
[2025-08-17 21:29:22] REQUEST_START RID=eb498bd8c7245be3 UID=guest IP=2a02:4780:27:1234::8d GET /api/favorites/get_favorites.php | Début de traitement | GET{} POST{}
[2025-08-17 21:29:22] REQUEST_START RID=f35234f2b3b01b9e UID=guest IP=2a02:4780:27:1234::8d GET /api/uploads/fetch_documents.php | Début de traitement | GET{} POST{}
[2025-08-17 21:29:22] REQUEST_START RID=090b1e5773892d44 UID=guest IP=2a02:4780:27:1234::8d GET /api/natinf/latest_natinfs.php | Début de traitement | GET{} POST{}
[2025-08-17 21:29:22] REQUEST_START RID=bfbcc2e81578ba65 UID=guest IP=2a02:4780:27:1234::8d GET /api/ggd/ggd_statistics.php | Début de traitement | GET{} POST{}
[2025-08-17 21:29:22] REQUEST_START RID=d1b9089af928904d UID=guest IP=2a02:4780:27:1234::8d GET /api/auth/update_last_login.php | Début de traitement | GET{} POST{}
[2025-08-17 21:29:22] REQUEST_START RID=707dd13de56de2f3 UID=guest IP=2a02:4780:27:1234::8d GET /api/auth/post_login.php | Début de traitement | GET{} POST{}
[2025-08-17 21:29:22] REQUEST_START RID=abdac761f9b95542 UID=guest IP=2a02:4780:27:1234::8d GET /pages/user/police-route/index.php | Début de traitement | GET{} POST{}
[2025-08-17 21:29:22] REQUEST_START RID=5d541b588e656d7d UID=3 IP=2a01:e0a:992:1730:ed04:12a4:1cdf:8a65 GET /includes/utils/status.php?api=test | Début de traitement | GET{api=test} POST{}
[2025-08-17 21:29:22] REQUEST_START RID=6f81ebdced7bbcbf UID=guest IP=2a02:4780:27:1234::8d GET /api/natinf/search_natinf.php | Début de traitement | GET{} POST{}
[2025-08-17 21:29:22] REQUEST_START RID=e93ecda5e1cd3d31 UID=guest IP=2a02:4780:27:1234::8d GET /api/favorites/get_favorites.php | Début de traitement | GET{} POST{}
[2025-08-17 21:29:22] REQUEST_START RID=7db35c927c89658c UID=guest IP=2a02:4780:27:1234::8d GET /api/uploads/fetch_documents.php | Début de traitement | GET{} POST{}
[2025-08-17 21:29:22] REQUEST_START RID=79ab9f9fb81b39a1 UID=guest IP=2a02:4780:27:1234::8d GET /api/natinf/latest_natinfs.php | Début de traitement | GET{} POST{}
[2025-08-17 21:29:22] REQUEST_START RID=250eee1409455bad UID=guest IP=2a02:4780:27:1234::8d GET /api/ggd/ggd_statistics.php | Début de traitement | GET{} POST{}
[2025-08-17 21:29:22] REQUEST_START RID=c9e58e80c35f186b UID=guest IP=2a02:4780:27:1234::8d GET /api/auth/update_last_login.php | Début de traitement | GET{} POST{}
[2025-08-17 21:29:22] REQUEST_START RID=7c540600024f1062 UID=guest IP=2a02:4780:27:1234::8d GET /api/auth/post_login.php | Début de traitement | GET{} POST{}
[2025-08-17 21:29:22] REQUEST_START RID=9a082d84b242fa34 UID=guest IP=2a02:4780:27:1234::8d GET /pages/user/police-route/index.php | Début de traitement | GET{} POST{}
[2025-08-17 21:29:22] REQUEST_START RID=8de2bc35c236f054 UID=3 IP=2a01:e0a:992:1730:ed04:12a4:1cdf:8a65 GET /includes/utils/status.php?api=test | Début de traitement | GET{api=test} POST{}
[2025-08-17 21:29:22] REQUEST_START RID=be6afcbf7477ff6d UID=guest IP=2a02:4780:27:1234::8d GET /api/natinf/search_natinf.php | Début de traitement | GET{} POST{}
[2025-08-17 21:29:22] REQUEST_START RID=8d2442001d125005 UID=guest IP=2a02:4780:27:1234::8d GET /api/favorites/get_favorites.php | Début de traitement | GET{} POST{}
[2025-08-17 21:29:22] REQUEST_START RID=f41cde13a9953548 UID=guest IP=2a02:4780:27:1234::8d GET /api/uploads/fetch_documents.php | Début de traitement | GET{} POST{}
[2025-08-17 21:29:22] REQUEST_START RID=cbf5ca8284d4f6e1 UID=guest IP=2a02:4780:27:1234::8d GET /api/natinf/latest_natinfs.php | Début de traitement | GET{} POST{}
[2025-08-17 21:29:22] REQUEST_START RID=3bed8f74d97ae2df UID=guest IP=2a02:4780:27:1234::8d GET /api/ggd/ggd_statistics.php | Début de traitement | GET{} POST{}
[2025-08-17 21:29:22] REQUEST_START RID=e21eb66e6d2896b3 UID=guest IP=2a02:4780:27:1234::8d GET /api/auth/update_last_login.php | Début de traitement | GET{} POST{}
[2025-08-17 21:29:22] REQUEST_START RID=892c9cd635910a8f UID=guest IP=2a02:4780:27:1234::8d GET /api/auth/post_login.php | Début de traitement | GET{} POST{}
[2025-08-17 21:29:22] REQUEST_START RID=617bf68beb5aaaa1 UID=guest IP=2a02:4780:27:1234::8d GET /pages/user/police-route/index.php | Début de traitement | GET{} POST{}
[2025-08-17 21:29:22] REQUEST_START RID=73b44b1461c3cada UID=3 IP=2a01:e0a:992:1730:ed04:12a4:1cdf:8a65 GET /includes/utils/status.php?api=test | Début de traitement | GET{api=test} POST{}
[2025-08-17 21:29:22] REQUEST_START RID=7a4ea0cd1b2a03c7 UID=guest IP=2a02:4780:27:1234::8d GET /api/natinf/search_natinf.php | Début de traitement | GET{} POST{}
[2025-08-17 21:29:22] REQUEST_START RID=5b21bba7e71756f0 UID=guest IP=2a02:4780:27:1234::8d GET /api/favorites/get_favorites.php | Début de traitement | GET{} POST{}
[2025-08-17 21:29:22] REQUEST_START RID=dd849f8164c2596f UID=guest IP=2a02:4780:27:1234::8d GET /api/uploads/fetch_documents.php | Début de traitement | GET{} POST{}
[2025-08-17 21:29:22] REQUEST_START RID=507be6c32314619e UID=guest IP=2a02:4780:27:1234::8d GET /api/natinf/latest_natinfs.php | Début de traitement | GET{} POST{}
[2025-08-17 21:29:22] REQUEST_START RID=6e4fa419f194e231 UID=guest IP=2a02:4780:27:1234::8d GET /api/ggd/ggd_statistics.php | Début de traitement | GET{} POST{}
[2025-08-17 21:29:22] REQUEST_START RID=dba08093b01de63a UID=guest IP=2a02:4780:27:1234::8d GET /api/auth/update_last_login.php | Début de traitement | GET{} POST{}
[2025-08-17 21:29:22] REQUEST_START RID=e7c4b0a7e92d7c17 UID=guest IP=2a02:4780:27:1234::8d GET /api/auth/post_login.php | Début de traitement | GET{} POST{}
[2025-08-17 21:29:22] REQUEST_START RID=4f95de58e99366e4 UID=guest IP=2a02:4780:27:1234::8d GET /pages/user/police-route/index.php | Début de traitement | GET{} POST{}
[2025-08-17 21:29:22] REQUEST_START RID=f2d0025b18544d86 UID=3 IP=2a01:e0a:992:1730:ed04:12a4:1cdf:8a65 GET /includes/utils/status.php?api=test | Début de traitement | GET{api=test} POST{}
[2025-08-17 21:29:22] REQUEST_START RID=0ed18580e0f59113 UID=guest IP=2a02:4780:27:1234::8d GET /api/natinf/search_natinf.php | Début de traitement | GET{} POST{}
[2025-08-17 21:29:22] REQUEST_START RID=57dbb74408b89318 UID=guest IP=2a02:4780:27:1234::8d GET /api/favorites/get_favorites.php | Début de traitement | GET{} POST{}
[2025-08-17 21:29:22] REQUEST_START RID=7af701e2a0899a99 UID=guest IP=2a02:4780:27:1234::8d GET /api/uploads/fetch_documents.php | Début de traitement | GET{} POST{}
[2025-08-17 21:29:23] REQUEST_START RID=8d03ade1e1effc15 UID=guest IP=2a02:4780:27:1234::8d GET /api/natinf/latest_natinfs.php | Début de traitement | GET{} POST{}
[2025-08-17 21:29:23] REQUEST_START RID=72403317b07cd7ef UID=guest IP=2a02:4780:27:1234::8d GET /api/ggd/ggd_statistics.php | Début de traitement | GET{} POST{}
[2025-08-17 21:29:23] REQUEST_START RID=13572e832a6fc38d UID=guest IP=2a02:4780:27:1234::8d GET /api/auth/update_last_login.php | Début de traitement | GET{} POST{}
[2025-08-17 21:29:23] REQUEST_START RID=e7508baba4336b1c UID=guest IP=2a02:4780:27:1234::8d GET /api/auth/post_login.php | Début de traitement | GET{} POST{}
[2025-08-17 21:29:23] REQUEST_START RID=dd6cb5c30673797c UID=guest IP=2a02:4780:27:1234::8d GET /pages/user/police-route/index.php | Début de traitement | GET{} POST{}
[2025-08-17 21:29:23] REQUEST_START RID=90eb0d7b5f2f0f8e UID=3 IP=2a01:e0a:992:1730:ed04:12a4:1cdf:8a65 GET /includes/utils/status.php?api=test | Début de traitement | GET{api=test} POST{}
[2025-08-17 21:29:23] REQUEST_START RID=1aa822c21d0b0d74 UID=guest IP=2a02:4780:27:1234::8d GET /api/natinf/search_natinf.php | Début de traitement | GET{} POST{}
[2025-08-17 21:29:23] REQUEST_START RID=c8f7fd7476eba2a2 UID=guest IP=2a02:4780:27:1234::8d GET /api/favorites/get_favorites.php | Début de traitement | GET{} POST{}
[2025-08-17 21:29:23] REQUEST_START RID=690abbf29e1cd7a8 UID=guest IP=2a02:4780:27:1234::8d GET /api/uploads/fetch_documents.php | Début de traitement | GET{} POST{}
[2025-08-17 21:29:23] REQUEST_START RID=ebacb7a5915caec5 UID=guest IP=2a02:4780:27:1234::8d GET /api/natinf/latest_natinfs.php | Début de traitement | GET{} POST{}
[2025-08-17 21:29:23] REQUEST_START RID=b463034bf80f1103 UID=guest IP=2a02:4780:27:1234::8d GET /api/ggd/ggd_statistics.php | Début de traitement | GET{} POST{}
[2025-08-17 21:29:23] REQUEST_START RID=945fb089231459ff UID=guest IP=2a02:4780:27:1234::8d GET /api/auth/update_last_login.php | Début de traitement | GET{} POST{}
[2025-08-17 21:29:23] REQUEST_START RID=2ab2d80f9c3c773c UID=guest IP=2a02:4780:27:1234::8d GET /api/auth/post_login.php | Début de traitement | GET{} POST{}
[2025-08-17 21:29:23] REQUEST_START RID=7de2eb58f9f521ec UID=guest IP=2a02:4780:27:1234::8d GET /pages/user/police-route/index.php | Début de traitement | GET{} POST{}
[2025-08-17 21:29:23] REQUEST_START RID=e5b1073863428f4a UID=3 IP=2a01:e0a:992:1730:ed04:12a4:1cdf:8a65 GET /includes/utils/status.php?api=test | Début de traitement | GET{api=test} POST{}
[2025-08-17 21:29:23] REQUEST_START RID=a66c82d24faad57e UID=guest IP=2a02:4780:27:1234::8d GET /api/natinf/search_natinf.php | Début de traitement | GET{} POST{}
[2025-08-17 21:29:23] REQUEST_START RID=4686e151a4e721dc UID=guest IP=2a02:4780:27:1234::8d GET /api/favorites/get_favorites.php | Début de traitement | GET{} POST{}
[2025-08-17 21:29:23] REQUEST_START RID=613ace43002d0ab2 UID=guest IP=2a02:4780:27:1234::8d GET /api/uploads/fetch_documents.php | Début de traitement | GET{} POST{}
[2025-08-17 21:29:23] REQUEST_START RID=4a8f553c947a7127 UID=guest IP=2a02:4780:27:1234::8d GET /api/natinf/latest_natinfs.php | Début de traitement | GET{} POST{}
[2025-08-17 21:29:23] REQUEST_START RID=62fbddfffd8cede7 UID=guest IP=2a02:4780:27:1234::8d GET /api/ggd/ggd_statistics.php | Début de traitement | GET{} POST{}
[2025-08-17 21:29:23] REQUEST_START RID=1c7c94fc738dd1ca UID=guest IP=2a02:4780:27:1234::8d GET /api/auth/update_last_login.php | Début de traitement | GET{} POST{}
[2025-08-17 21:29:23] REQUEST_START RID=c5165a35607131ce UID=guest IP=2a02:4780:27:1234::8d GET /api/auth/post_login.php | Début de traitement | GET{} POST{}
[2025-08-17 21:29:23] REQUEST_START RID=6b456a8b7a5e7036 UID=guest IP=2a02:4780:27:1234::8d GET /pages/user/police-route/index.php | Début de traitement | GET{} POST{}
[2025-08-17 21:29:23] REQUEST_START RID=c5d87e60801a348c UID=3 IP=2a01:e0a:992:1730:ed04:12a4:1cdf:8a65 GET /includes/utils/status.php?api=test | Début de traitement | GET{api=test} POST{}
[2025-08-17 21:29:23] REQUEST_START RID=fa78a8064f0e6c4a UID=guest IP=2a02:4780:27:1234::8d GET /api/natinf/search_natinf.php | Début de traitement | GET{} POST{}
[2025-08-17 21:29:23] REQUEST_START RID=99893951251d6c9a UID=guest IP=2a02:4780:27:1234::8d GET /api/favorites/get_favorites.php | Début de traitement | GET{} POST{}
[2025-08-17 21:29:23] REQUEST_START RID=6f479720e77b6a4f UID=guest IP=2a02:4780:27:1234::8d GET /api/uploads/fetch_documents.php | Début de traitement | GET{} POST{}
[2025-08-17 21:29:23] REQUEST_START RID=98b39c5076a0dcfe UID=guest IP=2a02:4780:27:1234::8d GET /api/natinf/latest_natinfs.php | Début de traitement | GET{} POST{}
[2025-08-17 21:29:23] REQUEST_START RID=e9abc1179ec4284f UID=guest IP=2a02:4780:27:1234::8d GET /api/ggd/ggd_statistics.php | Début de traitement | GET{} POST{}
[2025-08-17 21:29:23] REQUEST_START RID=c04ffbf5c9df0650 UID=guest IP=2a02:4780:27:1234::8d GET /api/auth/update_last_login.php | Début de traitement | GET{} POST{}
[2025-08-17 21:29:23] REQUEST_START RID=ae1699b492f713ed UID=guest IP=2a02:4780:27:1234::8d GET /api/auth/post_login.php | Début de traitement | GET{} POST{}
[2025-08-17 21:29:23] REQUEST_START RID=84fa21c1f88b1c59 UID=guest IP=2a02:4780:27:1234::8d GET /pages/user/police-route/index.php | Début de traitement | GET{} POST{}
[2025-08-17 21:29:23] REQUEST_START RID=4b586563f74086b5 UID=3 IP=2a01:e0a:992:1730:ed04:12a4:1cdf:8a65 GET /includes/utils/status.php?api=test | Début de traitement | GET{api=test} POST{}
[2025-08-17 21:29:23] REQUEST_START RID=6206d4bf691fab03 UID=guest IP=2a02:4780:27:1234::8d GET /api/natinf/search_natinf.php | Début de traitement | GET{} POST{}
[2025-08-17 21:29:23] REQUEST_START RID=b9528b89bd417713 UID=guest IP=2a02:4780:27:1234::8d GET /api/favorites/get_favorites.php | Début de traitement | GET{} POST{}
[2025-08-17 21:29:23] REQUEST_START RID=54cf3cf511c2b07f UID=guest IP=2a02:4780:27:1234::8d GET /api/uploads/fetch_documents.php | Début de traitement | GET{} POST{}
[2025-08-17 21:29:23] REQUEST_START RID=ba202d8350469983 UID=guest IP=2a02:4780:27:1234::8d GET /api/natinf/latest_natinfs.php | Début de traitement | GET{} POST{}
[2025-08-17 21:29:23] REQUEST_START RID=7f473516c98d5c5c UID=guest IP=2a02:4780:27:1234::8d GET /api/ggd/ggd_statistics.php | Début de traitement | GET{} POST{}
[2025-08-17 21:29:23] REQUEST_START RID=f962644cf6bed449 UID=guest IP=2a02:4780:27:1234::8d GET /api/auth/update_last_login.php | Début de traitement | GET{} POST{}
[2025-08-17 21:29:23] REQUEST_START RID=3f7e02c700027475 UID=guest IP=2a02:4780:27:1234::8d GET /api/auth/post_login.php | Début de traitement | GET{} POST{}
[2025-08-17 21:29:23] REQUEST_START RID=59c6290e7c078a58 UID=guest IP=2a02:4780:27:1234::8d GET /pages/user/police-route/index.php | Début de traitement | GET{} POST{}
[2025-08-17 21:29:23] REQUEST_START RID=4b80c8eedf414b14 UID=3 IP=2a01:e0a:992:1730:ed04:12a4:1cdf:8a65 GET /includes/utils/status.php?api=test | Début de traitement | GET{api=test} POST{}
[2025-08-17 21:29:23] REQUEST_START RID=882c6b162f26f304 UID=guest IP=2a02:4780:27:1234::8d GET /api/natinf/search_natinf.php | Début de traitement | GET{} POST{}
[2025-08-17 21:29:23] REQUEST_START RID=b57ff9e058343731 UID=guest IP=2a02:4780:27:1234::8d GET /api/favorites/get_favorites.php | Début de traitement | GET{} POST{}
[2025-08-17 21:29:23] REQUEST_START RID=128d1b231c6fe4e2 UID=guest IP=2a02:4780:27:1234::8d GET /api/uploads/fetch_documents.php | Début de traitement | GET{} POST{}
[2025-08-17 21:29:23] REQUEST_START RID=5c4d23677a6a5d6e UID=guest IP=2a02:4780:27:1234::8d GET /api/natinf/latest_natinfs.php | Début de traitement | GET{} POST{}
[2025-08-17 21:29:23] REQUEST_START RID=adc1467822e38019 UID=guest IP=2a02:4780:27:1234::8d GET /api/ggd/ggd_statistics.php | Début de traitement | GET{} POST{}
[2025-08-17 21:29:23] REQUEST_START RID=55cbea030b53fdf7 UID=guest IP=2a02:4780:27:1234::8d GET /api/auth/update_last_login.php | Début de traitement | GET{} POST{}
[2025-08-17 21:29:23] REQUEST_START RID=543a78d54f0b5275 UID=guest IP=2a02:4780:27:1234::8d GET /api/auth/post_login.php | Début de traitement | GET{} POST{}
[2025-08-17 21:29:23] REQUEST_START RID=77e07b216a5e5d7f UID=guest IP=2a02:4780:27:1234::8d GET /pages/user/police-route/index.php | Début de traitement | GET{} POST{}
[2025-08-17 21:29:24] REQUEST_START RID=28a34ea69db01595 UID=3 IP=2a01:e0a:992:1730:ed04:12a4:1cdf:8a65 GET /includes/utils/status.php?api=test | Début de traitement | GET{api=test} POST{}
[2025-08-17 21:29:24] REQUEST_START RID=34d67e69a7afbf5d UID=guest IP=2a02:4780:27:1234::8d GET /api/natinf/search_natinf.php | Début de traitement | GET{} POST{}
[2025-08-17 21:29:24] REQUEST_START RID=28bd54417656427f UID=guest IP=2a02:4780:27:1234::8d GET /api/favorites/get_favorites.php | Début de traitement | GET{} POST{}
[2025-08-17 21:29:24] REQUEST_START RID=bd4c16c43984372b UID=guest IP=2a02:4780:27:1234::8d GET /api/uploads/fetch_documents.php | Début de traitement | GET{} POST{}
[2025-08-17 21:29:24] REQUEST_START RID=307adb0ca799d709 UID=guest IP=2a02:4780:27:1234::8d GET /api/natinf/latest_natinfs.php | Début de traitement | GET{} POST{}
[2025-08-17 21:29:24] REQUEST_START RID=a63f00e04341e5f7 UID=guest IP=2a02:4780:27:1234::8d GET /api/ggd/ggd_statistics.php | Début de traitement | GET{} POST{}
[2025-08-17 21:29:24] REQUEST_START RID=b69f8418b9992707 UID=guest IP=2a02:4780:27:1234::8d GET /api/auth/update_last_login.php | Début de traitement | GET{} POST{}
[2025-08-17 21:29:24] REQUEST_START RID=cfd6bb678c2c0b75 UID=guest IP=2a02:4780:27:1234::8d GET /api/auth/post_login.php | Début de traitement | GET{} POST{}
[2025-08-17 21:29:24] REQUEST_START RID=a0c7a2c711a6f4fa UID=guest IP=2a02:4780:27:1234::8d GET /pages/user/police-route/index.php | Début de traitement | GET{} POST{}
[2025-08-17 21:29:24] REQUEST_START RID=8cb281212eb67b39 UID=3 IP=2a01:e0a:992:1730:ed04:12a4:1cdf:8a65 GET /includes/utils/status.php?api=test | Début de traitement | GET{api=test} POST{}
[2025-08-17 21:29:24] REQUEST_START RID=9732d7df6ef00858 UID=guest IP=2a02:4780:27:1234::8d GET /api/natinf/search_natinf.php | Début de traitement | GET{} POST{}
[2025-08-17 21:29:24] REQUEST_START RID=af06a75c9b4ac1c0 UID=guest IP=2a02:4780:27:1234::8d GET /api/favorites/get_favorites.php | Début de traitement | GET{} POST{}
[2025-08-17 21:29:24] REQUEST_START RID=32c8926c37033df8 UID=guest IP=2a02:4780:27:1234::8d GET /api/uploads/fetch_documents.php | Début de traitement | GET{} POST{}
[2025-08-17 21:29:24] REQUEST_START RID=6731598ead001552 UID=guest IP=2a02:4780:27:1234::8d GET /api/natinf/latest_natinfs.php | Début de traitement | GET{} POST{}
[2025-08-17 21:29:24] REQUEST_START RID=7c066d94b0a56aa7 UID=guest IP=2a02:4780:27:1234::8d GET /api/ggd/ggd_statistics.php | Début de traitement | GET{} POST{}
[2025-08-17 21:29:24] REQUEST_START RID=03c8ada250f784cd UID=guest IP=2a02:4780:27:1234::8d GET /api/auth/update_last_login.php | Début de traitement | GET{} POST{}
[2025-08-17 21:29:24] REQUEST_START RID=6844e35fa1af8ef8 UID=guest IP=2a02:4780:27:1234::8d GET /api/auth/post_login.php | Début de traitement | GET{} POST{}
[2025-08-17 21:29:24] REQUEST_START RID=187d87575b299200 UID=guest IP=2a02:4780:27:1234::8d GET /pages/user/police-route/index.php | Début de traitement | GET{} POST{}
[2025-08-17 21:29:24] REQUEST_START RID=c86f668a51441e18 UID=3 IP=2a01:e0a:992:1730:ed04:12a4:1cdf:8a65 GET /includes/utils/status.php?api=test | Début de traitement | GET{api=test} POST{}
[2025-08-17 21:29:24] REQUEST_START RID=a614d08548dbffd7 UID=guest IP=2a02:4780:27:1234::8d GET /api/natinf/search_natinf.php | Début de traitement | GET{} POST{}
[2025-08-17 21:29:24] REQUEST_START RID=28f59f63675670c3 UID=guest IP=2a02:4780:27:1234::8d GET /api/favorites/get_favorites.php | Début de traitement | GET{} POST{}
[2025-08-17 21:29:24] REQUEST_START RID=d651ad5fb52bcfd3 UID=guest IP=2a02:4780:27:1234::8d GET /api/uploads/fetch_documents.php | Début de traitement | GET{} POST{}
[2025-08-17 21:29:24] REQUEST_START RID=d5283a7e24849cd3 UID=guest IP=2a02:4780:27:1234::8d GET /api/natinf/latest_natinfs.php | Début de traitement | GET{} POST{}
[2025-08-17 21:29:24] REQUEST_START RID=94247947d4968a30 UID=guest IP=2a02:4780:27:1234::8d GET /api/ggd/ggd_statistics.php | Début de traitement | GET{} POST{}
[2025-08-17 21:29:24] REQUEST_START RID=713cfa449116418d UID=guest IP=2a02:4780:27:1234::8d GET /api/auth/update_last_login.php | Début de traitement | GET{} POST{}
[2025-08-17 21:29:24] REQUEST_START RID=437f9c808d8cb226 UID=guest IP=2a02:4780:27:1234::8d GET /api/auth/post_login.php | Début de traitement | GET{} POST{}
[2025-08-17 21:29:24] REQUEST_START RID=8eaf5cfa20f7dd43 UID=guest IP=2a02:4780:27:1234::8d GET /pages/user/police-route/index.php | Début de traitement | GET{} POST{}
[2025-08-17 21:29:24] REQUEST_START RID=fa2a05cb7f9b89e7 UID=3 IP=2a01:e0a:992:1730:ed04:12a4:1cdf:8a65 GET /includes/utils/status.php?api=test | Début de traitement | GET{api=test} POST{}
[2025-08-17 21:29:24] REQUEST_START RID=3c48bc87bd908c25 UID=guest IP=2a02:4780:27:1234::8d GET /api/natinf/search_natinf.php | Début de traitement | GET{} POST{}
[2025-08-17 21:29:24] REQUEST_START RID=8e1b94b43333cf43 UID=guest IP=2a02:4780:27:1234::8d GET /api/favorites/get_favorites.php | Début de traitement | GET{} POST{}
[2025-08-17 21:29:24] REQUEST_START RID=3a7f08979d234506 UID=guest IP=2a02:4780:27:1234::8d GET /api/uploads/fetch_documents.php | Début de traitement | GET{} POST{}
[2025-08-17 21:29:24] REQUEST_START RID=c00c1b692ea9d7a6 UID=guest IP=2a02:4780:27:1234::8d GET /api/natinf/latest_natinfs.php | Début de traitement | GET{} POST{}
[2025-08-17 21:29:24] REQUEST_START RID=caea62a5b31b0328 UID=guest IP=2a02:4780:27:1234::8d GET /api/ggd/ggd_statistics.php | Début de traitement | GET{} POST{}
[2025-08-17 21:29:24] REQUEST_START RID=6f1ce0330fc6432d UID=guest IP=2a02:4780:27:1234::8d GET /api/auth/update_last_login.php | Début de traitement | GET{} POST{}
[2025-08-17 21:29:24] REQUEST_START RID=77a157748e3e1e9b UID=guest IP=2a02:4780:27:1234::8d GET /api/auth/post_login.php | Début de traitement | GET{} POST{}
[2025-08-17 21:29:24] REQUEST_START RID=85664190267d143a UID=guest IP=2a02:4780:27:1234::8d GET /pages/user/police-route/index.php | Début de traitement | GET{} POST{}
[2025-08-17 21:29:24] REQUEST_START RID=34c4f24d93cd2187 UID=3 IP=2a01:e0a:992:1730:ed04:12a4:1cdf:8a65 GET /includes/utils/status.php?api=test | Début de traitement | GET{api=test} POST{}
[2025-08-17 21:29:24] REQUEST_START RID=b567aa6f2c520d06 UID=guest IP=2a02:4780:27:1234::8d GET /api/natinf/search_natinf.php | Début de traitement | GET{} POST{}
[2025-08-17 21:29:24] REQUEST_START RID=b77da9c3afd0a259 UID=guest IP=2a02:4780:27:1234::8d GET /api/favorites/get_favorites.php | Début de traitement | GET{} POST{}
[2025-08-17 21:29:24] REQUEST_START RID=a8e85ecc5f82c302 UID=guest IP=2a02:4780:27:1234::8d GET /api/uploads/fetch_documents.php | Début de traitement | GET{} POST{}
[2025-08-17 21:29:24] REQUEST_START RID=7878f97ce892f025 UID=guest IP=2a02:4780:27:1234::8d GET /api/natinf/latest_natinfs.php | Début de traitement | GET{} POST{}
[2025-08-17 21:29:24] REQUEST_START RID=0b912316c7f99e0b UID=guest IP=2a02:4780:27:1234::8d GET /api/ggd/ggd_statistics.php | Début de traitement | GET{} POST{}
[2025-08-17 21:29:24] REQUEST_START RID=6b50ff41510fff34 UID=guest IP=2a02:4780:27:1234::8d GET /api/auth/update_last_login.php | Début de traitement | GET{} POST{}
[2025-08-17 21:29:24] REQUEST_START RID=c3db7bf1a460ffe2 UID=guest IP=2a02:4780:27:1234::8d GET /api/auth/post_login.php | Début de traitement | GET{} POST{}
[2025-08-17 21:29:24] REQUEST_START RID=b29f6d1ccc909d08 UID=guest IP=2a02:4780:27:1234::8d GET /pages/user/police-route/index.php | Début de traitement | GET{} POST{}
[2025-08-17 21:29:24] REQUEST_START RID=cf585df578f97e97 UID=3 IP=2a01:e0a:992:1730:ed04:12a4:1cdf:8a65 GET /includes/utils/status.php?api=test | Début de traitement | GET{api=test} POST{}
[2025-08-17 21:29:24] REQUEST_START RID=0aa5e5f0f70f4bef UID=guest IP=2a02:4780:27:1234::8d GET /api/natinf/search_natinf.php | Début de traitement | GET{} POST{}
[2025-08-17 21:29:24] REQUEST_START RID=5f791807d86c58dc UID=guest IP=2a02:4780:27:1234::8d GET /api/favorites/get_favorites.php | Début de traitement | GET{} POST{}
[2025-08-17 21:29:24] REQUEST_START RID=cfe817f5558581ff UID=guest IP=2a02:4780:27:1234::8d GET /api/uploads/fetch_documents.php | Début de traitement | GET{} POST{}
[2025-08-17 21:29:24] REQUEST_START RID=3d2ae7ddd59db35d UID=guest IP=2a02:4780:27:1234::8d GET /api/natinf/latest_natinfs.php | Début de traitement | GET{} POST{}
[2025-08-17 21:29:24] REQUEST_START RID=f362fb8458dae1a2 UID=guest IP=2a02:4780:27:1234::8d GET /api/ggd/ggd_statistics.php | Début de traitement | GET{} POST{}
[2025-08-17 21:29:24] REQUEST_START RID=c4b0276cf9e686fa UID=guest IP=2a02:4780:27:1234::8d GET /api/auth/update_last_login.php | Début de traitement | GET{} POST{}
[2025-08-17 21:29:24] REQUEST_START RID=f41bc8f1f0520da2 UID=guest IP=2a02:4780:27:1234::8d GET /api/auth/post_login.php | Début de traitement | GET{} POST{}
[2025-08-17 21:29:24] REQUEST_START RID=f59610d701cf0176 UID=guest IP=2a02:4780:27:1234::8d GET /pages/user/police-route/index.php | Début de traitement | GET{} POST{}
[2025-08-17 21:29:25] REQUEST_START RID=b7262d1ccb8005db UID=3 IP=2a01:e0a:992:1730:ed04:12a4:1cdf:8a65 GET /includes/utils/status.php?api=test | Début de traitement | GET{api=test} POST{}
[2025-08-17 21:29:25] REQUEST_START RID=7b5bbc3d091e341f UID=guest IP=2a02:4780:27:1234::8d GET /api/natinf/search_natinf.php | Début de traitement | GET{} POST{}
[2025-08-17 21:29:25] REQUEST_START RID=fa017525b878b073 UID=guest IP=2a02:4780:27:1234::8d GET /api/favorites/get_favorites.php | Début de traitement | GET{} POST{}
[2025-08-17 21:29:25] REQUEST_START RID=61d4b80531f422cb UID=guest IP=2a02:4780:27:1234::8d GET /api/uploads/fetch_documents.php | Début de traitement | GET{} POST{}
[2025-08-17 21:29:25] REQUEST_START RID=a7a1d60748bcd6fd UID=guest IP=2a02:4780:27:1234::8d GET /api/natinf/latest_natinfs.php | Début de traitement | GET{} POST{}
[2025-08-17 21:29:25] REQUEST_START RID=0d280644b69cbdc9 UID=guest IP=2a02:4780:27:1234::8d GET /api/ggd/ggd_statistics.php | Début de traitement | GET{} POST{}
[2025-08-17 21:29:25] REQUEST_START RID=8f318c93b586b94a UID=guest IP=2a02:4780:27:1234::8d GET /api/auth/update_last_login.php | Début de traitement | GET{} POST{}
[2025-08-17 21:29:25] REQUEST_START RID=accfef6fb153a209 UID=guest IP=2a02:4780:27:1234::8d GET /api/auth/post_login.php | Début de traitement | GET{} POST{}
[2025-08-17 21:29:25] REQUEST_START RID=88c13afc0dadd926 UID=guest IP=2a02:4780:27:1234::8d GET /pages/user/police-route/index.php | Début de traitement | GET{} POST{}
[2025-08-17 21:29:25] REQUEST_START RID=ba494349a3d4cf39 UID=3 IP=2a01:e0a:992:1730:ed04:12a4:1cdf:8a65 GET /includes/utils/status.php?api=test | Début de traitement | GET{api=test} POST{}
[2025-08-17 21:29:25] REQUEST_START RID=063daf69f8b3bc0f UID=guest IP=2a02:4780:27:1234::8d GET /api/natinf/search_natinf.php | Début de traitement | GET{} POST{}
[2025-08-17 21:29:25] REQUEST_START RID=8c3f15951c9b294d UID=guest IP=2a02:4780:27:1234::8d GET /api/favorites/get_favorites.php | Début de traitement | GET{} POST{}
[2025-08-17 21:29:25] REQUEST_START RID=1dd65103456d0616 UID=guest IP=2a02:4780:27:1234::8d GET /api/uploads/fetch_documents.php | Début de traitement | GET{} POST{}
[2025-08-17 21:29:25] REQUEST_START RID=7e8e44f04f04e1f5 UID=guest IP=2a02:4780:27:1234::8d GET /api/natinf/latest_natinfs.php | Début de traitement | GET{} POST{}
[2025-08-17 21:29:25] REQUEST_START RID=90227c626bbcb2cf UID=guest IP=2a02:4780:27:1234::8d GET /api/ggd/ggd_statistics.php | Début de traitement | GET{} POST{}
[2025-08-17 21:29:25] REQUEST_START RID=6619475e461da06c UID=guest IP=2a02:4780:27:1234::8d GET /api/auth/update_last_login.php | Début de traitement | GET{} POST{}
[2025-08-17 21:29:25] REQUEST_START RID=488bd11308c47fd9 UID=guest IP=2a02:4780:27:1234::8d GET /api/auth/post_login.php | Début de traitement | GET{} POST{}
[2025-08-17 21:29:25] REQUEST_START RID=2b2dbaf7e15ef67b UID=guest IP=2a02:4780:27:1234::8d GET /pages/user/police-route/index.php | Début de traitement | GET{} POST{}
[2025-08-17 21:29:25] REQUEST_START RID=75d4dddf1a113466 UID=3 IP=2a01:e0a:992:1730:ed04:12a4:1cdf:8a65 GET /includes/utils/status.php?api=test | Début de traitement | GET{api=test} POST{}
[2025-08-17 21:29:25] REQUEST_START RID=0f9b05e391c875fe UID=guest IP=2a02:4780:27:1234::8d GET /api/natinf/search_natinf.php | Début de traitement | GET{} POST{}
[2025-08-17 21:29:25] REQUEST_START RID=d76b0fc5b73b8983 UID=guest IP=2a02:4780:27:1234::8d GET /api/favorites/get_favorites.php | Début de traitement | GET{} POST{}
[2025-08-17 21:29:25] REQUEST_START RID=035e4dbe29661d95 UID=guest IP=2a02:4780:27:1234::8d GET /api/uploads/fetch_documents.php | Début de traitement | GET{} POST{}
[2025-08-17 21:29:25] REQUEST_START RID=bc9401504d6f8b9b UID=guest IP=2a02:4780:27:1234::8d GET /api/natinf/latest_natinfs.php | Début de traitement | GET{} POST{}
[2025-08-17 21:29:25] REQUEST_START RID=6f2e4377246e0c33 UID=guest IP=2a02:4780:27:1234::8d GET /api/ggd/ggd_statistics.php | Début de traitement | GET{} POST{}
[2025-08-17 21:29:25] REQUEST_START RID=d1678c0ea41d3c5c UID=guest IP=2a02:4780:27:1234::8d GET /api/auth/update_last_login.php | Début de traitement | GET{} POST{}
[2025-08-17 21:29:25] REQUEST_START RID=b9d41b10810c2401 UID=guest IP=2a02:4780:27:1234::8d GET /api/auth/post_login.php | Début de traitement | GET{} POST{}
[2025-08-17 21:29:25] REQUEST_START RID=8969bb6b8d110e3b UID=guest IP=2a02:4780:27:1234::8d GET /pages/user/police-route/index.php | Début de traitement | GET{} POST{}
[2025-08-17 21:29:25] REQUEST_START RID=b0c9a2f8682683b4 UID=3 IP=2a01:e0a:992:1730:ed04:12a4:1cdf:8a65 GET /includes/utils/status.php?api=test | Début de traitement | GET{api=test} POST{}
[2025-08-17 21:29:25] REQUEST_START RID=6f0e9b5cfae1d6e6 UID=guest IP=2a02:4780:27:1234::8d GET /api/natinf/search_natinf.php | Début de traitement | GET{} POST{}
[2025-08-17 21:29:25] REQUEST_START RID=4ffbee41b838cf1f UID=guest IP=2a02:4780:27:1234::8d GET /api/favorites/get_favorites.php | Début de traitement | GET{} POST{}
[2025-08-17 21:29:25] REQUEST_START RID=4c620c1d9593e95e UID=guest IP=2a02:4780:27:1234::8d GET /api/uploads/fetch_documents.php | Début de traitement | GET{} POST{}
[2025-08-17 21:29:25] REQUEST_START RID=7ba144777db4bbf0 UID=guest IP=2a02:4780:27:1234::8d GET /api/natinf/latest_natinfs.php | Début de traitement | GET{} POST{}
[2025-08-17 21:29:25] REQUEST_START RID=1d95fe81bb1e0680 UID=guest IP=2a02:4780:27:1234::8d GET /api/ggd/ggd_statistics.php | Début de traitement | GET{} POST{}
[2025-08-17 21:29:25] REQUEST_START RID=0e706c4af984ed38 UID=guest IP=2a02:4780:27:1234::8d GET /api/auth/update_last_login.php | Début de traitement | GET{} POST{}
[2025-08-17 21:29:25] REQUEST_START RID=41632820f725d563 UID=guest IP=2a02:4780:27:1234::8d GET /api/auth/post_login.php | Début de traitement | GET{} POST{}
[2025-08-17 21:29:25] REQUEST_START RID=4511c071896b46e9 UID=guest IP=2a02:4780:27:1234::8d GET /pages/user/police-route/index.php | Début de traitement | GET{} POST{}
[2025-08-17 21:29:25] REQUEST_START RID=419d1155a0564ee3 UID=3 IP=2a01:e0a:992:1730:ed04:12a4:1cdf:8a65 GET /includes/utils/status.php?api=test | Début de traitement | GET{api=test} POST{}
[2025-08-17 21:29:25] REQUEST_START RID=28a48df2c7a4679d UID=guest IP=2a02:4780:27:1234::8d GET /api/natinf/search_natinf.php | Début de traitement | GET{} POST{}
[2025-08-17 21:29:25] REQUEST_START RID=f48f8a2a849ea0d6 UID=guest IP=2a02:4780:27:1234::8d GET /api/favorites/get_favorites.php | Début de traitement | GET{} POST{}
[2025-08-17 21:29:25] REQUEST_START RID=5123e3a82c603337 UID=guest IP=2a02:4780:27:1234::8d GET /api/uploads/fetch_documents.php | Début de traitement | GET{} POST{}
[2025-08-17 21:29:25] REQUEST_START RID=a38dc42225a87ebc UID=guest IP=2a02:4780:27:1234::8d GET /api/natinf/latest_natinfs.php | Début de traitement | GET{} POST{}
[2025-08-17 21:29:25] REQUEST_START RID=7ceb1c7b3133ee71 UID=guest IP=2a02:4780:27:1234::8d GET /api/ggd/ggd_statistics.php | Début de traitement | GET{} POST{}
[2025-08-17 21:29:25] REQUEST_START RID=9777ded7cfd9708d UID=guest IP=2a02:4780:27:1234::8d GET /api/auth/update_last_login.php | Début de traitement | GET{} POST{}
[2025-08-17 21:29:25] REQUEST_START RID=f19e10a4ab248e26 UID=guest IP=2a02:4780:27:1234::8d GET /api/auth/post_login.php | Début de traitement | GET{} POST{}
[2025-08-17 21:29:25] REQUEST_START RID=34f84084ee82c075 UID=guest IP=2a02:4780:27:1234::8d GET /pages/user/police-route/index.php | Début de traitement | GET{} POST{}
[2025-08-17 21:29:25] REQUEST_START RID=17396e77832160dd UID=3 IP=2a01:e0a:992:1730:ed04:12a4:1cdf:8a65 GET /includes/utils/status.php?api=test | Début de traitement | GET{api=test} POST{}
[2025-08-17 21:29:25] REQUEST_START RID=1c1eb408d5f658aa UID=guest IP=2a02:4780:27:1234::8d GET /api/natinf/search_natinf.php | Début de traitement | GET{} POST{}
[2025-08-17 21:29:25] REQUEST_START RID=3fc69a04f21640cc UID=guest IP=2a02:4780:27:1234::8d GET /api/favorites/get_favorites.php | Début de traitement | GET{} POST{}
[2025-08-17 21:29:25] REQUEST_START RID=a66445a62deb3417 UID=guest IP=2a02:4780:27:1234::8d GET /api/uploads/fetch_documents.php | Début de traitement | GET{} POST{}
[2025-08-17 21:29:25] REQUEST_START RID=25b1b42dd847adc6 UID=guest IP=2a02:4780:27:1234::8d GET /api/natinf/latest_natinfs.php | Début de traitement | GET{} POST{}
[2025-08-17 21:29:25] REQUEST_START RID=b00f62e2c41eceab UID=guest IP=2a02:4780:27:1234::8d GET /api/ggd/ggd_statistics.php | Début de traitement | GET{} POST{}
[2025-08-17 21:29:25] REQUEST_START RID=483aa5c98a74be0b UID=guest IP=2a02:4780:27:1234::8d GET /api/auth/update_last_login.php | Début de traitement | GET{} POST{}
[2025-08-17 21:29:25] REQUEST_START RID=84d7916de10fa54e UID=guest IP=2a02:4780:27:1234::8d GET /api/auth/post_login.php | Début de traitement | GET{} POST{}
[2025-08-17 21:29:25] REQUEST_START RID=61e6f0e123d960e8 UID=guest IP=2a02:4780:27:1234::8d GET /pages/user/police-route/index.php | Début de traitement | GET{} POST{}
[2025-08-17 21:29:25] REQUEST_START RID=50301bc2a48bdb9e UID=3 IP=2a01:e0a:992:1730:ed04:12a4:1cdf:8a65 GET /includes/utils/status.php?api=test | Début de traitement | GET{api=test} POST{}
[2025-08-17 21:29:26] REQUEST_START RID=c73b4bba1fa6a336 UID=guest IP=2a02:4780:27:1234::8d GET /api/natinf/search_natinf.php | Début de traitement | GET{} POST{}
[2025-08-17 21:29:26] REQUEST_START RID=194ac410d5d606bc UID=guest IP=2a02:4780:27:1234::8d GET /api/favorites/get_favorites.php | Début de traitement | GET{} POST{}
[2025-08-17 21:29:26] REQUEST_START RID=b500dfdde94dfa17 UID=guest IP=2a02:4780:27:1234::8d GET /api/uploads/fetch_documents.php | Début de traitement | GET{} POST{}
[2025-08-17 21:29:26] REQUEST_START RID=a4412da8a5e989da UID=guest IP=2a02:4780:27:1234::8d GET /api/natinf/latest_natinfs.php | Début de traitement | GET{} POST{}
[2025-08-17 21:29:26] REQUEST_START RID=19b87356c3f9830f UID=guest IP=2a02:4780:27:1234::8d GET /api/ggd/ggd_statistics.php | Début de traitement | GET{} POST{}
[2025-08-17 21:29:26] REQUEST_START RID=26d903c808111708 UID=guest IP=2a02:4780:27:1234::8d GET /api/auth/update_last_login.php | Début de traitement | GET{} POST{}
[2025-08-17 21:29:26] REQUEST_START RID=b11ff2116e787f5f UID=guest IP=2a02:4780:27:1234::8d GET /api/auth/post_login.php | Début de traitement | GET{} POST{}
[2025-08-17 21:29:26] REQUEST_START RID=5d349ffa498f2d39 UID=guest IP=2a02:4780:27:1234::8d GET /pages/user/police-route/index.php | Début de traitement | GET{} POST{}
[2025-08-17 21:29:26] REQUEST_START RID=aa081f5f69f41a46 UID=3 IP=2a01:e0a:992:1730:ed04:12a4:1cdf:8a65 GET /includes/utils/status.php?api=test | Début de traitement | GET{api=test} POST{}
[2025-08-17 21:29:26] REQUEST_START RID=4374b8fd33e5be27 UID=guest IP=2a02:4780:27:1234::8d GET /api/natinf/search_natinf.php | Début de traitement | GET{} POST{}
[2025-08-17 21:29:26] REQUEST_START RID=c610dfa664e7b848 UID=guest IP=2a02:4780:27:1234::8d GET /api/favorites/get_favorites.php | Début de traitement | GET{} POST{}
[2025-08-17 21:29:26] REQUEST_START RID=5171b721e72427dd UID=guest IP=2a02:4780:27:1234::8d GET /api/uploads/fetch_documents.php | Début de traitement | GET{} POST{}
[2025-08-17 21:29:26] REQUEST_START RID=55fa6433f75909b1 UID=guest IP=2a02:4780:27:1234::8d GET /api/natinf/latest_natinfs.php | Début de traitement | GET{} POST{}
[2025-08-17 21:29:26] REQUEST_START RID=75de3764c182df40 UID=guest IP=2a02:4780:27:1234::8d GET /api/ggd/ggd_statistics.php | Début de traitement | GET{} POST{}
[2025-08-17 21:29:26] REQUEST_START RID=c0dd4b701b687e7d UID=guest IP=2a02:4780:27:1234::8d GET /api/auth/update_last_login.php | Début de traitement | GET{} POST{}
[2025-08-17 21:29:26] REQUEST_START RID=24c75200e0ec1da9 UID=guest IP=2a02:4780:27:1234::8d GET /api/auth/post_login.php | Début de traitement | GET{} POST{}
[2025-08-17 21:29:26] REQUEST_START RID=d7ad5b13dfc58863 UID=guest IP=2a02:4780:27:1234::8d GET /pages/user/police-route/index.php | Début de traitement | GET{} POST{}
[2025-08-17 21:29:26] REQUEST_START RID=909d44684ae1482f UID=3 IP=2a01:e0a:992:1730:ed04:12a4:1cdf:8a65 GET /includes/utils/status.php?api=test | Début de traitement | GET{api=test} POST{}
[2025-08-17 21:29:26] REQUEST_START RID=bb322efd5cc6c5aa UID=guest IP=2a02:4780:27:1234::8d GET /api/natinf/search_natinf.php | Début de traitement | GET{} POST{}
[2025-08-17 21:29:26] REQUEST_START RID=253131e05cfd7a37 UID=guest IP=2a02:4780:27:1234::8d GET /api/favorites/get_favorites.php | Début de traitement | GET{} POST{}
[2025-08-17 21:29:26] REQUEST_START RID=27ef4fc714fb0d54 UID=guest IP=2a02:4780:27:1234::8d GET /api/uploads/fetch_documents.php | Début de traitement | GET{} POST{}
[2025-08-17 21:29:26] REQUEST_START RID=e992c1fcb2b21a76 UID=guest IP=2a02:4780:27:1234::8d GET /api/natinf/latest_natinfs.php | Début de traitement | GET{} POST{}
[2025-08-17 21:29:26] REQUEST_START RID=79d532f2823c2aed UID=guest IP=2a02:4780:27:1234::8d GET /api/ggd/ggd_statistics.php | Début de traitement | GET{} POST{}
[2025-08-17 21:29:26] REQUEST_START RID=ae9938088e98c160 UID=guest IP=2a02:4780:27:1234::8d GET /api/auth/update_last_login.php | Début de traitement | GET{} POST{}
[2025-08-17 21:29:26] REQUEST_START RID=11ca2bb577f8acd5 UID=guest IP=2a02:4780:27:1234::8d GET /api/auth/post_login.php | Début de traitement | GET{} POST{}
[2025-08-17 21:29:26] REQUEST_START RID=2c4ab7e652d5ddb4 UID=guest IP=2a02:4780:27:1234::8d GET /pages/user/police-route/index.php | Début de traitement | GET{} POST{}
[2025-08-17 21:29:29] REQUEST_START RID=879740eb512cd95f UID=3 IP=2a01:e0a:992:1730:ed04:12a4:1cdf:8a65 GET /accueil.php | Début de traitement | GET{} POST{}
[2025-08-17 21:29:30] REQUEST_START RID=c8af1bc21f01e3a1 UID=3 IP=2a01:e0a:992:1730:ed04:12a4:1cdf:8a65 GET /api/ggd/check_ggd_info.php | Début de traitement | GET{} POST{}
[2025-08-17 21:29:41] REQUEST_START RID=5ac9ad4539a1e8bc UID=3 IP=2a01:e0a:992:1730:ed04:12a4:1cdf:8a65 GET /pages/admin/check_admin.php | Début de traitement | GET{} POST{}
[2025-08-17 21:29:41] REQUEST_START RID=f8306203620d5fa0 UID=3 IP=2a01:e0a:992:1730:ed04:12a4:1cdf:8a65 GET /api/ggd/ggd_statistics.php | Début de traitement | GET{} POST{}
[2025-08-17 21:29:45] REQUEST_START RID=54812034451106e5 UID=3 IP=2a01:e0a:992:1730:ed04:12a4:1cdf:8a65 GET /accueil.php | Début de traitement | GET{} POST{}
[2025-08-17 21:29:46] REQUEST_START RID=fb2a8379c2280da1 UID=3 IP=2a01:e0a:992:1730:ed04:12a4:1cdf:8a65 GET /api/ggd/check_ggd_info.php | Début de traitement | GET{} POST{}
[2025-08-17 21:29:48] REQUEST_START RID=9cd71b746d86ffe1 UID=3 IP=2a01:e0a:992:1730:ed04:12a4:1cdf:8a65 GET /api/natinf/redirect_natinf.php | Début de traitement | GET{} POST{}
[2025-08-17 21:29:48] REQUEST_START RID=9c40cb21015eb3e1 UID=3 IP=2a01:e0a:992:1730:ed04:12a4:1cdf:8a65 GET /pages/user/natinfs_updated.php | Début de traitement | GET{} POST{}
[2025-08-17 21:29:49] REQUEST_START RID=97385988004a92d1 UID=3 IP=2a01:e0a:992:1730:ed04:12a4:1cdf:8a65 GET /api/favorites/get_favorites.php | Début de traitement | GET{} POST{}
[2025-08-17 21:29:49] REQUEST_START RID=7568a0899c36fec3 UID=3 IP=2a01:e0a:992:1730:ed04:12a4:1cdf:8a65 GET /api/favorites/get_favorites.php | Début de traitement | GET{} POST{}
[2025-08-17 21:29:53] REQUEST_START RID=44ba8ac970d55d32 UID=3 IP=2a01:e0a:992:1730:ed04:12a4:1cdf:8a65 GET /pages/user/natinfs_simple.php | Début de traitement | GET{} POST{}
[2025-08-17 21:29:56] REQUEST_START RID=828c2c2b9ad85370 UID=3 IP=2a01:e0a:992:1730:ed04:12a4:1cdf:8a65 GET /accueil.php | Début de traitement | GET{} POST{}
[2025-08-17 21:29:57] REQUEST_START RID=cf662379439dd98e UID=3 IP=2a01:e0a:992:1730:ed04:12a4:1cdf:8a65 GET /api/ggd/check_ggd_info.php | Début de traitement | GET{} POST{}
[2025-08-17 21:30:00] REQUEST_START RID=4708ee66fa3e26e1 UID=3 IP=2a01:e0a:992:1730:ed04:12a4:1cdf:8a65 GET /api/natinf/redirect_natinf.php | Début de traitement | GET{} POST{}
[2025-08-17 21:30:00] REQUEST_START RID=cdc2be5ae5864bd0 UID=3 IP=2a01:e0a:992:1730:ed04:12a4:1cdf:8a65 GET /pages/user/natinfs_updated.php | Début de traitement | GET{} POST{}
[2025-08-17 21:30:01] REQUEST_START RID=3074f42777b1be49 UID=3 IP=2a01:e0a:992:1730:ed04:12a4:1cdf:8a65 GET /api/favorites/get_favorites.php | Début de traitement | GET{} POST{}
[2025-08-17 21:30:01] REQUEST_START RID=9ccfe9b30176e5fe UID=3 IP=2a01:e0a:992:1730:ed04:12a4:1cdf:8a65 GET /api/favorites/get_favorites.php | Début de traitement | GET{} POST{}
[2025-08-17 21:30:02] REQUEST_START RID=bf208c6a15d820c2 UID=3 IP=2a01:e0a:992:1730:ed04:12a4:1cdf:8a65 GET /pages/user/natinfs_simple.php | Début de traitement | GET{} POST{}
[2025-08-17 21:30:27] REQUEST_START RID=8e230eb1f88d1a68 UID=3 IP=2a01:e0a:992:1730:ed04:12a4:1cdf:8a65 GET /resultats_requete.php?q=456 | Début de traitement | GET{q=456} POST{}
[2025-08-17 21:30:27] ERROR     RID=8e230eb1f88d1a68 UID=3 IP=2a01:e0a:992:1730:ed04:12a4:1cdf:8a65 GET /resultats_requete.php?q=456 | session_start(): Ignoring session_start() because a session is already active (resultats_requete.php:6) [errno=8] | trace=resultats_requete.php:6 session_start | GET{q=456} POST{}
[2025-08-17 21:30:31] REQUEST_START RID=ca352770952620af UID=3 IP=2a01:e0a:992:1730:ed04:12a4:1cdf:8a65 GET /pages/user/natinfs_simple.php | Début de traitement | GET{} POST{}
[2025-08-17 21:30:33] REQUEST_START RID=a8895e6290533e28 UID=3 IP=2a01:e0a:992:1730:ed04:12a4:1cdf:8a65 GET /resultats_requete.php?q=traite | Début de traitement | GET{q=traite} POST{}
[2025-08-17 21:30:33] ERROR     RID=a8895e6290533e28 UID=3 IP=2a01:e0a:992:1730:ed04:12a4:1cdf:8a65 GET /resultats_requete.php?q=traite | session_start(): Ignoring session_start() because a session is already active (resultats_requete.php:6) [errno=8] | trace=resultats_requete.php:6 session_start | GET{q=traite} POST{}
[2025-08-17 21:30:42] REQUEST_START RID=6bd4e9736902b0c0 UID=3 IP=2a01:e0a:992:1730:ed04:12a4:1cdf:8a65 GET /api/natinf/consulter_natinf.php?code=23781 | Début de traitement | GET{code=23781} POST{}
[2025-08-17 21:30:59] REQUEST_START RID=369cfacf2396b6db UID=3 IP=2a01:e0a:992:1730:ed04:12a4:1cdf:8a65 GET /pages/user/natinfs_updated.php | Début de traitement | GET{} POST{}
[2025-08-17 21:31:00] REQUEST_START RID=cffebc1650d61448 UID=3 IP=2a01:e0a:992:1730:ed04:12a4:1cdf:8a65 GET /api/favorites/get_favorites.php | Début de traitement | GET{} POST{}
[2025-08-17 21:31:00] REQUEST_START RID=347ab60b4249cd04 UID=3 IP=2a01:e0a:992:1730:ed04:12a4:1cdf:8a65 GET /api/favorites/get_favorites.php | Début de traitement | GET{} POST{}
[2025-08-17 21:31:11] REQUEST_START RID=a878035926c0d953 UID=3 IP=2a01:e0a:992:1730:ed04:12a4:1cdf:8a65 POST /pages/user/search_natinf.php | Début de traitement | GET{} POST{}
[2025-08-17 21:31:11] REQUEST_START RID=933d6882a3570b84 UID=3 IP=2a01:e0a:992:1730:ed04:12a4:1cdf:8a65 POST /api/favorites/check_favorite.php | Début de traitement | GET{} POST{}
[2025-08-17 21:31:43] REQUEST_START RID=529901d293d4d9e1 UID=3 IP=2a01:e0a:992:1730:ed04:12a4:1cdf:8a65 GET /pages/user/natinfs_updated.php | Début de traitement | GET{} POST{}
[2025-08-17 21:31:45] REQUEST_START RID=00f8e864db016934 UID=3 IP=2a01:e0a:992:1730:ed04:12a4:1cdf:8a65 GET /api/favorites/get_favorites.php | Début de traitement | GET{} POST{}
[2025-08-17 21:31:45] REQUEST_START RID=53e546cdfb08a453 UID=3 IP=2a01:e0a:992:1730:ed04:12a4:1cdf:8a65 GET /api/favorites/get_favorites.php | Début de traitement | GET{} POST{}
[2025-08-17 21:32:15] REQUEST_START RID=08e6818de8960298 UID=3 IP=2a01:e0a:992:1730:ed04:12a4:1cdf:8a65 GET /pages/user/natinfs_updated.php | Début de traitement | GET{} POST{}
[2025-08-17 21:32:15] REQUEST_START RID=7e3d89014036081f UID=3 IP=2a01:e0a:992:1730:ed04:12a4:1cdf:8a65 GET /pages/user/natinfs_simple.php | Début de traitement | GET{} POST{}
[2025-08-17 21:32:24] REQUEST_START RID=f0fbd5f2c6013987 UID=3 IP=2a01:e0a:992:1730:ed04:12a4:1cdf:8a65 GET /includes/utils/user_settings.php | Début de traitement | GET{} POST{}
[2025-08-17 21:32:53] REQUEST_START RID=1d001c07496925e8 UID=3 IP=2a01:e0a:992:1730:ed04:12a4:1cdf:8a65 GET /accueil.php | Début de traitement | GET{} POST{}
[2025-08-17 21:32:54] REQUEST_START RID=4ccbb46ee041c997 UID=3 IP=2a01:e0a:992:1730:ed04:12a4:1cdf:8a65 GET /api/ggd/check_ggd_info.php | Début de traitement | GET{} POST{}
[2025-08-17 21:32:55] REQUEST_START RID=3e4e9a7e8cf764df UID=3 IP=2a01:e0a:992:1730:ed04:12a4:1cdf:8a65 GET /pages/admin/check_admin.php | Début de traitement | GET{} POST{}
[2025-08-17 21:32:55] REQUEST_START RID=95a99636b5fde0c5 UID=3 IP=2a01:e0a:992:1730:ed04:12a4:1cdf:8a65 GET /pages/admin/index.php | Début de traitement | GET{} POST{}
[2025-08-17 21:32:55] ERROR     RID=95a99636b5fde0c5 UID=3 IP=2a01:e0a:992:1730:ed04:12a4:1cdf:8a65 GET /pages/admin/index.php | addslashes(): Passing null to parameter #1 ($string) of type string is deprecated (index.php:297) [errno=8192] | trace=index.php:297 addslashes | GET{} POST{}
[2025-08-17 21:32:55] ERROR     RID=95a99636b5fde0c5 UID=3 IP=2a01:e0a:992:1730:ed04:12a4:1cdf:8a65 GET /pages/admin/index.php | addslashes(): Passing null to parameter #1 ($string) of type string is deprecated (index.php:297) [errno=8192] | trace=index.php:297 addslashes | GET{} POST{}
[2025-08-17 21:32:55] ERROR     RID=95a99636b5fde0c5 UID=3 IP=2a01:e0a:992:1730:ed04:12a4:1cdf:8a65 GET /pages/admin/index.php | addslashes(): Passing null to parameter #1 ($string) of type string is deprecated (index.php:398) [errno=8192] | trace=index.php:398 addslashes | GET{} POST{}
[2025-08-17 21:32:55] ERROR     RID=95a99636b5fde0c5 UID=3 IP=2a01:e0a:992:1730:ed04:12a4:1cdf:8a65 GET /pages/admin/index.php | addslashes(): Passing null to parameter #1 ($string) of type string is deprecated (index.php:398) [errno=8192] | trace=index.php:398 addslashes | GET{} POST{}
[2025-08-17 21:32:57] REQUEST_START RID=59b268f16bc75db1 UID=3 IP=2a01:e0a:992:1730:ed04:12a4:1cdf:8a65 GET /accueil.php | Début de traitement | GET{} POST{}
[2025-08-17 21:32:58] REQUEST_START RID=19475a018dbaa9b6 UID=3 IP=2a01:e0a:992:1730:ed04:12a4:1cdf:8a65 GET /pages/admin/check_admin.php | Début de traitement | GET{} POST{}
[2025-08-17 21:32:58] REQUEST_START RID=c8f0f1bea887f168 UID=3 IP=2a01:e0a:992:1730:ed04:12a4:1cdf:8a65 GET /pages/admin/index.php | Début de traitement | GET{} POST{}
[2025-08-17 21:32:58] ERROR     RID=c8f0f1bea887f168 UID=3 IP=2a01:e0a:992:1730:ed04:12a4:1cdf:8a65 GET /pages/admin/index.php | addslashes(): Passing null to parameter #1 ($string) of type string is deprecated (index.php:297) [errno=8192] | trace=index.php:297 addslashes | GET{} POST{}
[2025-08-17 21:32:58] ERROR     RID=c8f0f1bea887f168 UID=3 IP=2a01:e0a:992:1730:ed04:12a4:1cdf:8a65 GET /pages/admin/index.php | addslashes(): Passing null to parameter #1 ($string) of type string is deprecated (index.php:297) [errno=8192] | trace=index.php:297 addslashes | GET{} POST{}
[2025-08-17 21:32:58] ERROR     RID=c8f0f1bea887f168 UID=3 IP=2a01:e0a:992:1730:ed04:12a4:1cdf:8a65 GET /pages/admin/index.php | addslashes(): Passing null to parameter #1 ($string) of type string is deprecated (index.php:398) [errno=8192] | trace=index.php:398 addslashes | GET{} POST{}
[2025-08-17 21:32:58] ERROR     RID=c8f0f1bea887f168 UID=3 IP=2a01:e0a:992:1730:ed04:12a4:1cdf:8a65 GET /pages/admin/index.php | addslashes(): Passing null to parameter #1 ($string) of type string is deprecated (index.php:398) [errno=8192] | trace=index.php:398 addslashes | GET{} POST{}
[2025-08-17 21:32:58] REQUEST_START RID=3093b07a6a25a79f UID=3 IP=2a01:e0a:992:1730:ed04:12a4:1cdf:8a65 GET /api/ggd/check_ggd_info.php | Début de traitement | GET{} POST{}
[2025-08-17 21:32:59] REQUEST_START RID=58c1bd99ffa8fcc3 UID=3 IP=2a01:e0a:992:1730:ed04:12a4:1cdf:8a65 GET /accueil.php | Début de traitement | GET{} POST{}
[2025-08-17 21:32:59] REQUEST_START RID=6964aa650b80a613 UID=3 IP=2a01:e0a:992:1730:ed04:12a4:1cdf:8a65 GET /pages/admin/check_admin.php | Début de traitement | GET{} POST{}
[2025-08-17 21:32:59] REQUEST_START RID=928dc74c8c504169 UID=3 IP=2a01:e0a:992:1730:ed04:12a4:1cdf:8a65 GET /pages/admin/index.php | Début de traitement | GET{} POST{}
[2025-08-17 21:32:59] ERROR     RID=928dc74c8c504169 UID=3 IP=2a01:e0a:992:1730:ed04:12a4:1cdf:8a65 GET /pages/admin/index.php | addslashes(): Passing null to parameter #1 ($string) of type string is deprecated (index.php:297) [errno=8192] | trace=index.php:297 addslashes | GET{} POST{}
[2025-08-17 21:32:59] ERROR     RID=928dc74c8c504169 UID=3 IP=2a01:e0a:992:1730:ed04:12a4:1cdf:8a65 GET /pages/admin/index.php | addslashes(): Passing null to parameter #1 ($string) of type string is deprecated (index.php:297) [errno=8192] | trace=index.php:297 addslashes | GET{} POST{}
[2025-08-17 21:32:59] ERROR     RID=928dc74c8c504169 UID=3 IP=2a01:e0a:992:1730:ed04:12a4:1cdf:8a65 GET /pages/admin/index.php | addslashes(): Passing null to parameter #1 ($string) of type string is deprecated (index.php:398) [errno=8192] | trace=index.php:398 addslashes | GET{} POST{}
[2025-08-17 21:32:59] ERROR     RID=928dc74c8c504169 UID=3 IP=2a01:e0a:992:1730:ed04:12a4:1cdf:8a65 GET /pages/admin/index.php | addslashes(): Passing null to parameter #1 ($string) of type string is deprecated (index.php:398) [errno=8192] | trace=index.php:398 addslashes | GET{} POST{}
[2025-08-17 21:33:00] REQUEST_START RID=4ae6f4ed3b8c31b3 UID=3 IP=2a01:e0a:992:1730:ed04:12a4:1cdf:8a65 GET /accueil.php | Début de traitement | GET{} POST{}
[2025-08-17 21:33:01] REQUEST_START RID=7cd1962dd5edb9f3 UID=3 IP=2a01:e0a:992:1730:ed04:12a4:1cdf:8a65 GET /pages/admin/check_admin.php | Début de traitement | GET{} POST{}
[2025-08-17 21:33:01] REQUEST_START RID=030313ddf019ffd6 UID=3 IP=2a01:e0a:992:1730:ed04:12a4:1cdf:8a65 GET /pages/admin/index.php | Début de traitement | GET{} POST{}
[2025-08-17 21:33:01] ERROR     RID=030313ddf019ffd6 UID=3 IP=2a01:e0a:992:1730:ed04:12a4:1cdf:8a65 GET /pages/admin/index.php | addslashes(): Passing null to parameter #1 ($string) of type string is deprecated (index.php:297) [errno=8192] | trace=index.php:297 addslashes | GET{} POST{}
[2025-08-17 21:33:01] ERROR     RID=030313ddf019ffd6 UID=3 IP=2a01:e0a:992:1730:ed04:12a4:1cdf:8a65 GET /pages/admin/index.php | addslashes(): Passing null to parameter #1 ($string) of type string is deprecated (index.php:297) [errno=8192] | trace=index.php:297 addslashes | GET{} POST{}
[2025-08-17 21:33:01] ERROR     RID=030313ddf019ffd6 UID=3 IP=2a01:e0a:992:1730:ed04:12a4:1cdf:8a65 GET /pages/admin/index.php | addslashes(): Passing null to parameter #1 ($string) of type string is deprecated (index.php:398) [errno=8192] | trace=index.php:398 addslashes | GET{} POST{}
[2025-08-17 21:33:01] ERROR     RID=030313ddf019ffd6 UID=3 IP=2a01:e0a:992:1730:ed04:12a4:1cdf:8a65 GET /pages/admin/index.php | addslashes(): Passing null to parameter #1 ($string) of type string is deprecated (index.php:398) [errno=8192] | trace=index.php:398 addslashes | GET{} POST{}
[2025-08-17 21:33:19] REQUEST_START RID=970f75e6173cc1eb UID=3 IP=2a01:e0a:992:1730:ed04:12a4:1cdf:8a65 GET /accueil.php | Début de traitement | GET{} POST{}
[2025-08-17 21:33:19] REQUEST_START RID=31af3c8f7b2571cb UID=3 IP=2a01:e0a:992:1730:ed04:12a4:1cdf:8a65 GET /accueil.php | Début de traitement | GET{} POST{}
[2025-08-17 21:33:20] REQUEST_START RID=17a12a191853bc16 UID=3 IP=2a01:e0a:992:1730:ed04:12a4:1cdf:8a65 GET /pages/admin/check_admin.php | Début de traitement | GET{} POST{}
[2025-08-17 21:33:20] REQUEST_START RID=0d617acd86a97c77 UID=3 IP=2a01:e0a:992:1730:ed04:12a4:1cdf:8a65 GET /pages/admin/index.php | Début de traitement | GET{} POST{}
[2025-08-17 21:33:20] ERROR     RID=0d617acd86a97c77 UID=3 IP=2a01:e0a:992:1730:ed04:12a4:1cdf:8a65 GET /pages/admin/index.php | addslashes(): Passing null to parameter #1 ($string) of type string is deprecated (index.php:297) [errno=8192] | trace=index.php:297 addslashes | GET{} POST{}
[2025-08-17 21:33:20] ERROR     RID=0d617acd86a97c77 UID=3 IP=2a01:e0a:992:1730:ed04:12a4:1cdf:8a65 GET /pages/admin/index.php | addslashes(): Passing null to parameter #1 ($string) of type string is deprecated (index.php:297) [errno=8192] | trace=index.php:297 addslashes | GET{} POST{}
[2025-08-17 21:33:20] ERROR     RID=0d617acd86a97c77 UID=3 IP=2a01:e0a:992:1730:ed04:12a4:1cdf:8a65 GET /pages/admin/index.php | addslashes(): Passing null to parameter #1 ($string) of type string is deprecated (index.php:398) [errno=8192] | trace=index.php:398 addslashes | GET{} POST{}
[2025-08-17 21:33:20] ERROR     RID=0d617acd86a97c77 UID=3 IP=2a01:e0a:992:1730:ed04:12a4:1cdf:8a65 GET /pages/admin/index.php | addslashes(): Passing null to parameter #1 ($string) of type string is deprecated (index.php:398) [errno=8192] | trace=index.php:398 addslashes | GET{} POST{}
[2025-08-17 21:33:20] REQUEST_START RID=4565538030ee8cb7 UID=3 IP=2a01:e0a:992:1730:ed04:12a4:1cdf:8a65 GET /pages/admin/index.php | Début de traitement | GET{} POST{}
[2025-08-17 21:33:20] ERROR     RID=4565538030ee8cb7 UID=3 IP=2a01:e0a:992:1730:ed04:12a4:1cdf:8a65 GET /pages/admin/index.php | addslashes(): Passing null to parameter #1 ($string) of type string is deprecated (index.php:297) [errno=8192] | trace=index.php:297 addslashes | GET{} POST{}
[2025-08-17 21:33:20] ERROR     RID=4565538030ee8cb7 UID=3 IP=2a01:e0a:992:1730:ed04:12a4:1cdf:8a65 GET /pages/admin/index.php | addslashes(): Passing null to parameter #1 ($string) of type string is deprecated (index.php:297) [errno=8192] | trace=index.php:297 addslashes | GET{} POST{}
[2025-08-17 21:33:20] ERROR     RID=4565538030ee8cb7 UID=3 IP=2a01:e0a:992:1730:ed04:12a4:1cdf:8a65 GET /pages/admin/index.php | addslashes(): Passing null to parameter #1 ($string) of type string is deprecated (index.php:398) [errno=8192] | trace=index.php:398 addslashes | GET{} POST{}
[2025-08-17 21:33:20] ERROR     RID=4565538030ee8cb7 UID=3 IP=2a01:e0a:992:1730:ed04:12a4:1cdf:8a65 GET /pages/admin/index.php | addslashes(): Passing null to parameter #1 ($string) of type string is deprecated (index.php:398) [errno=8192] | trace=index.php:398 addslashes | GET{} POST{}
[2025-08-17 21:33:33] REQUEST_START RID=9ccaf77a33466ff1 UID=3 IP=2a01:e0a:992:1730:ed04:12a4:1cdf:8a65 GET /accueil.php | Début de traitement | GET{} POST{}
[2025-08-17 21:33:34] REQUEST_START RID=5f907c946b151d61 UID=3 IP=2a01:e0a:992:1730:ed04:12a4:1cdf:8a65 GET /api/ggd/check_ggd_info.php | Début de traitement | GET{} POST{}
[2025-08-17 21:34:26] REQUEST_START RID=0d2196bd6fbc6baf UID=3 IP=2a01:e0a:992:1730:ed04:12a4:1cdf:8a65 GET /accueil.php | Début de traitement | GET{} POST{}
[2025-08-17 21:34:27] REQUEST_START RID=d9afdbb186775617 UID=3 IP=2a01:e0a:992:1730:ed04:12a4:1cdf:8a65 GET /api/ggd/check_ggd_info.php | Début de traitement | GET{} POST{}
[2025-08-17 21:34:39] REQUEST_START RID=cd53730ff0a23595 UID=3 IP=2a01:e0a:992:1730:ed04:12a4:1cdf:8a65 GET /pages/user/natinfs_contrib.php | Début de traitement | GET{} POST{}
[2025-08-17 21:34:39] REQUEST_START RID=9435a5d848c4d800 UID=3 IP=2a01:e0a:992:1730:ed04:12a4:1cdf:8a65 GET /pages/user/api/natinf/get_contrib_natinfs.php?page=1&search=&filter=all&limit=10 | Début de traitement | GET{page=1 | search= | filter=all | limit=10} POST{}
[2025-08-17 21:34:59] REQUEST_START RID=1f7ab3d3d79f3dc6 UID=3 IP=2a01:e0a:992:1730:ed04:12a4:1cdf:8a65 GET /pages/user/api/natinf/get_contrib_natinfs.php?page=1&search=e&filter=all&limit=10 | Début de traitement | GET{page=1 | search=e | filter=all | limit=10} POST{}
[2025-08-17 21:35:00] REQUEST_START RID=00d95cc380f08655 UID=3 IP=2a01:e0a:992:1730:ed04:12a4:1cdf:8a65 GET /pages/user/api/natinf/get_contrib_natinfs.php?page=1&search=&filter=all&limit=10 | Début de traitement | GET{page=1 | search= | filter=all | limit=10} POST{}
[2025-08-17 21:35:04] REQUEST_START RID=9ebe8699673f00a5 UID=3 IP=2a01:e0a:992:1730:ed04:12a4:1cdf:8a65 GET /pages/user/api/natinf/get_contrib_natinfs.php?page=1&search=e&filter=all&limit=10 | Début de traitement | GET{page=1 | search=e | filter=all | limit=10} POST{}
[2025-08-17 21:35:45] REQUEST_START RID=347024b333591880 UID=3 IP=2a01:e0a:992:1730:ed04:12a4:1cdf:8a65 GET /accueil.php | Début de traitement | GET{} POST{}
[2025-08-17 21:35:47] REQUEST_START RID=26a09e9a188416f1 UID=3 IP=2a01:e0a:992:1730:ed04:12a4:1cdf:8a65 GET /api/ggd/check_ggd_info.php | Début de traitement | GET{} POST{}
[2025-08-17 21:35:47] REQUEST_START RID=617d076802fdafb7 UID=3 IP=2a01:e0a:992:1730:ed04:12a4:1cdf:8a65 GET /pages/user/natinfs_contrib.php | Début de traitement | GET{} POST{}
[2025-08-17 21:35:47] REQUEST_START RID=15f46f7090e30857 UID=3 IP=2a01:e0a:992:1730:ed04:12a4:1cdf:8a65 GET /pages/user/api/natinf/get_contrib_natinfs.php?page=1&search=&filter=all&limit=10 | Début de traitement | GET{page=1 | search= | filter=all | limit=10} POST{}
[2025-08-17 21:35:49] REQUEST_START RID=03788a5d25391fe3 UID=3 IP=2a01:e0a:992:1730:ed04:12a4:1cdf:8a65 GET /accueil.php | Début de traitement | GET{} POST{}
[2025-08-17 21:35:50] REQUEST_START RID=7bf4b584daacb840 UID=3 IP=2a01:e0a:992:1730:ed04:12a4:1cdf:8a65 GET /api/ggd/check_ggd_info.php | Début de traitement | GET{} POST{}
[2025-08-17 21:35:50] REQUEST_START RID=7f55973be58b3091 UID=3 IP=2a01:e0a:992:1730:ed04:12a4:1cdf:8a65 GET /pages/user/natinfs_contrib.php | Début de traitement | GET{} POST{}
[2025-08-17 21:35:50] REQUEST_START RID=fd2e577f3672300e UID=3 IP=2a01:e0a:992:1730:ed04:12a4:1cdf:8a65 GET /pages/user/api/natinf/get_contrib_natinfs.php?page=1&search=&filter=all&limit=10 | Début de traitement | GET{page=1 | search= | filter=all | limit=10} POST{}
[2025-08-17 21:35:53] REQUEST_START RID=50c1c3bcefa0680c UID=3 IP=2a01:e0a:992:1730:ed04:12a4:1cdf:8a65 GET /pages/user/natinfs_updated.php | Début de traitement | GET{} POST{}
[2025-08-17 21:35:54] REQUEST_START RID=48abbe5af0a2b3e7 UID=3 IP=2a01:e0a:992:1730:ed04:12a4:1cdf:8a65 GET /api/favorites/get_favorites.php | Début de traitement | GET{} POST{}
[2025-08-17 21:35:54] REQUEST_START RID=3090051795c5c824 UID=3 IP=2a01:e0a:992:1730:ed04:12a4:1cdf:8a65 GET /api/favorites/get_favorites.php | Début de traitement | GET{} POST{}
